[2020-11-27T08:19:31.532-0300][gc,heap] Heap region size: 1M
[2020-11-27T08:19:31.538-0300][gc     ] Using G1
[2020-11-27T08:19:31.538-0300][gc,heap,coops] Heap address: 0x00000000c0000000, size: 1024 MB, Compressed Oops mode: 32-bit
[2020-11-27T08:19:31.538-0300][gc,cds       ] Mark closed archive regions in map: [0x00000000ffe00000, 0x00000000ffe6aff8]
[2020-11-27T08:19:31.538-0300][gc,cds       ] Mark open archive regions in map: [0x00000000ffc00000, 0x00000000ffc46ff8]
[2020-11-27T08:19:32.392-0300][gc,start     ] GC(0) Pause Young (Normal) (G1 Evacuation Pause)
[2020-11-27T08:19:32.393-0300][gc,task      ] GC(0) Using 8 workers of 8 for evacuation
[2020-11-27T08:19:32.402-0300][gc,phases    ] GC(0)   Pre Evacuate Collection Set: 0,0ms
[2020-11-27T08:19:32.402-0300][gc,phases    ] GC(0)   Evacuate Collection Set: 8,6ms
[2020-11-27T08:19:32.402-0300][gc,phases    ] GC(0)   Post Evacuate Collection Set: 0,4ms
[2020-11-27T08:19:32.402-0300][gc,phases    ] GC(0)   Other: 0,8ms
[2020-11-27T08:19:32.402-0300][gc,heap      ] GC(0) Eden regions: 51->0(44)
[2020-11-27T08:19:32.402-0300][gc,heap      ] GC(0) Survivor regions: 0->7(7)
[2020-11-27T08:19:32.402-0300][gc,heap      ] GC(0) Old regions: 2->2
[2020-11-27T08:19:32.402-0300][gc,heap      ] GC(0) Humongous regions: 0->0
[2020-11-27T08:19:32.402-0300][gc,metaspace ] GC(0) Metaspace: 15846K->15846K(1062912K)
[2020-11-27T08:19:32.402-0300][gc           ] GC(0) Pause Young (Normal) (G1 Evacuation Pause) 51M->6M(1024M) 9,872ms
[2020-11-27T08:19:32.402-0300][gc,cpu       ] GC(0) User=0,06s Sys=0,00s Real=0,01s
[2020-11-27T08:19:32.665-0300][gc,start     ] GC(1) Pause Young (Concurrent Start) (Metadata GC Threshold)
[2020-11-27T08:19:32.665-0300][gc,task      ] GC(1) Using 8 workers of 8 for evacuation
[2020-11-27T08:19:32.671-0300][gc,phases    ] GC(1)   Pre Evacuate Collection Set: 0,0ms
[2020-11-27T08:19:32.671-0300][gc,phases    ] GC(1)   Evacuate Collection Set: 5,6ms
[2020-11-27T08:19:32.671-0300][gc,phases    ] GC(1)   Post Evacuate Collection Set: 0,4ms
[2020-11-27T08:19:32.671-0300][gc,phases    ] GC(1)   Other: 0,2ms
[2020-11-27T08:19:32.671-0300][gc,heap      ] GC(1) Eden regions: 21->0(49)
[2020-11-27T08:19:32.671-0300][gc,heap      ] GC(1) Survivor regions: 7->2(7)
[2020-11-27T08:19:32.671-0300][gc,heap      ] GC(1) Old regions: 2->9
[2020-11-27T08:19:32.671-0300][gc,heap      ] GC(1) Humongous regions: 129->129
[2020-11-27T08:19:32.671-0300][gc,metaspace ] GC(1) Metaspace: 20632K->20632K(1067008K)
[2020-11-27T08:19:32.671-0300][gc           ] GC(1) Pause Young (Concurrent Start) (Metadata GC Threshold) 156M->137M(1024M) 6,282ms
[2020-11-27T08:19:32.671-0300][gc,cpu       ] GC(1) User=0,02s Sys=0,01s Real=0,01s
[2020-11-27T08:19:32.671-0300][gc           ] GC(2) Concurrent Cycle
[2020-11-27T08:19:32.671-0300][gc,marking   ] GC(2) Concurrent Clear Claimed Marks
[2020-11-27T08:19:32.671-0300][gc,marking   ] GC(2) Concurrent Clear Claimed Marks 0,013ms
[2020-11-27T08:19:32.671-0300][gc,marking   ] GC(2) Concurrent Scan Root Regions
[2020-11-27T08:19:32.672-0300][gc,marking   ] GC(2) Concurrent Scan Root Regions 0,597ms
[2020-11-27T08:19:32.672-0300][gc,marking   ] GC(2) Concurrent Mark (1,142s)
[2020-11-27T08:19:32.672-0300][gc,marking   ] GC(2) Concurrent Mark From Roots
[2020-11-27T08:19:32.672-0300][gc,task      ] GC(2) Using 2 workers of 2 for marking
[2020-11-27T08:19:32.678-0300][gc,marking   ] GC(2) Concurrent Mark From Roots 6,602ms
[2020-11-27T08:19:32.678-0300][gc,marking   ] GC(2) Concurrent Preclean
[2020-11-27T08:19:32.678-0300][gc,marking   ] GC(2) Concurrent Preclean 0,092ms
[2020-11-27T08:19:32.678-0300][gc,marking   ] GC(2) Concurrent Mark (1,142s, 1,149s) 6,730ms
[2020-11-27T08:19:32.678-0300][gc,start     ] GC(2) Pause Remark
[2020-11-27T08:19:32.680-0300][gc,stringtable] GC(2) Cleaned string and symbol table, strings: 5099 processed, 0 removed, symbols: 51048 processed, 44 removed
[2020-11-27T08:19:32.680-0300][gc            ] GC(2) Pause Remark 138M->138M(1024M) 1,881ms
[2020-11-27T08:19:32.680-0300][gc,cpu        ] GC(2) User=0,01s Sys=0,00s Real=0,00s
[2020-11-27T08:19:32.680-0300][gc,marking    ] GC(2) Concurrent Rebuild Remembered Sets
[2020-11-27T08:19:32.683-0300][gc,marking    ] GC(2) Concurrent Rebuild Remembered Sets 2,870ms
[2020-11-27T08:19:32.683-0300][gc,start      ] GC(2) Pause Cleanup
[2020-11-27T08:19:32.684-0300][gc            ] GC(2) Pause Cleanup 138M->138M(1024M) 0,218ms
[2020-11-27T08:19:32.684-0300][gc,cpu        ] GC(2) User=0,00s Sys=0,00s Real=0,00s
[2020-11-27T08:19:32.684-0300][gc,marking    ] GC(2) Concurrent Cleanup for Next Mark
[2020-11-27T08:19:32.687-0300][gc,marking    ] GC(2) Concurrent Cleanup for Next Mark 3,572ms
[2020-11-27T08:19:32.687-0300][gc            ] GC(2) Concurrent Cycle 16,297ms
[2020-11-27T08:19:33.144-0300][gc,start      ] GC(3) Pause Young (Normal) (G1 Evacuation Pause)
[2020-11-27T08:19:33.144-0300][gc,task       ] GC(3) Using 8 workers of 8 for evacuation
[2020-11-27T08:19:33.147-0300][gc,phases     ] GC(3)   Pre Evacuate Collection Set: 0,0ms
[2020-11-27T08:19:33.147-0300][gc,phases     ] GC(3)   Evacuate Collection Set: 3,0ms
[2020-11-27T08:19:33.147-0300][gc,phases     ] GC(3)   Post Evacuate Collection Set: 0,4ms
[2020-11-27T08:19:33.147-0300][gc,phases     ] GC(3)   Other: 0,1ms
[2020-11-27T08:19:33.147-0300][gc,heap       ] GC(3) Eden regions: 49->0(46)
[2020-11-27T08:19:33.147-0300][gc,heap       ] GC(3) Survivor regions: 2->5(7)
[2020-11-27T08:19:33.147-0300][gc,heap       ] GC(3) Old regions: 9->9
[2020-11-27T08:19:33.147-0300][gc,heap       ] GC(3) Humongous regions: 129->129
[2020-11-27T08:19:33.147-0300][gc,metaspace  ] GC(3) Metaspace: 30298K->30298K(1077248K)
[2020-11-27T08:19:33.147-0300][gc            ] GC(3) Pause Young (Normal) (G1 Evacuation Pause) 186M->140M(1024M) 3,618ms
[2020-11-27T08:19:33.147-0300][gc,cpu        ] GC(3) User=0,03s Sys=0,00s Real=0,01s
[2020-11-27T08:19:33.356-0300][gc,start      ] GC(4) Pause Young (Concurrent Start) (Metadata GC Threshold)
[2020-11-27T08:19:33.356-0300][gc,task       ] GC(4) Using 8 workers of 8 for evacuation
[2020-11-27T08:19:33.360-0300][gc,phases     ] GC(4)   Pre Evacuate Collection Set: 0,1ms
[2020-11-27T08:19:33.360-0300][gc,phases     ] GC(4)   Evacuate Collection Set: 3,5ms
[2020-11-27T08:19:33.360-0300][gc,phases     ] GC(4)   Post Evacuate Collection Set: 0,5ms
[2020-11-27T08:19:33.360-0300][gc,phases     ] GC(4)   Other: 0,2ms
[2020-11-27T08:19:33.361-0300][gc,heap       ] GC(4) Eden regions: 19->0(46)
[2020-11-27T08:19:33.361-0300][gc,heap       ] GC(4) Survivor regions: 5->5(7)
[2020-11-27T08:19:33.361-0300][gc,heap       ] GC(4) Old regions: 9->10
[2020-11-27T08:19:33.361-0300][gc,heap       ] GC(4) Humongous regions: 129->129
[2020-11-27T08:19:33.361-0300][gc,metaspace  ] GC(4) Metaspace: 34600K->34600K(1081344K)
[2020-11-27T08:19:33.361-0300][gc            ] GC(4) Pause Young (Concurrent Start) (Metadata GC Threshold) 159M->141M(1024M) 4,329ms
[2020-11-27T08:19:33.361-0300][gc,cpu        ] GC(4) User=0,02s Sys=0,00s Real=0,00s
[2020-11-27T08:19:33.361-0300][gc            ] GC(5) Concurrent Cycle
[2020-11-27T08:19:33.361-0300][gc,marking    ] GC(5) Concurrent Clear Claimed Marks
[2020-11-27T08:19:33.361-0300][gc,marking    ] GC(5) Concurrent Clear Claimed Marks 0,048ms
[2020-11-27T08:19:33.361-0300][gc,marking    ] GC(5) Concurrent Scan Root Regions
[2020-11-27T08:19:33.362-0300][gc,marking    ] GC(5) Concurrent Scan Root Regions 1,341ms
[2020-11-27T08:19:33.362-0300][gc,marking    ] GC(5) Concurrent Mark (1,833s)
[2020-11-27T08:19:33.362-0300][gc,marking    ] GC(5) Concurrent Mark From Roots
[2020-11-27T08:19:33.362-0300][gc,task       ] GC(5) Using 2 workers of 2 for marking
[2020-11-27T08:19:33.366-0300][gc,marking    ] GC(5) Concurrent Mark From Roots 4,365ms
[2020-11-27T08:19:33.366-0300][gc,marking    ] GC(5) Concurrent Preclean
[2020-11-27T08:19:33.367-0300][gc,marking    ] GC(5) Concurrent Preclean 0,095ms
[2020-11-27T08:19:33.367-0300][gc,marking    ] GC(5) Concurrent Mark (1,833s, 1,837s) 4,511ms
[2020-11-27T08:19:33.367-0300][gc,start      ] GC(5) Pause Remark
[2020-11-27T08:19:33.368-0300][gc,stringtable] GC(5) Cleaned string and symbol table, strings: 9972 processed, 9 removed, symbols: 80965 processed, 20 removed
[2020-11-27T08:19:33.368-0300][gc            ] GC(5) Pause Remark 141M->141M(1024M) 1,846ms
[2020-11-27T08:19:33.368-0300][gc,cpu        ] GC(5) User=0,01s Sys=0,00s Real=0,00s
[2020-11-27T08:19:33.369-0300][gc,marking    ] GC(5) Concurrent Rebuild Remembered Sets
[2020-11-27T08:19:33.371-0300][gc,marking    ] GC(5) Concurrent Rebuild Remembered Sets 2,202ms
[2020-11-27T08:19:33.371-0300][gc,start      ] GC(5) Pause Cleanup
[2020-11-27T08:19:33.371-0300][gc            ] GC(5) Pause Cleanup 141M->141M(1024M) 0,186ms
[2020-11-27T08:19:33.371-0300][gc,cpu        ] GC(5) User=0,00s Sys=0,00s Real=0,00s
[2020-11-27T08:19:33.371-0300][gc,marking    ] GC(5) Concurrent Cleanup for Next Mark
[2020-11-27T08:19:33.374-0300][gc,marking    ] GC(5) Concurrent Cleanup for Next Mark 2,941ms
[2020-11-27T08:19:33.374-0300][gc            ] GC(5) Concurrent Cycle 13,430ms
[2020-11-27T08:26:02.616-0300][gc,start      ] GC(6) Pause Young (Normal) (G1 Evacuation Pause)
[2020-11-27T08:26:02.616-0300][gc,task       ] GC(6) Using 8 workers of 8 for evacuation
[2020-11-27T08:26:02.624-0300][gc,phases     ] GC(6)   Pre Evacuate Collection Set: 0,0ms
[2020-11-27T08:26:02.624-0300][gc,phases     ] GC(6)   Evacuate Collection Set: 7,3ms
[2020-11-27T08:26:02.625-0300][gc,phases     ] GC(6)   Post Evacuate Collection Set: 0,7ms
[2020-11-27T08:26:02.625-0300][gc,phases     ] GC(6)   Other: 0,2ms
[2020-11-27T08:26:02.625-0300][gc,heap       ] GC(6) Eden regions: 46->0(47)
[2020-11-27T08:26:02.625-0300][gc,heap       ] GC(6) Survivor regions: 5->4(7)
[2020-11-27T08:26:02.625-0300][gc,heap       ] GC(6) Old regions: 10->13
[2020-11-27T08:26:02.625-0300][gc,heap       ] GC(6) Humongous regions: 129->129
[2020-11-27T08:26:02.625-0300][gc,metaspace  ] GC(6) Metaspace: 38716K->38716K(1085440K)
[2020-11-27T08:26:02.625-0300][gc            ] GC(6) Pause Young (Normal) (G1 Evacuation Pause) 187M->143M(1024M) 8,297ms
[2020-11-27T08:26:02.625-0300][gc,cpu        ] GC(6) User=0,05s Sys=0,00s Real=0,00s
[2020-11-27T08:59:03.632-0300][gc,start      ] GC(7) Pause Young (Normal) (G1 Evacuation Pause)
[2020-11-27T08:59:03.632-0300][gc,task       ] GC(7) Using 8 workers of 8 for evacuation
[2020-11-27T08:59:03.644-0300][gc,phases     ] GC(7)   Pre Evacuate Collection Set: 0,0ms
[2020-11-27T08:59:03.644-0300][gc,phases     ] GC(7)   Evacuate Collection Set: 10,3ms
[2020-11-27T08:59:03.644-0300][gc,phases     ] GC(7)   Post Evacuate Collection Set: 1,2ms
[2020-11-27T08:59:03.644-0300][gc,phases     ] GC(7)   Other: 0,4ms
[2020-11-27T08:59:03.644-0300][gc,heap       ] GC(7) Eden regions: 47->0(47)
[2020-11-27T08:59:03.644-0300][gc,heap       ] GC(7) Survivor regions: 4->4(7)
[2020-11-27T08:59:03.644-0300][gc,heap       ] GC(7) Old regions: 13->13
[2020-11-27T08:59:03.644-0300][gc,heap       ] GC(7) Humongous regions: 129->129
[2020-11-27T08:59:03.644-0300][gc,metaspace  ] GC(7) Metaspace: 38937K->38937K(1085440K)
[2020-11-27T08:59:03.644-0300][gc            ] GC(7) Pause Young (Normal) (G1 Evacuation Pause) 190M->143M(1024M) 12,282ms
[2020-11-27T08:59:03.644-0300][gc,cpu        ] GC(7) User=0,07s Sys=0,00s Real=0,01s
[2020-11-27T09:34:53.632-0300][gc,start      ] GC(8) Pause Young (Normal) (G1 Evacuation Pause)
[2020-11-27T09:34:53.632-0300][gc,task       ] GC(8) Using 8 workers of 8 for evacuation
[2020-11-27T09:34:53.642-0300][gc,phases     ] GC(8)   Pre Evacuate Collection Set: 0,1ms
[2020-11-27T09:34:53.643-0300][gc,phases     ] GC(8)   Evacuate Collection Set: 8,1ms
[2020-11-27T09:34:53.643-0300][gc,phases     ] GC(8)   Post Evacuate Collection Set: 1,8ms
[2020-11-27T09:34:53.643-0300][gc,phases     ] GC(8)   Other: 0,5ms
[2020-11-27T09:34:53.643-0300][gc,heap       ] GC(8) Eden regions: 47->0(47)
[2020-11-27T09:34:53.643-0300][gc,heap       ] GC(8) Survivor regions: 4->4(7)
[2020-11-27T09:34:53.643-0300][gc,heap       ] GC(8) Old regions: 13->13
[2020-11-27T09:34:53.643-0300][gc,heap       ] GC(8) Humongous regions: 129->129
[2020-11-27T09:34:53.643-0300][gc,metaspace  ] GC(8) Metaspace: 39057K->39057K(1085440K)
[2020-11-27T09:34:53.643-0300][gc            ] GC(8) Pause Young (Normal) (G1 Evacuation Pause) 190M->143M(1024M) 10,716ms
[2020-11-27T09:34:53.643-0300][gc,cpu        ] GC(8) User=0,06s Sys=0,00s Real=0,01s
[2020-11-27T10:11:02.613-0300][gc,start      ] GC(9) Pause Young (Normal) (G1 Evacuation Pause)
[2020-11-27T10:11:02.614-0300][gc,task       ] GC(9) Using 8 workers of 8 for evacuation
[2020-11-27T10:11:02.619-0300][gc,phases     ] GC(9)   Pre Evacuate Collection Set: 0,0ms
[2020-11-27T10:11:02.619-0300][gc,phases     ] GC(9)   Evacuate Collection Set: 3,7ms
[2020-11-27T10:11:02.619-0300][gc,phases     ] GC(9)   Post Evacuate Collection Set: 1,3ms
[2020-11-27T10:11:02.619-0300][gc,phases     ] GC(9)   Other: 0,2ms
[2020-11-27T10:11:02.619-0300][gc,heap       ] GC(9) Eden regions: 47->0(51)
[2020-11-27T10:11:02.619-0300][gc,heap       ] GC(9) Survivor regions: 4->4(7)
[2020-11-27T10:11:02.619-0300][gc,heap       ] GC(9) Old regions: 13->13
[2020-11-27T10:11:02.619-0300][gc,heap       ] GC(9) Humongous regions: 129->129
[2020-11-27T10:11:02.619-0300][gc,metaspace  ] GC(9) Metaspace: 39101K->39101K(1085440K)
[2020-11-27T10:11:02.619-0300][gc            ] GC(9) Pause Young (Normal) (G1 Evacuation Pause) 190M->144M(1024M) 5,229ms
[2020-11-27T10:11:02.619-0300][gc,cpu        ] GC(9) User=0,03s Sys=0,00s Real=0,01s
[2020-11-27T10:49:48.632-0300][gc,start      ] GC(10) Pause Young (Normal) (G1 Evacuation Pause)
[2020-11-27T10:49:48.632-0300][gc,task       ] GC(10) Using 8 workers of 8 for evacuation
[2020-11-27T10:49:48.647-0300][gc,phases     ] GC(10)   Pre Evacuate Collection Set: 0,1ms
[2020-11-27T10:49:48.647-0300][gc,phases     ] GC(10)   Evacuate Collection Set: 9,9ms
[2020-11-27T10:49:48.647-0300][gc,phases     ] GC(10)   Post Evacuate Collection Set: 4,3ms
[2020-11-27T10:49:48.647-0300][gc,phases     ] GC(10)   Other: 0,5ms
[2020-11-27T10:49:48.647-0300][gc,heap       ] GC(10) Eden regions: 51->0(54)
[2020-11-27T10:49:48.647-0300][gc,heap       ] GC(10) Survivor regions: 4->4(7)
[2020-11-27T10:49:48.647-0300][gc,heap       ] GC(10) Old regions: 13->13
[2020-11-27T10:49:48.647-0300][gc,heap       ] GC(10) Humongous regions: 129->129
[2020-11-27T10:49:48.647-0300][gc,metaspace  ] GC(10) Metaspace: 39146K->39146K(1085440K)
[2020-11-27T10:49:48.647-0300][gc            ] GC(10) Pause Young (Normal) (G1 Evacuation Pause) 195M->143M(1024M) 14,981ms
[2020-11-27T10:49:48.647-0300][gc,cpu        ] GC(10) User=0,09s Sys=0,00s Real=0,02s
[2020-11-27T11:29:57.892-0300][gc,start      ] GC(11) Pause Young (Normal) (G1 Evacuation Pause)
[2020-11-27T11:29:57.892-0300][gc,task       ] GC(11) Using 8 workers of 8 for evacuation
[2020-11-27T11:29:57.899-0300][gc,phases     ] GC(11)   Pre Evacuate Collection Set: 0,0ms
[2020-11-27T11:29:57.899-0300][gc,phases     ] GC(11)   Evacuate Collection Set: 5,9ms
[2020-11-27T11:29:57.899-0300][gc,phases     ] GC(11)   Post Evacuate Collection Set: 1,1ms
[2020-11-27T11:29:57.899-0300][gc,phases     ] GC(11)   Other: 0,4ms
[2020-11-27T11:29:57.899-0300][gc,heap       ] GC(11) Eden regions: 54->0(60)
[2020-11-27T11:29:57.899-0300][gc,heap       ] GC(11) Survivor regions: 4->4(8)
[2020-11-27T11:29:57.899-0300][gc,heap       ] GC(11) Old regions: 13->13
[2020-11-27T11:29:57.899-0300][gc,heap       ] GC(11) Humongous regions: 129->129
[2020-11-27T11:29:57.899-0300][gc,metaspace  ] GC(11) Metaspace: 39254K->39254K(1085440K)
[2020-11-27T11:29:57.899-0300][gc            ] GC(11) Pause Young (Normal) (G1 Evacuation Pause) 197M->144M(1024M) 7,513ms
[2020-11-27T11:29:57.899-0300][gc,cpu        ] GC(11) User=0,05s Sys=0,00s Real=0,01s
