[2020-11-23T18:38:26.782-0300][gc,heap] Heap region size: 1M
[2020-11-23T18:38:26.788-0300][gc     ] Using G1
[2020-11-23T18:38:26.788-0300][gc,heap,coops] Heap address: 0x00000000c0000000, size: 1024 MB, Compressed Oops mode: 32-bit
[2020-11-23T18:38:27.416-0300][gc,start     ] GC(0) Pause Young (Concurrent Start) (Metadata GC Threshold)
[2020-11-23T18:38:27.416-0300][gc,task      ] GC(0) Using 8 workers of 8 for evacuation
[2020-11-23T18:38:27.421-0300][gc,phases    ] GC(0)   Pre Evacuate Collection Set: 0,0ms
[2020-11-23T18:38:27.421-0300][gc,phases    ] GC(0)   Evacuate Collection Set: 4,5ms
[2020-11-23T18:38:27.421-0300][gc,phases    ] GC(0)   Post Evacuate Collection Set: 0,4ms
[2020-11-23T18:38:27.421-0300][gc,phases    ] GC(0)   Other: 0,7ms
[2020-11-23T18:38:27.421-0300][gc,heap      ] GC(0) Eden regions: 41->0(44)
[2020-11-23T18:38:27.421-0300][gc,heap      ] GC(0) Survivor regions: 0->7(7)
[2020-11-23T18:38:27.421-0300][gc,heap      ] GC(0) Old regions: 0->0
[2020-11-23T18:38:27.421-0300][gc,heap      ] GC(0) Humongous regions: 0->0
[2020-11-23T18:38:27.421-0300][gc,metaspace ] GC(0) Metaspace: 20779K->20779K(1069056K)
[2020-11-23T18:38:27.421-0300][gc           ] GC(0) Pause Young (Concurrent Start) (Metadata GC Threshold) 40M->6M(1024M) 5,633ms
[2020-11-23T18:38:27.421-0300][gc,cpu       ] GC(0) User=0,01s Sys=0,00s Real=0,00s
[2020-11-23T18:38:27.421-0300][gc           ] GC(1) Concurrent Cycle
[2020-11-23T18:38:27.421-0300][gc,marking   ] GC(1) Concurrent Clear Claimed Marks
[2020-11-23T18:38:27.421-0300][gc,marking   ] GC(1) Concurrent Clear Claimed Marks 0,008ms
[2020-11-23T18:38:27.421-0300][gc,marking   ] GC(1) Concurrent Scan Root Regions
[2020-11-23T18:38:27.422-0300][gc,marking   ] GC(1) Concurrent Scan Root Regions 1,073ms
[2020-11-23T18:38:27.422-0300][gc,marking   ] GC(1) Concurrent Mark (0,643s)
[2020-11-23T18:38:27.422-0300][gc,marking   ] GC(1) Concurrent Mark From Roots
[2020-11-23T18:38:27.422-0300][gc,task      ] GC(1) Using 2 workers of 2 for marking
[2020-11-23T18:38:27.423-0300][gc,marking   ] GC(1) Concurrent Mark From Roots 0,378ms
[2020-11-23T18:38:27.423-0300][gc,marking   ] GC(1) Concurrent Preclean
[2020-11-23T18:38:27.423-0300][gc,marking   ] GC(1) Concurrent Preclean 0,081ms
[2020-11-23T18:38:27.423-0300][gc,marking   ] GC(1) Concurrent Mark (0,643s, 0,643s) 0,472ms
[2020-11-23T18:38:27.423-0300][gc,start     ] GC(1) Pause Remark
[2020-11-23T18:38:27.425-0300][gc,stringtable] GC(1) Cleaned string and symbol table, strings: 7567 processed, 0 removed, symbols: 64336 processed, 29 removed
[2020-11-23T18:38:27.425-0300][gc            ] GC(1) Pause Remark 6M->6M(1024M) 1,697ms
[2020-11-23T18:38:27.425-0300][gc,cpu        ] GC(1) User=0,01s Sys=0,00s Real=0,00s
[2020-11-23T18:38:27.425-0300][gc,marking    ] GC(1) Concurrent Rebuild Remembered Sets
[2020-11-23T18:38:27.425-0300][gc,marking    ] GC(1) Concurrent Rebuild Remembered Sets 0,098ms
[2020-11-23T18:38:27.425-0300][gc,start      ] GC(1) Pause Cleanup
[2020-11-23T18:38:27.425-0300][gc            ] GC(1) Pause Cleanup 6M->6M(1024M) 0,180ms
[2020-11-23T18:38:27.425-0300][gc,cpu        ] GC(1) User=0,00s Sys=0,00s Real=0,00s
[2020-11-23T18:38:27.425-0300][gc,marking    ] GC(1) Concurrent Cleanup for Next Mark
[2020-11-23T18:38:27.428-0300][gc,marking    ] GC(1) Concurrent Cleanup for Next Mark 2,755ms
[2020-11-23T18:38:27.428-0300][gc            ] GC(1) Concurrent Cycle 6,710ms
[2020-11-23T18:38:28.027-0300][gc,start      ] GC(2) Pause Young (Normal) (G1 Evacuation Pause)
[2020-11-23T18:38:28.027-0300][gc,task       ] GC(2) Using 8 workers of 8 for evacuation
[2020-11-23T18:38:28.031-0300][gc,phases     ] GC(2)   Pre Evacuate Collection Set: 0,0ms
[2020-11-23T18:38:28.031-0300][gc,phases     ] GC(2)   Evacuate Collection Set: 3,2ms
[2020-11-23T18:38:28.031-0300][gc,phases     ] GC(2)   Post Evacuate Collection Set: 0,5ms
[2020-11-23T18:38:28.031-0300][gc,phases     ] GC(2)   Other: 0,1ms
[2020-11-23T18:38:28.031-0300][gc,heap       ] GC(2) Eden regions: 44->0(48)
[2020-11-23T18:38:28.031-0300][gc,heap       ] GC(2) Survivor regions: 7->3(7)
[2020-11-23T18:38:28.031-0300][gc,heap       ] GC(2) Old regions: 0->7
[2020-11-23T18:38:28.031-0300][gc,heap       ] GC(2) Humongous regions: 129->129
[2020-11-23T18:38:28.031-0300][gc,metaspace  ] GC(2) Metaspace: 30712K->30712K(1077248K)
[2020-11-23T18:38:28.031-0300][gc            ] GC(2) Pause Young (Normal) (G1 Evacuation Pause) 179M->137M(1024M) 3,858ms
[2020-11-23T18:38:28.031-0300][gc,cpu        ] GC(2) User=0,03s Sys=0,00s Real=0,01s
[2020-11-23T18:38:28.240-0300][gc,start      ] GC(3) Pause Young (Concurrent Start) (Metadata GC Threshold)
[2020-11-23T18:38:28.240-0300][gc,task       ] GC(3) Using 8 workers of 8 for evacuation
[2020-11-23T18:38:28.242-0300][gc,phases     ] GC(3)   Pre Evacuate Collection Set: 0,0ms
[2020-11-23T18:38:28.242-0300][gc,phases     ] GC(3)   Evacuate Collection Set: 1,8ms
[2020-11-23T18:38:28.242-0300][gc,phases     ] GC(3)   Post Evacuate Collection Set: 0,3ms
[2020-11-23T18:38:28.242-0300][gc,phases     ] GC(3)   Other: 0,1ms
[2020-11-23T18:38:28.242-0300][gc,heap       ] GC(3) Eden regions: 24->0(46)
[2020-11-23T18:38:28.242-0300][gc,heap       ] GC(3) Survivor regions: 3->5(7)
[2020-11-23T18:38:28.242-0300][gc,heap       ] GC(3) Old regions: 7->7
[2020-11-23T18:38:28.242-0300][gc,heap       ] GC(3) Humongous regions: 129->129
[2020-11-23T18:38:28.242-0300][gc,metaspace  ] GC(3) Metaspace: 34760K->34760K(1081344K)
[2020-11-23T18:38:28.242-0300][gc            ] GC(3) Pause Young (Concurrent Start) (Metadata GC Threshold) 161M->139M(1024M) 2,286ms
[2020-11-23T18:38:28.242-0300][gc,cpu        ] GC(3) User=0,01s Sys=0,00s Real=0,01s
[2020-11-23T18:38:28.242-0300][gc            ] GC(4) Concurrent Cycle
[2020-11-23T18:38:28.242-0300][gc,marking    ] GC(4) Concurrent Clear Claimed Marks
[2020-11-23T18:38:28.242-0300][gc,marking    ] GC(4) Concurrent Clear Claimed Marks 0,016ms
[2020-11-23T18:38:28.242-0300][gc,marking    ] GC(4) Concurrent Scan Root Regions
[2020-11-23T18:38:28.244-0300][gc,marking    ] GC(4) Concurrent Scan Root Regions 1,324ms
[2020-11-23T18:38:28.244-0300][gc,marking    ] GC(4) Concurrent Mark (1,464s)
[2020-11-23T18:38:28.244-0300][gc,marking    ] GC(4) Concurrent Mark From Roots
[2020-11-23T18:38:28.244-0300][gc,task       ] GC(4) Using 2 workers of 2 for marking
[2020-11-23T18:38:28.248-0300][gc,marking    ] GC(4) Concurrent Mark From Roots 4,296ms
[2020-11-23T18:38:28.248-0300][gc,marking    ] GC(4) Concurrent Preclean
[2020-11-23T18:38:28.248-0300][gc,marking    ] GC(4) Concurrent Preclean 0,096ms
[2020-11-23T18:38:28.248-0300][gc,marking    ] GC(4) Concurrent Mark (1,464s, 1,468s) 4,431ms
[2020-11-23T18:38:28.248-0300][gc,start      ] GC(4) Pause Remark
[2020-11-23T18:38:28.250-0300][gc,stringtable] GC(4) Cleaned string and symbol table, strings: 11718 processed, 6 removed, symbols: 96901 processed, 24 removed
[2020-11-23T18:38:28.251-0300][gc            ] GC(4) Pause Remark 140M->140M(1024M) 2,440ms
[2020-11-23T18:38:28.251-0300][gc,cpu        ] GC(4) User=0,01s Sys=0,00s Real=0,01s
[2020-11-23T18:38:28.251-0300][gc,marking    ] GC(4) Concurrent Rebuild Remembered Sets
[2020-11-23T18:38:28.253-0300][gc,marking    ] GC(4) Concurrent Rebuild Remembered Sets 2,552ms
[2020-11-23T18:38:28.253-0300][gc,start      ] GC(4) Pause Cleanup
[2020-11-23T18:38:28.254-0300][gc            ] GC(4) Pause Cleanup 140M->140M(1024M) 0,206ms
[2020-11-23T18:38:28.254-0300][gc,cpu        ] GC(4) User=0,00s Sys=0,00s Real=0,00s
[2020-11-23T18:38:28.254-0300][gc,marking    ] GC(4) Concurrent Cleanup for Next Mark
[2020-11-23T18:38:28.257-0300][gc,marking    ] GC(4) Concurrent Cleanup for Next Mark 3,212ms
[2020-11-23T18:38:28.257-0300][gc            ] GC(4) Concurrent Cycle 14,638ms
[2020-11-23T18:52:11.109-0300][gc,start      ] GC(5) Pause Young (Normal) (G1 Evacuation Pause)
[2020-11-23T18:52:11.110-0300][gc,task       ] GC(5) Using 8 workers of 8 for evacuation
[2020-11-23T18:52:11.117-0300][gc,phases     ] GC(5)   Pre Evacuate Collection Set: 0,0ms
[2020-11-23T18:52:11.117-0300][gc,phases     ] GC(5)   Evacuate Collection Set: 6,4ms
[2020-11-23T18:52:11.117-0300][gc,phases     ] GC(5)   Post Evacuate Collection Set: 0,6ms
[2020-11-23T18:52:11.117-0300][gc,phases     ] GC(5)   Other: 0,4ms
[2020-11-23T18:52:11.117-0300][gc,heap       ] GC(5) Eden regions: 46->0(46)
[2020-11-23T18:52:11.117-0300][gc,heap       ] GC(5) Survivor regions: 5->5(7)
[2020-11-23T18:52:11.117-0300][gc,heap       ] GC(5) Old regions: 7->9
[2020-11-23T18:52:11.117-0300][gc,heap       ] GC(5) Humongous regions: 129->129
[2020-11-23T18:52:11.117-0300][gc,metaspace  ] GC(5) Metaspace: 44250K->44250K(1089536K)
[2020-11-23T18:52:11.117-0300][gc            ] GC(5) Pause Young (Normal) (G1 Evacuation Pause) 185M->142M(1024M) 7,485ms
[2020-11-23T18:52:11.117-0300][gc,cpu        ] GC(5) User=0,05s Sys=0,00s Real=0,01s
[2020-11-23T19:02:44.837-0300][gc,start      ] GC(6) Pause Young (Normal) (G1 Evacuation Pause)
[2020-11-23T19:02:44.837-0300][gc,task       ] GC(6) Using 8 workers of 8 for evacuation
[2020-11-23T19:02:44.859-0300][gc,mmu        ] GC(6) MMU target violated: 21,0ms (20,0ms/21,0ms)
[2020-11-23T19:02:44.860-0300][gc,phases     ] GC(6)   Pre Evacuate Collection Set: 0,0ms
[2020-11-23T19:02:44.860-0300][gc,phases     ] GC(6)   Evacuate Collection Set: 20,2ms
[2020-11-23T19:02:44.860-0300][gc,phases     ] GC(6)   Post Evacuate Collection Set: 1,5ms
[2020-11-23T19:02:44.860-0300][gc,phases     ] GC(6)   Other: 0,5ms
[2020-11-23T19:02:44.860-0300][gc,heap       ] GC(6) Eden regions: 46->0(45)
[2020-11-23T19:02:44.860-0300][gc,heap       ] GC(6) Survivor regions: 5->6(7)
[2020-11-23T19:02:44.860-0300][gc,heap       ] GC(6) Old regions: 9->11
[2020-11-23T19:02:44.860-0300][gc,heap       ] GC(6) Humongous regions: 129->129
[2020-11-23T19:02:44.860-0300][gc,metaspace  ] GC(6) Metaspace: 46986K->46986K(1091584K)
[2020-11-23T19:02:44.860-0300][gc            ] GC(6) Pause Young (Normal) (G1 Evacuation Pause) 188M->145M(1024M) 22,463ms
[2020-11-23T19:02:44.860-0300][gc,cpu        ] GC(6) User=0,12s Sys=0,01s Real=0,02s
[2020-11-23T19:16:46.131-0300][gc,start      ] GC(7) Pause Young (Normal) (G1 Evacuation Pause)
[2020-11-23T19:16:46.131-0300][gc,task       ] GC(7) Using 8 workers of 8 for evacuation
[2020-11-23T19:16:46.138-0300][gc,phases     ] GC(7)   Pre Evacuate Collection Set: 0,0ms
[2020-11-23T19:16:46.138-0300][gc,phases     ] GC(7)   Evacuate Collection Set: 6,1ms
[2020-11-23T19:16:46.138-0300][gc,phases     ] GC(7)   Post Evacuate Collection Set: 0,5ms
[2020-11-23T19:16:46.138-0300][gc,phases     ] GC(7)   Other: 0,3ms
[2020-11-23T19:16:46.138-0300][gc,heap       ] GC(7) Eden regions: 45->0(47)
[2020-11-23T19:16:46.138-0300][gc,heap       ] GC(7) Survivor regions: 6->4(7)
[2020-11-23T19:16:46.138-0300][gc,heap       ] GC(7) Old regions: 11->13
[2020-11-23T19:16:46.138-0300][gc,heap       ] GC(7) Humongous regions: 129->129
[2020-11-23T19:16:46.138-0300][gc,metaspace  ] GC(7) Metaspace: 47142K->47142K(1091584K)
[2020-11-23T19:16:46.138-0300][gc            ] GC(7) Pause Young (Normal) (G1 Evacuation Pause) 190M->145M(1024M) 6,921ms
[2020-11-23T19:16:46.138-0300][gc,cpu        ] GC(7) User=0,04s Sys=0,00s Real=0,00s
[2020-11-23T19:32:44.571-0300][gc,start      ] GC(8) Pause Young (Normal) (G1 Evacuation Pause)
[2020-11-23T19:32:44.571-0300][gc,task       ] GC(8) Using 8 workers of 8 for evacuation
[2020-11-23T19:32:44.578-0300][gc,phases     ] GC(8)   Pre Evacuate Collection Set: 0,0ms
[2020-11-23T19:32:44.578-0300][gc,phases     ] GC(8)   Evacuate Collection Set: 5,5ms
[2020-11-23T19:32:44.578-0300][gc,phases     ] GC(8)   Post Evacuate Collection Set: 1,0ms
[2020-11-23T19:32:44.578-0300][gc,phases     ] GC(8)   Other: 0,3ms
[2020-11-23T19:32:44.578-0300][gc,heap       ] GC(8) Eden regions: 47->0(47)
[2020-11-23T19:32:44.578-0300][gc,heap       ] GC(8) Survivor regions: 4->4(7)
[2020-11-23T19:32:44.578-0300][gc,heap       ] GC(8) Old regions: 13->13
[2020-11-23T19:32:44.578-0300][gc,heap       ] GC(8) Humongous regions: 129->129
[2020-11-23T19:32:44.578-0300][gc,metaspace  ] GC(8) Metaspace: 47215K->47215K(1091584K)
[2020-11-23T19:32:44.578-0300][gc            ] GC(8) Pause Young (Normal) (G1 Evacuation Pause) 192M->145M(1024M) 6,946ms
[2020-11-23T19:32:44.578-0300][gc,cpu        ] GC(8) User=0,04s Sys=0,00s Real=0,00s
[2020-11-23T19:48:31.109-0300][gc,start      ] GC(9) Pause Young (Normal) (G1 Evacuation Pause)
[2020-11-23T19:48:31.109-0300][gc,task       ] GC(9) Using 8 workers of 8 for evacuation
[2020-11-23T19:48:31.116-0300][gc,phases     ] GC(9)   Pre Evacuate Collection Set: 0,0ms
[2020-11-23T19:48:31.116-0300][gc,phases     ] GC(9)   Evacuate Collection Set: 5,2ms
[2020-11-23T19:48:31.116-0300][gc,phases     ] GC(9)   Post Evacuate Collection Set: 0,9ms
[2020-11-23T19:48:31.116-0300][gc,phases     ] GC(9)   Other: 0,4ms
[2020-11-23T19:48:31.116-0300][gc,heap       ] GC(9) Eden regions: 47->0(47)
[2020-11-23T19:48:31.116-0300][gc,heap       ] GC(9) Survivor regions: 4->4(7)
[2020-11-23T19:48:31.116-0300][gc,heap       ] GC(9) Old regions: 13->13
[2020-11-23T19:48:31.116-0300][gc,heap       ] GC(9) Humongous regions: 129->129
[2020-11-23T19:48:31.116-0300][gc,metaspace  ] GC(9) Metaspace: 47297K->47297K(1091584K)
[2020-11-23T19:48:31.116-0300][gc            ] GC(9) Pause Young (Normal) (G1 Evacuation Pause) 192M->145M(1024M) 6,621ms
[2020-11-23T19:48:31.116-0300][gc,cpu        ] GC(9) User=0,05s Sys=0,00s Real=0,01s
[2020-11-23T20:05:31.109-0300][gc,start      ] GC(10) Pause Young (Normal) (G1 Evacuation Pause)
[2020-11-23T20:05:31.109-0300][gc,task       ] GC(10) Using 8 workers of 8 for evacuation
[2020-11-23T20:05:31.116-0300][gc,phases     ] GC(10)   Pre Evacuate Collection Set: 0,0ms
[2020-11-23T20:05:31.116-0300][gc,phases     ] GC(10)   Evacuate Collection Set: 5,3ms
[2020-11-23T20:05:31.116-0300][gc,phases     ] GC(10)   Post Evacuate Collection Set: 0,9ms
[2020-11-23T20:05:31.116-0300][gc,phases     ] GC(10)   Other: 0,4ms
[2020-11-23T20:05:31.116-0300][gc,heap       ] GC(10) Eden regions: 47->0(53)
[2020-11-23T20:05:31.116-0300][gc,heap       ] GC(10) Survivor regions: 4->4(7)
[2020-11-23T20:05:31.116-0300][gc,heap       ] GC(10) Old regions: 13->13
[2020-11-23T20:05:31.116-0300][gc,heap       ] GC(10) Humongous regions: 129->129
[2020-11-23T20:05:31.116-0300][gc,metaspace  ] GC(10) Metaspace: 47323K->47323K(1091584K)
[2020-11-23T20:05:31.116-0300][gc            ] GC(10) Pause Young (Normal) (G1 Evacuation Pause) 192M->145M(1024M) 6,613ms
[2020-11-23T20:05:31.116-0300][gc,cpu        ] GC(10) User=0,05s Sys=0,00s Real=0,01s
[2020-11-23T20:24:51.109-0300][gc,start      ] GC(11) Pause Young (Normal) (G1 Evacuation Pause)
[2020-11-23T20:24:51.109-0300][gc,task       ] GC(11) Using 8 workers of 8 for evacuation
[2020-11-23T20:24:51.116-0300][gc,phases     ] GC(11)   Pre Evacuate Collection Set: 0,1ms
[2020-11-23T20:24:51.116-0300][gc,phases     ] GC(11)   Evacuate Collection Set: 5,6ms
[2020-11-23T20:24:51.116-0300][gc,phases     ] GC(11)   Post Evacuate Collection Set: 1,0ms
[2020-11-23T20:24:51.116-0300][gc,phases     ] GC(11)   Other: 0,4ms
[2020-11-23T20:24:51.116-0300][gc,heap       ] GC(11) Eden regions: 53->0(62)
[2020-11-23T20:24:51.116-0300][gc,heap       ] GC(11) Survivor regions: 4->5(8)
[2020-11-23T20:24:51.116-0300][gc,heap       ] GC(11) Old regions: 13->13
[2020-11-23T20:24:51.116-0300][gc,heap       ] GC(11) Humongous regions: 129->129
[2020-11-23T20:24:51.116-0300][gc,metaspace  ] GC(11) Metaspace: 47346K->47346K(1091584K)
[2020-11-23T20:24:51.116-0300][gc            ] GC(11) Pause Young (Normal) (G1 Evacuation Pause) 198M->146M(1024M) 7,112ms
[2020-11-23T20:24:51.116-0300][gc,cpu        ] GC(11) User=0,04s Sys=0,00s Real=0,01s
[2020-11-23T20:46:20.340-0300][gc,start      ] GC(12) Pause Young (Normal) (G1 Evacuation Pause)
[2020-11-23T20:46:20.340-0300][gc,task       ] GC(12) Using 8 workers of 8 for evacuation
[2020-11-23T20:46:20.347-0300][gc,phases     ] GC(12)   Pre Evacuate Collection Set: 0,0ms
[2020-11-23T20:46:20.347-0300][gc,phases     ] GC(12)   Evacuate Collection Set: 5,8ms
[2020-11-23T20:46:20.347-0300][gc,phases     ] GC(12)   Post Evacuate Collection Set: 0,5ms
[2020-11-23T20:46:20.347-0300][gc,phases     ] GC(12)   Other: 0,3ms
[2020-11-23T20:46:20.347-0300][gc,heap       ] GC(12) Eden regions: 62->0(610)
[2020-11-23T20:46:20.347-0300][gc,heap       ] GC(12) Survivor regions: 5->4(9)
[2020-11-23T20:46:20.347-0300][gc,heap       ] GC(12) Old regions: 13->13
[2020-11-23T20:46:20.347-0300][gc,heap       ] GC(12) Humongous regions: 129->129
[2020-11-23T20:46:20.347-0300][gc,metaspace  ] GC(12) Metaspace: 47392K->47392K(1093632K)
[2020-11-23T20:46:20.347-0300][gc            ] GC(12) Pause Young (Normal) (G1 Evacuation Pause) 208M->145M(1024M) 6,747ms
[2020-11-23T20:46:20.347-0300][gc,cpu        ] GC(12) User=0,04s Sys=0,01s Real=0,01s
[2020-11-24T00:29:46.109-0300][gc,start      ] GC(13) Pause Young (Normal) (G1 Evacuation Pause)
[2020-11-24T00:29:46.109-0300][gc,task       ] GC(13) Using 8 workers of 8 for evacuation
[2020-11-24T00:29:46.117-0300][gc,phases     ] GC(13)   Pre Evacuate Collection Set: 0,0ms
[2020-11-24T00:29:46.117-0300][gc,phases     ] GC(13)   Evacuate Collection Set: 6,2ms
[2020-11-24T00:29:46.117-0300][gc,phases     ] GC(13)   Post Evacuate Collection Set: 0,7ms
[2020-11-24T00:29:46.117-0300][gc,phases     ] GC(13)   Other: 0,6ms
[2020-11-24T00:29:46.117-0300][gc,heap       ] GC(13) Eden regions: 610->0(609)
[2020-11-24T00:29:46.117-0300][gc,heap       ] GC(13) Survivor regions: 4->5(77)
[2020-11-24T00:29:46.117-0300][gc,heap       ] GC(13) Old regions: 13->13
[2020-11-24T00:29:46.117-0300][gc,heap       ] GC(13) Humongous regions: 129->129
[2020-11-24T00:29:46.117-0300][gc,metaspace  ] GC(13) Metaspace: 47505K->47505K(1093632K)
[2020-11-24T00:29:46.117-0300][gc            ] GC(13) Pause Young (Normal) (G1 Evacuation Pause) 755M->146M(1024M) 7,503ms
[2020-11-24T00:29:46.117-0300][gc,cpu        ] GC(13) User=0,05s Sys=0,01s Real=0,01s
[2020-11-24T04:12:25.522-0300][gc,start      ] GC(14) Pause Young (Normal) (G1 Evacuation Pause)
[2020-11-24T04:12:25.522-0300][gc,task       ] GC(14) Using 8 workers of 8 for evacuation
[2020-11-24T04:12:25.529-0300][gc,phases     ] GC(14)   Pre Evacuate Collection Set: 0,0ms
[2020-11-24T04:12:25.529-0300][gc,phases     ] GC(14)   Evacuate Collection Set: 5,9ms
[2020-11-24T04:12:25.529-0300][gc,phases     ] GC(14)   Post Evacuate Collection Set: 0,7ms
[2020-11-24T04:12:25.529-0300][gc,phases     ] GC(14)   Other: 0,5ms
[2020-11-24T04:12:25.529-0300][gc,heap       ] GC(14) Eden regions: 609->0(609)
[2020-11-24T04:12:25.529-0300][gc,heap       ] GC(14) Survivor regions: 5->5(77)
[2020-11-24T04:12:25.529-0300][gc,heap       ] GC(14) Old regions: 13->13
[2020-11-24T04:12:25.529-0300][gc,heap       ] GC(14) Humongous regions: 129->129
[2020-11-24T04:12:25.529-0300][gc,metaspace  ] GC(14) Metaspace: 47567K->47567K(1093632K)
[2020-11-24T04:12:25.529-0300][gc            ] GC(14) Pause Young (Normal) (G1 Evacuation Pause) 755M->146M(1024M) 7,202ms
[2020-11-24T04:12:25.529-0300][gc,cpu        ] GC(14) User=0,04s Sys=0,00s Real=0,01s
[2020-11-24T07:55:01.109-0300][gc,start      ] GC(15) Pause Young (Normal) (G1 Evacuation Pause)
[2020-11-24T07:55:01.109-0300][gc,task       ] GC(15) Using 8 workers of 8 for evacuation
[2020-11-24T07:55:01.116-0300][gc,phases     ] GC(15)   Pre Evacuate Collection Set: 0,0ms
[2020-11-24T07:55:01.116-0300][gc,phases     ] GC(15)   Evacuate Collection Set: 6,0ms
[2020-11-24T07:55:01.116-0300][gc,phases     ] GC(15)   Post Evacuate Collection Set: 0,7ms
[2020-11-24T07:55:01.116-0300][gc,phases     ] GC(15)   Other: 0,4ms
[2020-11-24T07:55:01.116-0300][gc,heap       ] GC(15) Eden regions: 609->0(610)
[2020-11-24T07:55:01.116-0300][gc,heap       ] GC(15) Survivor regions: 5->4(77)
[2020-11-24T07:55:01.116-0300][gc,heap       ] GC(15) Old regions: 13->13
[2020-11-24T07:55:01.116-0300][gc,heap       ] GC(15) Humongous regions: 129->129
[2020-11-24T07:55:01.116-0300][gc,metaspace  ] GC(15) Metaspace: 47613K->47613K(1093632K)
[2020-11-24T07:55:01.116-0300][gc            ] GC(15) Pause Young (Normal) (G1 Evacuation Pause) 755M->145M(1024M) 7,179ms
[2020-11-24T07:55:01.116-0300][gc,cpu        ] GC(15) User=0,05s Sys=0,00s Real=0,01s
[2020-11-24T09:17:05.158-0300][gc,start      ] GC(16) Pause Young (Normal) (G1 Evacuation Pause)
[2020-11-24T09:17:05.158-0300][gc,task       ] GC(16) Using 8 workers of 8 for evacuation
[2020-11-24T09:17:05.165-0300][gc,phases     ] GC(16)   Pre Evacuate Collection Set: 0,0ms
[2020-11-24T09:17:05.165-0300][gc,phases     ] GC(16)   Evacuate Collection Set: 4,6ms
[2020-11-24T09:17:05.165-0300][gc,phases     ] GC(16)   Post Evacuate Collection Set: 2,1ms
[2020-11-24T09:17:05.165-0300][gc,phases     ] GC(16)   Other: 0,2ms
[2020-11-24T09:17:05.165-0300][gc,heap       ] GC(16) Eden regions: 610->0(609)
[2020-11-24T09:17:05.165-0300][gc,heap       ] GC(16) Survivor regions: 4->5(77)
[2020-11-24T09:17:05.165-0300][gc,heap       ] GC(16) Old regions: 13->13
[2020-11-24T09:17:05.165-0300][gc,heap       ] GC(16) Humongous regions: 129->129
[2020-11-24T09:17:05.165-0300][gc,metaspace  ] GC(16) Metaspace: 48346K->48346K(1093632K)
[2020-11-24T09:17:05.165-0300][gc            ] GC(16) Pause Young (Normal) (G1 Evacuation Pause) 755M->146M(1024M) 6,994ms
[2020-11-24T09:17:05.165-0300][gc,cpu        ] GC(16) User=0,03s Sys=0,00s Real=0,01s
[2020-11-24T10:01:37.847-0300][gc,start      ] GC(17) Pause Young (Normal) (G1 Evacuation Pause)
[2020-11-24T10:01:37.847-0300][gc,task       ] GC(17) Using 8 workers of 8 for evacuation
[2020-11-24T10:01:37.852-0300][gc,phases     ] GC(17)   Pre Evacuate Collection Set: 0,0ms
[2020-11-24T10:01:37.852-0300][gc,phases     ] GC(17)   Evacuate Collection Set: 3,0ms
[2020-11-24T10:01:37.852-0300][gc,phases     ] GC(17)   Post Evacuate Collection Set: 1,5ms
[2020-11-24T10:01:37.852-0300][gc,phases     ] GC(17)   Other: 0,2ms
[2020-11-24T10:01:37.852-0300][gc,heap       ] GC(17) Eden regions: 609->0(609)
[2020-11-24T10:01:37.852-0300][gc,heap       ] GC(17) Survivor regions: 5->5(77)
[2020-11-24T10:01:37.852-0300][gc,heap       ] GC(17) Old regions: 13->13
[2020-11-24T10:01:37.852-0300][gc,heap       ] GC(17) Humongous regions: 129->129
[2020-11-24T10:01:37.852-0300][gc,metaspace  ] GC(17) Metaspace: 48367K->48367K(1093632K)
[2020-11-24T10:01:37.852-0300][gc            ] GC(17) Pause Young (Normal) (G1 Evacuation Pause) 755M->146M(1024M) 4,684ms
[2020-11-24T10:01:37.852-0300][gc,cpu        ] GC(17) User=0,02s Sys=0,00s Real=0,01s
[2020-11-24T10:59:27.997-0300][gc,start      ] GC(18) Pause Young (Normal) (G1 Evacuation Pause)
[2020-11-24T10:59:27.997-0300][gc,task       ] GC(18) Using 8 workers of 8 for evacuation
[2020-11-24T10:59:28.002-0300][gc,phases     ] GC(18)   Pre Evacuate Collection Set: 0,0ms
[2020-11-24T10:59:28.002-0300][gc,phases     ] GC(18)   Evacuate Collection Set: 3,2ms
[2020-11-24T10:59:28.002-0300][gc,phases     ] GC(18)   Post Evacuate Collection Set: 1,2ms
[2020-11-24T10:59:28.002-0300][gc,phases     ] GC(18)   Other: 0,2ms
[2020-11-24T10:59:28.002-0300][gc,heap       ] GC(18) Eden regions: 609->0(608)
[2020-11-24T10:59:28.002-0300][gc,heap       ] GC(18) Survivor regions: 5->6(77)
[2020-11-24T10:59:28.002-0300][gc,heap       ] GC(18) Old regions: 13->13
[2020-11-24T10:59:28.002-0300][gc,heap       ] GC(18) Humongous regions: 129->129
[2020-11-24T10:59:28.002-0300][gc,metaspace  ] GC(18) Metaspace: 48385K->48385K(1093632K)
[2020-11-24T10:59:28.002-0300][gc            ] GC(18) Pause Young (Normal) (G1 Evacuation Pause) 755M->147M(1024M) 4,641ms
[2020-11-24T10:59:28.002-0300][gc,cpu        ] GC(18) User=0,03s Sys=0,00s Real=0,00s
[2020-11-24T10:59:51.434-0300][gc,start      ] GC(19) Pause Young (Normal) (G1 Evacuation Pause)
[2020-11-24T10:59:51.434-0300][gc,task       ] GC(19) Using 8 workers of 8 for evacuation
[2020-11-24T10:59:51.440-0300][gc,phases     ] GC(19)   Pre Evacuate Collection Set: 0,0ms
[2020-11-24T10:59:51.440-0300][gc,phases     ] GC(19)   Evacuate Collection Set: 4,7ms
[2020-11-24T10:59:51.440-0300][gc,phases     ] GC(19)   Post Evacuate Collection Set: 1,1ms
[2020-11-24T10:59:51.440-0300][gc,phases     ] GC(19)   Other: 0,2ms
[2020-11-24T10:59:51.440-0300][gc,heap       ] GC(19) Eden regions: 608->0(609)
[2020-11-24T10:59:51.440-0300][gc,heap       ] GC(19) Survivor regions: 6->5(77)
[2020-11-24T10:59:51.440-0300][gc,heap       ] GC(19) Old regions: 13->13
[2020-11-24T10:59:51.440-0300][gc,heap       ] GC(19) Humongous regions: 129->129
[2020-11-24T10:59:51.440-0300][gc,metaspace  ] GC(19) Metaspace: 48391K->48391K(1093632K)
[2020-11-24T10:59:51.440-0300][gc            ] GC(19) Pause Young (Normal) (G1 Evacuation Pause) 755M->146M(1024M) 5,983ms
[2020-11-24T10:59:51.440-0300][gc,cpu        ] GC(19) User=0,02s Sys=0,00s Real=0,00s
