[2020-11-23T18:07:34.401-0300][gc,heap] Heap region size: 1M
[2020-11-23T18:07:34.408-0300][gc     ] Using G1
[2020-11-23T18:07:34.408-0300][gc,heap,coops] Heap address: 0x00000000c0000000, size: 1024 MB, Compressed Oops mode: 32-bit
[2020-11-23T18:07:34.915-0300][gc,start     ] GC(0) Pause Young (Concurrent Start) (Metadata GC Threshold)
[2020-11-23T18:07:34.915-0300][gc,task      ] GC(0) Using 8 workers of 8 for evacuation
[2020-11-23T18:07:34.920-0300][gc,phases    ] GC(0)   Pre Evacuate Collection Set: 0,0ms
[2020-11-23T18:07:34.920-0300][gc,phases    ] GC(0)   Evacuate Collection Set: 4,5ms
[2020-11-23T18:07:34.920-0300][gc,phases    ] GC(0)   Post Evacuate Collection Set: 0,5ms
[2020-11-23T18:07:34.920-0300][gc,phases    ] GC(0)   Other: 0,9ms
[2020-11-23T18:07:34.920-0300][gc,heap      ] GC(0) Eden regions: 41->0(44)
[2020-11-23T18:07:34.920-0300][gc,heap      ] GC(0) Survivor regions: 0->7(7)
[2020-11-23T18:07:34.920-0300][gc,heap      ] GC(0) Old regions: 0->0
[2020-11-23T18:07:34.920-0300][gc,heap      ] GC(0) Humongous regions: 0->0
[2020-11-23T18:07:34.920-0300][gc,metaspace ] GC(0) Metaspace: 20731K->20731K(1069056K)
[2020-11-23T18:07:34.920-0300][gc           ] GC(0) Pause Young (Concurrent Start) (Metadata GC Threshold) 40M->6M(1024M) 5,863ms
[2020-11-23T18:07:34.920-0300][gc,cpu       ] GC(0) User=0,01s Sys=0,00s Real=0,00s
[2020-11-23T18:07:34.920-0300][gc           ] GC(1) Concurrent Cycle
[2020-11-23T18:07:34.920-0300][gc,marking   ] GC(1) Concurrent Clear Claimed Marks
[2020-11-23T18:07:34.920-0300][gc,marking   ] GC(1) Concurrent Clear Claimed Marks 0,011ms
[2020-11-23T18:07:34.921-0300][gc,marking   ] GC(1) Concurrent Scan Root Regions
[2020-11-23T18:07:34.922-0300][gc,marking   ] GC(1) Concurrent Scan Root Regions 1,321ms
[2020-11-23T18:07:34.922-0300][gc,marking   ] GC(1) Concurrent Mark (0,523s)
[2020-11-23T18:07:34.922-0300][gc,marking   ] GC(1) Concurrent Mark From Roots
[2020-11-23T18:07:34.922-0300][gc,task      ] GC(1) Using 2 workers of 2 for marking
[2020-11-23T18:07:34.922-0300][gc,marking   ] GC(1) Concurrent Mark From Roots 0,436ms
[2020-11-23T18:07:34.922-0300][gc,marking   ] GC(1) Concurrent Preclean
[2020-11-23T18:07:34.922-0300][gc,marking   ] GC(1) Concurrent Preclean 0,071ms
[2020-11-23T18:07:34.922-0300][gc,marking   ] GC(1) Concurrent Mark (0,523s, 0,523s) 0,526ms
[2020-11-23T18:07:34.923-0300][gc,start     ] GC(1) Pause Remark
[2020-11-23T18:07:34.924-0300][gc,stringtable] GC(1) Cleaned string and symbol table, strings: 7561 processed, 0 removed, symbols: 64249 processed, 31 removed
[2020-11-23T18:07:34.924-0300][gc            ] GC(1) Pause Remark 6M->6M(1024M) 1,758ms
[2020-11-23T18:07:34.924-0300][gc,cpu        ] GC(1) User=0,01s Sys=0,01s Real=0,00s
[2020-11-23T18:07:34.924-0300][gc,marking    ] GC(1) Concurrent Rebuild Remembered Sets
[2020-11-23T18:07:34.924-0300][gc,marking    ] GC(1) Concurrent Rebuild Remembered Sets 0,083ms
[2020-11-23T18:07:34.925-0300][gc,start      ] GC(1) Pause Cleanup
[2020-11-23T18:07:34.925-0300][gc            ] GC(1) Pause Cleanup 6M->6M(1024M) 0,211ms
[2020-11-23T18:07:34.925-0300][gc,cpu        ] GC(1) User=0,00s Sys=0,00s Real=0,00s
[2020-11-23T18:07:34.925-0300][gc,marking    ] GC(1) Concurrent Cleanup for Next Mark
[2020-11-23T18:07:34.928-0300][gc,marking    ] GC(1) Concurrent Cleanup for Next Mark 3,030ms
[2020-11-23T18:07:34.928-0300][gc            ] GC(1) Concurrent Cycle 7,523ms
[2020-11-23T18:07:35.359-0300][gc,heap,exit  ] Heap
[2020-11-23T18:07:35.359-0300][gc,heap,exit  ]  garbage-first heap   total 1048576K, used 30188K [0x00000000c0000000, 0x0000000100000000)
[2020-11-23T18:07:35.359-0300][gc,heap,exit  ]   region size 1024K, 31 young (31744K), 7 survivors (7168K)
[2020-11-23T18:07:35.359-0300][gc,heap,exit  ]  Metaspace       used 26141K, capacity 26606K, committed 27004K, reserved 1073152K
[2020-11-23T18:07:35.359-0300][gc,heap,exit  ]   class space    used 2978K, capacity 3154K, committed 3276K, reserved 1048576K
