[2020-11-23T17:44:13.680-0300][gc,heap] Heap region size: 1M
[2020-11-23T17:44:13.687-0300][gc     ] Using G1
[2020-11-23T17:44:13.687-0300][gc,heap,coops] Heap address: 0x00000000c0000000, size: 1024 MB, Compressed Oops mode: 32-bit
[2020-11-23T17:44:14.212-0300][gc,start     ] GC(0) Pause Young (Concurrent Start) (Metadata GC Threshold)
[2020-11-23T17:44:14.213-0300][gc,task      ] GC(0) Using 8 workers of 8 for evacuation
[2020-11-23T17:44:14.218-0300][gc,phases    ] GC(0)   Pre Evacuate Collection Set: 0,0ms
[2020-11-23T17:44:14.218-0300][gc,phases    ] GC(0)   Evacuate Collection Set: 4,8ms
[2020-11-23T17:44:14.218-0300][gc,phases    ] GC(0)   Post Evacuate Collection Set: 0,4ms
[2020-11-23T17:44:14.218-0300][gc,phases    ] GC(0)   Other: 0,7ms
[2020-11-23T17:44:14.218-0300][gc,heap      ] GC(0) Eden regions: 41->0(44)
[2020-11-23T17:44:14.218-0300][gc,heap      ] GC(0) Survivor regions: 0->7(7)
[2020-11-23T17:44:14.218-0300][gc,heap      ] GC(0) Old regions: 0->0
[2020-11-23T17:44:14.218-0300][gc,heap      ] GC(0) Humongous regions: 0->0
[2020-11-23T17:44:14.218-0300][gc,metaspace ] GC(0) Metaspace: 20643K->20643K(1069056K)
[2020-11-23T17:44:14.218-0300][gc           ] GC(0) Pause Young (Concurrent Start) (Metadata GC Threshold) 40M->6M(1024M) 5,930ms
[2020-11-23T17:44:14.218-0300][gc,cpu       ] GC(0) User=0,01s Sys=0,00s Real=0,01s
[2020-11-23T17:44:14.218-0300][gc           ] GC(1) Concurrent Cycle
[2020-11-23T17:44:14.218-0300][gc,marking   ] GC(1) Concurrent Clear Claimed Marks
[2020-11-23T17:44:14.218-0300][gc,marking   ] GC(1) Concurrent Clear Claimed Marks 0,023ms
[2020-11-23T17:44:14.218-0300][gc,marking   ] GC(1) Concurrent Scan Root Regions
[2020-11-23T17:44:14.220-0300][gc,marking   ] GC(1) Concurrent Scan Root Regions 1,115ms
[2020-11-23T17:44:14.220-0300][gc,marking   ] GC(1) Concurrent Mark (0,542s)
[2020-11-23T17:44:14.220-0300][gc,marking   ] GC(1) Concurrent Mark From Roots
[2020-11-23T17:44:14.220-0300][gc,task      ] GC(1) Using 2 workers of 2 for marking
[2020-11-23T17:44:14.220-0300][gc,marking   ] GC(1) Concurrent Mark From Roots 0,380ms
[2020-11-23T17:44:14.220-0300][gc,marking   ] GC(1) Concurrent Preclean
[2020-11-23T17:44:14.220-0300][gc,marking   ] GC(1) Concurrent Preclean 0,081ms
[2020-11-23T17:44:14.220-0300][gc,marking   ] GC(1) Concurrent Mark (0,542s, 0,542s) 0,473ms
[2020-11-23T17:44:14.220-0300][gc,start     ] GC(1) Pause Remark
[2020-11-23T17:44:14.222-0300][gc,stringtable] GC(1) Cleaned string and symbol table, strings: 7552 processed, 0 removed, symbols: 64215 processed, 33 removed
[2020-11-23T17:44:14.222-0300][gc            ] GC(1) Pause Remark 6M->6M(1024M) 1,685ms
[2020-11-23T17:44:14.222-0300][gc,cpu        ] GC(1) User=0,00s Sys=0,01s Real=0,00s
[2020-11-23T17:44:14.222-0300][gc,marking    ] GC(1) Concurrent Rebuild Remembered Sets
[2020-11-23T17:44:14.222-0300][gc,marking    ] GC(1) Concurrent Rebuild Remembered Sets 0,071ms
[2020-11-23T17:44:14.222-0300][gc,start      ] GC(1) Pause Cleanup
[2020-11-23T17:44:14.222-0300][gc            ] GC(1) Pause Cleanup 6M->6M(1024M) 0,162ms
[2020-11-23T17:44:14.222-0300][gc,cpu        ] GC(1) User=0,00s Sys=0,00s Real=0,00s
[2020-11-23T17:44:14.222-0300][gc,marking    ] GC(1) Concurrent Cleanup for Next Mark
[2020-11-23T17:44:14.225-0300][gc,marking    ] GC(1) Concurrent Cleanup for Next Mark 2,797ms
[2020-11-23T17:44:14.225-0300][gc            ] GC(1) Concurrent Cycle 6,594ms
[2020-11-23T17:44:14.617-0300][gc,start      ] GC(2) Pause Young (Normal) (G1 Evacuation Pause)
[2020-11-23T17:44:14.617-0300][gc,task       ] GC(2) Using 8 workers of 8 for evacuation
[2020-11-23T17:44:14.621-0300][gc,phases     ] GC(2)   Pre Evacuate Collection Set: 0,0ms
[2020-11-23T17:44:14.621-0300][gc,phases     ] GC(2)   Evacuate Collection Set: 3,3ms
[2020-11-23T17:44:14.621-0300][gc,phases     ] GC(2)   Post Evacuate Collection Set: 0,4ms
[2020-11-23T17:44:14.621-0300][gc,phases     ] GC(2)   Other: 0,1ms
[2020-11-23T17:44:14.621-0300][gc,heap       ] GC(2) Eden regions: 44->0(48)
[2020-11-23T17:44:14.621-0300][gc,heap       ] GC(2) Survivor regions: 7->3(7)
[2020-11-23T17:44:14.621-0300][gc,heap       ] GC(2) Old regions: 0->7
[2020-11-23T17:44:14.621-0300][gc,heap       ] GC(2) Humongous regions: 129->129
[2020-11-23T17:44:14.621-0300][gc,metaspace  ] GC(2) Metaspace: 30675K->30675K(1077248K)
[2020-11-23T17:44:14.621-0300][gc            ] GC(2) Pause Young (Normal) (G1 Evacuation Pause) 179M->137M(1024M) 3,875ms
[2020-11-23T17:44:14.621-0300][gc,cpu        ] GC(2) User=0,02s Sys=0,00s Real=0,00s
[2020-11-23T17:44:14.854-0300][gc,start      ] GC(3) Pause Young (Concurrent Start) (Metadata GC Threshold)
[2020-11-23T17:44:14.854-0300][gc,task       ] GC(3) Using 8 workers of 8 for evacuation
[2020-11-23T17:44:14.856-0300][gc,phases     ] GC(3)   Pre Evacuate Collection Set: 0,0ms
[2020-11-23T17:44:14.856-0300][gc,phases     ] GC(3)   Evacuate Collection Set: 1,9ms
[2020-11-23T17:44:14.856-0300][gc,phases     ] GC(3)   Post Evacuate Collection Set: 0,3ms
[2020-11-23T17:44:14.856-0300][gc,phases     ] GC(3)   Other: 0,1ms
[2020-11-23T17:44:14.856-0300][gc,heap       ] GC(3) Eden regions: 25->0(46)
[2020-11-23T17:44:14.856-0300][gc,heap       ] GC(3) Survivor regions: 3->5(7)
[2020-11-23T17:44:14.856-0300][gc,heap       ] GC(3) Old regions: 7->7
[2020-11-23T17:44:14.856-0300][gc,heap       ] GC(3) Humongous regions: 129->129
[2020-11-23T17:44:14.856-0300][gc,metaspace  ] GC(3) Metaspace: 35070K->35070K(1081344K)
[2020-11-23T17:44:14.856-0300][gc            ] GC(3) Pause Young (Concurrent Start) (Metadata GC Threshold) 162M->139M(1024M) 2,397ms
[2020-11-23T17:44:14.856-0300][gc,cpu        ] GC(3) User=0,01s Sys=0,00s Real=0,00s
[2020-11-23T17:44:14.856-0300][gc            ] GC(4) Concurrent Cycle
[2020-11-23T17:44:14.856-0300][gc,marking    ] GC(4) Concurrent Clear Claimed Marks
[2020-11-23T17:44:14.856-0300][gc,marking    ] GC(4) Concurrent Clear Claimed Marks 0,016ms
[2020-11-23T17:44:14.856-0300][gc,marking    ] GC(4) Concurrent Scan Root Regions
[2020-11-23T17:44:14.858-0300][gc,marking    ] GC(4) Concurrent Scan Root Regions 1,602ms
[2020-11-23T17:44:14.858-0300][gc,marking    ] GC(4) Concurrent Mark (1,180s)
[2020-11-23T17:44:14.858-0300][gc,marking    ] GC(4) Concurrent Mark From Roots
[2020-11-23T17:44:14.858-0300][gc,task       ] GC(4) Using 2 workers of 2 for marking
[2020-11-23T17:44:14.864-0300][gc,marking    ] GC(4) Concurrent Mark From Roots 5,569ms
[2020-11-23T17:44:14.864-0300][gc,marking    ] GC(4) Concurrent Preclean
[2020-11-23T17:44:14.864-0300][gc,marking    ] GC(4) Concurrent Preclean 0,529ms
[2020-11-23T17:44:14.864-0300][gc,marking    ] GC(4) Concurrent Mark (1,180s, 1,186s) 6,157ms
[2020-11-23T17:44:14.864-0300][gc,start      ] GC(4) Pause Remark
[2020-11-23T17:44:14.866-0300][gc,stringtable] GC(4) Cleaned string and symbol table, strings: 11775 processed, 6 removed, symbols: 97171 processed, 23 removed
[2020-11-23T17:44:14.867-0300][gc            ] GC(4) Pause Remark 140M->140M(1024M) 2,384ms
[2020-11-23T17:44:14.867-0300][gc,cpu        ] GC(4) User=0,01s Sys=0,00s Real=0,01s
[2020-11-23T17:44:14.867-0300][gc,marking    ] GC(4) Concurrent Rebuild Remembered Sets
[2020-11-23T17:44:14.869-0300][gc,marking    ] GC(4) Concurrent Rebuild Remembered Sets 2,657ms
[2020-11-23T17:44:14.869-0300][gc,start      ] GC(4) Pause Cleanup
[2020-11-23T17:44:14.870-0300][gc            ] GC(4) Pause Cleanup 140M->140M(1024M) 0,243ms
[2020-11-23T17:44:14.870-0300][gc,cpu        ] GC(4) User=0,00s Sys=0,00s Real=0,00s
[2020-11-23T17:44:14.870-0300][gc,marking    ] GC(4) Concurrent Cleanup for Next Mark
[2020-11-23T17:44:14.873-0300][gc,marking    ] GC(4) Concurrent Cleanup for Next Mark 2,819ms
[2020-11-23T17:44:14.873-0300][gc            ] GC(4) Concurrent Cycle 16,272ms
[2020-11-23T17:44:43.488-0300][gc,heap,exit  ] Heap
[2020-11-23T17:44:43.488-0300][gc,heap,exit  ]  garbage-first heap   total 1048576K, used 175623K [0x00000000c0000000, 0x0000000100000000)
[2020-11-23T17:44:43.488-0300][gc,heap,exit  ]   region size 1024K, 39 young (39936K), 5 survivors (5120K)
[2020-11-23T17:44:43.488-0300][gc,heap,exit  ]  Metaspace       used 41613K, capacity 42893K, committed 43056K, reserved 1087488K
[2020-11-23T17:44:43.488-0300][gc,heap,exit  ]   class space    used 4616K, capacity 5166K, committed 5248K, reserved 1048576K
