[2020-11-23T17:46:00.280-0300][gc,heap] Heap region size: 1M
[2020-11-23T17:46:00.295-0300][gc     ] Using G1
[2020-11-23T17:46:00.295-0300][gc,heap,coops] Heap address: 0x00000000c0000000, size: 1024 MB, Compressed Oops mode: 32-bit
[2020-11-23T17:46:01.028-0300][gc,start     ] GC(0) Pause Young (Concurrent Start) (Metadata GC Threshold)
[2020-11-23T17:46:01.029-0300][gc,task      ] GC(0) Using 8 workers of 8 for evacuation
[2020-11-23T17:46:01.035-0300][gc,phases    ] GC(0)   Pre Evacuate Collection Set: 0,0ms
[2020-11-23T17:46:01.035-0300][gc,phases    ] GC(0)   Evacuate Collection Set: 4,9ms
[2020-11-23T17:46:01.035-0300][gc,phases    ] GC(0)   Post Evacuate Collection Set: 0,4ms
[2020-11-23T17:46:01.035-0300][gc,phases    ] GC(0)   Other: 0,8ms
[2020-11-23T17:46:01.035-0300][gc,heap      ] GC(0) Eden regions: 41->0(44)
[2020-11-23T17:46:01.035-0300][gc,heap      ] GC(0) Survivor regions: 0->7(7)
[2020-11-23T17:46:01.035-0300][gc,heap      ] GC(0) Old regions: 0->0
[2020-11-23T17:46:01.035-0300][gc,heap      ] GC(0) Humongous regions: 0->0
[2020-11-23T17:46:01.035-0300][gc,metaspace ] GC(0) Metaspace: 20770K->20770K(1069056K)
[2020-11-23T17:46:01.035-0300][gc           ] GC(0) Pause Young (Concurrent Start) (Metadata GC Threshold) 41M->6M(1024M) 6,178ms
[2020-11-23T17:46:01.035-0300][gc,cpu       ] GC(0) User=0,01s Sys=0,01s Real=0,01s
[2020-11-23T17:46:01.035-0300][gc           ] GC(1) Concurrent Cycle
[2020-11-23T17:46:01.035-0300][gc,marking   ] GC(1) Concurrent Clear Claimed Marks
[2020-11-23T17:46:01.035-0300][gc,marking   ] GC(1) Concurrent Clear Claimed Marks 0,009ms
[2020-11-23T17:46:01.035-0300][gc,marking   ] GC(1) Concurrent Scan Root Regions
[2020-11-23T17:46:01.036-0300][gc,marking   ] GC(1) Concurrent Scan Root Regions 1,221ms
[2020-11-23T17:46:01.036-0300][gc,marking   ] GC(1) Concurrent Mark (0,761s)
[2020-11-23T17:46:01.036-0300][gc,marking   ] GC(1) Concurrent Mark From Roots
[2020-11-23T17:46:01.036-0300][gc,task      ] GC(1) Using 2 workers of 2 for marking
[2020-11-23T17:46:01.036-0300][gc,marking   ] GC(1) Concurrent Mark From Roots 0,351ms
[2020-11-23T17:46:01.036-0300][gc,marking   ] GC(1) Concurrent Preclean
[2020-11-23T17:46:01.036-0300][gc,marking   ] GC(1) Concurrent Preclean 0,068ms
[2020-11-23T17:46:01.036-0300][gc,marking   ] GC(1) Concurrent Mark (0,761s, 0,762s) 0,433ms
[2020-11-23T17:46:01.036-0300][gc,start     ] GC(1) Pause Remark
[2020-11-23T17:46:01.037-0300][gc,stringtable] GC(1) Cleaned string and symbol table, strings: 7558 processed, 0 removed, symbols: 64336 processed, 30 removed
[2020-11-23T17:46:01.038-0300][gc            ] GC(1) Pause Remark 6M->6M(1024M) 1,108ms
[2020-11-23T17:46:01.038-0300][gc,cpu        ] GC(1) User=0,01s Sys=0,00s Real=0,00s
[2020-11-23T17:46:01.038-0300][gc,marking    ] GC(1) Concurrent Rebuild Remembered Sets
[2020-11-23T17:46:01.038-0300][gc,marking    ] GC(1) Concurrent Rebuild Remembered Sets 0,046ms
[2020-11-23T17:46:01.038-0300][gc,start      ] GC(1) Pause Cleanup
[2020-11-23T17:46:01.038-0300][gc            ] GC(1) Pause Cleanup 6M->6M(1024M) 0,099ms
[2020-11-23T17:46:01.038-0300][gc,cpu        ] GC(1) User=0,00s Sys=0,00s Real=0,00s
[2020-11-23T17:46:01.038-0300][gc,marking    ] GC(1) Concurrent Cleanup for Next Mark
[2020-11-23T17:46:01.041-0300][gc,marking    ] GC(1) Concurrent Cleanup for Next Mark 2,887ms
[2020-11-23T17:46:01.041-0300][gc            ] GC(1) Concurrent Cycle 6,083ms
[2020-11-23T17:46:01.621-0300][gc,start      ] GC(2) Pause Young (Normal) (G1 Evacuation Pause)
[2020-11-23T17:46:01.621-0300][gc,task       ] GC(2) Using 8 workers of 8 for evacuation
[2020-11-23T17:46:01.624-0300][gc,phases     ] GC(2)   Pre Evacuate Collection Set: 0,0ms
[2020-11-23T17:46:01.624-0300][gc,phases     ] GC(2)   Evacuate Collection Set: 3,3ms
[2020-11-23T17:46:01.624-0300][gc,phases     ] GC(2)   Post Evacuate Collection Set: 0,5ms
[2020-11-23T17:46:01.624-0300][gc,phases     ] GC(2)   Other: 0,1ms
[2020-11-23T17:46:01.624-0300][gc,heap       ] GC(2) Eden regions: 44->0(48)
[2020-11-23T17:46:01.624-0300][gc,heap       ] GC(2) Survivor regions: 7->3(7)
[2020-11-23T17:46:01.625-0300][gc,heap       ] GC(2) Old regions: 0->7
[2020-11-23T17:46:01.625-0300][gc,heap       ] GC(2) Humongous regions: 129->129
[2020-11-23T17:46:01.625-0300][gc,metaspace  ] GC(2) Metaspace: 30574K->30574K(1077248K)
[2020-11-23T17:46:01.625-0300][gc            ] GC(2) Pause Young (Normal) (G1 Evacuation Pause) 179M->137M(1024M) 3,938ms
[2020-11-23T17:46:01.625-0300][gc,cpu        ] GC(2) User=0,03s Sys=0,00s Real=0,01s
[2020-11-23T17:46:01.828-0300][gc,start      ] GC(3) Pause Young (Concurrent Start) (Metadata GC Threshold)
[2020-11-23T17:46:01.828-0300][gc,task       ] GC(3) Using 8 workers of 8 for evacuation
[2020-11-23T17:46:01.830-0300][gc,phases     ] GC(3)   Pre Evacuate Collection Set: 0,1ms
[2020-11-23T17:46:01.830-0300][gc,phases     ] GC(3)   Evacuate Collection Set: 1,8ms
[2020-11-23T17:46:01.830-0300][gc,phases     ] GC(3)   Post Evacuate Collection Set: 0,4ms
[2020-11-23T17:46:01.830-0300][gc,phases     ] GC(3)   Other: 0,1ms
[2020-11-23T17:46:01.830-0300][gc,heap       ] GC(3) Eden regions: 25->0(47)
[2020-11-23T17:46:01.831-0300][gc,heap       ] GC(3) Survivor regions: 3->4(7)
[2020-11-23T17:46:01.831-0300][gc,heap       ] GC(3) Old regions: 7->7
[2020-11-23T17:46:01.831-0300][gc,heap       ] GC(3) Humongous regions: 129->129
[2020-11-23T17:46:01.831-0300][gc,metaspace  ] GC(3) Metaspace: 34720K->34720K(1081344K)
[2020-11-23T17:46:01.831-0300][gc            ] GC(3) Pause Young (Concurrent Start) (Metadata GC Threshold) 162M->139M(1024M) 2,478ms
[2020-11-23T17:46:01.831-0300][gc,cpu        ] GC(3) User=0,02s Sys=0,00s Real=0,01s
[2020-11-23T17:46:01.831-0300][gc            ] GC(4) Concurrent Cycle
[2020-11-23T17:46:01.831-0300][gc,marking    ] GC(4) Concurrent Clear Claimed Marks
[2020-11-23T17:46:01.831-0300][gc,marking    ] GC(4) Concurrent Clear Claimed Marks 0,046ms
[2020-11-23T17:46:01.831-0300][gc,marking    ] GC(4) Concurrent Scan Root Regions
[2020-11-23T17:46:01.832-0300][gc,marking    ] GC(4) Concurrent Scan Root Regions 1,286ms
[2020-11-23T17:46:01.832-0300][gc,marking    ] GC(4) Concurrent Mark (1,558s)
[2020-11-23T17:46:01.832-0300][gc,marking    ] GC(4) Concurrent Mark From Roots
[2020-11-23T17:46:01.832-0300][gc,task       ] GC(4) Using 2 workers of 2 for marking
[2020-11-23T17:46:01.836-0300][gc,marking    ] GC(4) Concurrent Mark From Roots 3,727ms
[2020-11-23T17:46:01.836-0300][gc,marking    ] GC(4) Concurrent Preclean
[2020-11-23T17:46:01.836-0300][gc,marking    ] GC(4) Concurrent Preclean 0,145ms
[2020-11-23T17:46:01.836-0300][gc,marking    ] GC(4) Concurrent Mark (1,558s, 1,561s) 3,928ms
[2020-11-23T17:46:01.836-0300][gc,start      ] GC(4) Pause Remark
[2020-11-23T17:46:01.838-0300][gc,stringtable] GC(4) Cleaned string and symbol table, strings: 11620 processed, 7 removed, symbols: 96729 processed, 23 removed
[2020-11-23T17:46:01.838-0300][gc            ] GC(4) Pause Remark 139M->139M(1024M) 1,845ms
[2020-11-23T17:46:01.838-0300][gc,cpu        ] GC(4) User=0,01s Sys=0,00s Real=0,00s
[2020-11-23T17:46:01.838-0300][gc,marking    ] GC(4) Concurrent Rebuild Remembered Sets
[2020-11-23T17:46:01.840-0300][gc,marking    ] GC(4) Concurrent Rebuild Remembered Sets 2,011ms
[2020-11-23T17:46:01.840-0300][gc,start      ] GC(4) Pause Cleanup
[2020-11-23T17:46:01.840-0300][gc            ] GC(4) Pause Cleanup 139M->139M(1024M) 0,151ms
[2020-11-23T17:46:01.840-0300][gc,cpu        ] GC(4) User=0,00s Sys=0,00s Real=0,00s
[2020-11-23T17:46:01.840-0300][gc,marking    ] GC(4) Concurrent Cleanup for Next Mark
[2020-11-23T17:46:01.843-0300][gc,marking    ] GC(4) Concurrent Cleanup for Next Mark 3,027ms
[2020-11-23T17:46:01.843-0300][gc            ] GC(4) Concurrent Cycle 12,883ms
[2020-11-23T18:08:16.897-0300][gc,start      ] GC(5) Pause Young (Normal) (G1 Evacuation Pause)
[2020-11-23T18:08:16.897-0300][gc,task       ] GC(5) Using 8 workers of 8 for evacuation
[2020-11-23T18:08:16.901-0300][gc,phases     ] GC(5)   Pre Evacuate Collection Set: 0,0ms
[2020-11-23T18:08:16.901-0300][gc,phases     ] GC(5)   Evacuate Collection Set: 3,7ms
[2020-11-23T18:08:16.901-0300][gc,phases     ] GC(5)   Post Evacuate Collection Set: 0,4ms
[2020-11-23T18:08:16.901-0300][gc,phases     ] GC(5)   Other: 0,2ms
[2020-11-23T18:08:16.901-0300][gc,heap       ] GC(5) Eden regions: 47->0(47)
[2020-11-23T18:08:16.901-0300][gc,heap       ] GC(5) Survivor regions: 4->4(7)
[2020-11-23T18:08:16.901-0300][gc,heap       ] GC(5) Old regions: 7->9
[2020-11-23T18:08:16.901-0300][gc,heap       ] GC(5) Humongous regions: 129->129
[2020-11-23T18:08:16.901-0300][gc,metaspace  ] GC(5) Metaspace: 41559K->41559K(1087488K)
[2020-11-23T18:08:16.901-0300][gc            ] GC(5) Pause Young (Normal) (G1 Evacuation Pause) 186M->141M(1024M) 4,357ms
[2020-11-23T18:08:16.901-0300][gc,cpu        ] GC(5) User=0,02s Sys=0,00s Real=0,00s
