[2020-11-24T13:01:33.581-0300][gc,heap] Heap region size: 1M
[2020-11-24T13:01:33.587-0300][gc     ] Using G1
[2020-11-24T13:01:33.587-0300][gc,heap,coops] Heap address: 0x00000000c0000000, size: 1024 MB, Compressed Oops mode: 32-bit
[2020-11-24T13:01:34.265-0300][gc,start     ] GC(0) Pause Young (Concurrent Start) (Metadata GC Threshold)
[2020-11-24T13:01:34.266-0300][gc,task      ] GC(0) Using 8 workers of 8 for evacuation
[2020-11-24T13:01:34.271-0300][gc,phases    ] GC(0)   Pre Evacuate Collection Set: 0,0ms
[2020-11-24T13:01:34.271-0300][gc,phases    ] GC(0)   Evacuate Collection Set: 4,6ms
[2020-11-24T13:01:34.271-0300][gc,phases    ] GC(0)   Post Evacuate Collection Set: 0,4ms
[2020-11-24T13:01:34.271-0300][gc,phases    ] GC(0)   Other: 0,7ms
[2020-11-24T13:01:34.271-0300][gc,heap      ] GC(0) Eden regions: 41->0(44)
[2020-11-24T13:01:34.271-0300][gc,heap      ] GC(0) Survivor regions: 0->7(7)
[2020-11-24T13:01:34.271-0300][gc,heap      ] GC(0) Old regions: 0->0
[2020-11-24T13:01:34.271-0300][gc,heap      ] GC(0) Humongous regions: 0->0
[2020-11-24T13:01:34.271-0300][gc,metaspace ] GC(0) Metaspace: 20747K->20747K(1069056K)
[2020-11-24T13:01:34.271-0300][gc           ] GC(0) Pause Young (Concurrent Start) (Metadata GC Threshold) 40M->6M(1024M) 5,749ms
[2020-11-24T13:01:34.271-0300][gc,cpu       ] GC(0) User=0,01s Sys=0,00s Real=0,01s
[2020-11-24T13:01:34.271-0300][gc           ] GC(1) Concurrent Cycle
[2020-11-24T13:01:34.271-0300][gc,marking   ] GC(1) Concurrent Clear Claimed Marks
[2020-11-24T13:01:34.271-0300][gc,marking   ] GC(1) Concurrent Clear Claimed Marks 0,009ms
[2020-11-24T13:01:34.271-0300][gc,marking   ] GC(1) Concurrent Scan Root Regions
[2020-11-24T13:01:34.272-0300][gc,marking   ] GC(1) Concurrent Scan Root Regions 1,185ms
[2020-11-24T13:01:34.273-0300][gc,marking   ] GC(1) Concurrent Mark (0,694s)
[2020-11-24T13:01:34.273-0300][gc,marking   ] GC(1) Concurrent Mark From Roots
[2020-11-24T13:01:34.273-0300][gc,task      ] GC(1) Using 2 workers of 2 for marking
[2020-11-24T13:01:34.273-0300][gc,marking   ] GC(1) Concurrent Mark From Roots 0,452ms
[2020-11-24T13:01:34.273-0300][gc,marking   ] GC(1) Concurrent Preclean
[2020-11-24T13:01:34.273-0300][gc,marking   ] GC(1) Concurrent Preclean 0,071ms
[2020-11-24T13:01:34.273-0300][gc,marking   ] GC(1) Concurrent Mark (0,694s, 0,694s) 0,557ms
[2020-11-24T13:01:34.273-0300][gc,start     ] GC(1) Pause Remark
[2020-11-24T13:01:34.275-0300][gc,stringtable] GC(1) Cleaned string and symbol table, strings: 7560 processed, 0 removed, symbols: 64239 processed, 31 removed
[2020-11-24T13:01:34.275-0300][gc            ] GC(1) Pause Remark 6M->6M(1024M) 1,577ms
[2020-11-24T13:01:34.275-0300][gc,cpu        ] GC(1) User=0,00s Sys=0,00s Real=0,01s
[2020-11-24T13:01:34.275-0300][gc,marking    ] GC(1) Concurrent Rebuild Remembered Sets
[2020-11-24T13:01:34.275-0300][gc,marking    ] GC(1) Concurrent Rebuild Remembered Sets 0,074ms
[2020-11-24T13:01:34.275-0300][gc,start      ] GC(1) Pause Cleanup
[2020-11-24T13:01:34.275-0300][gc            ] GC(1) Pause Cleanup 6M->6M(1024M) 0,162ms
[2020-11-24T13:01:34.275-0300][gc,cpu        ] GC(1) User=0,01s Sys=0,00s Real=0,00s
[2020-11-24T13:01:34.275-0300][gc,marking    ] GC(1) Concurrent Cleanup for Next Mark
[2020-11-24T13:01:34.278-0300][gc,marking    ] GC(1) Concurrent Cleanup for Next Mark 2,829ms
[2020-11-24T13:01:34.278-0300][gc            ] GC(1) Concurrent Cycle 6,630ms
[2020-11-24T13:01:34.848-0300][gc,start      ] GC(2) Pause Young (Normal) (G1 Evacuation Pause)
[2020-11-24T13:01:34.848-0300][gc,task       ] GC(2) Using 8 workers of 8 for evacuation
[2020-11-24T13:01:34.853-0300][gc,phases     ] GC(2)   Pre Evacuate Collection Set: 0,0ms
[2020-11-24T13:01:34.853-0300][gc,phases     ] GC(2)   Evacuate Collection Set: 3,8ms
[2020-11-24T13:01:34.853-0300][gc,phases     ] GC(2)   Post Evacuate Collection Set: 0,4ms
[2020-11-24T13:01:34.853-0300][gc,phases     ] GC(2)   Other: 0,1ms
[2020-11-24T13:01:34.853-0300][gc,heap       ] GC(2) Eden regions: 44->0(48)
[2020-11-24T13:01:34.853-0300][gc,heap       ] GC(2) Survivor regions: 7->3(7)
[2020-11-24T13:01:34.853-0300][gc,heap       ] GC(2) Old regions: 0->7
[2020-11-24T13:01:34.853-0300][gc,heap       ] GC(2) Humongous regions: 129->129
[2020-11-24T13:01:34.853-0300][gc,metaspace  ] GC(2) Metaspace: 30700K->30700K(1077248K)
[2020-11-24T13:01:34.853-0300][gc            ] GC(2) Pause Young (Normal) (G1 Evacuation Pause) 179M->137M(1024M) 4,343ms
[2020-11-24T13:01:34.853-0300][gc,cpu        ] GC(2) User=0,03s Sys=0,01s Real=0,00s
[2020-11-24T13:01:35.101-0300][gc,start      ] GC(3) Pause Young (Concurrent Start) (Metadata GC Threshold)
[2020-11-24T13:01:35.101-0300][gc,task       ] GC(3) Using 8 workers of 8 for evacuation
[2020-11-24T13:01:35.105-0300][gc,phases     ] GC(3)   Pre Evacuate Collection Set: 0,1ms
[2020-11-24T13:01:35.106-0300][gc,phases     ] GC(3)   Evacuate Collection Set: 4,0ms
[2020-11-24T13:01:35.106-0300][gc,phases     ] GC(3)   Post Evacuate Collection Set: 0,5ms
[2020-11-24T13:01:35.106-0300][gc,phases     ] GC(3)   Other: 0,3ms
[2020-11-24T13:01:35.106-0300][gc,heap       ] GC(3) Eden regions: 25->0(46)
[2020-11-24T13:01:35.106-0300][gc,heap       ] GC(3) Survivor regions: 3->5(7)
[2020-11-24T13:01:35.106-0300][gc,heap       ] GC(3) Old regions: 7->7
[2020-11-24T13:01:35.106-0300][gc,heap       ] GC(3) Humongous regions: 129->129
[2020-11-24T13:01:35.106-0300][gc,metaspace  ] GC(3) Metaspace: 34960K->34960K(1081344K)
[2020-11-24T13:01:35.106-0300][gc            ] GC(3) Pause Young (Concurrent Start) (Metadata GC Threshold) 162M->139M(1024M) 5,031ms
[2020-11-24T13:01:35.106-0300][gc,cpu        ] GC(3) User=0,04s Sys=0,00s Real=0,00s
[2020-11-24T13:01:35.106-0300][gc            ] GC(4) Concurrent Cycle
[2020-11-24T13:01:35.106-0300][gc,marking    ] GC(4) Concurrent Clear Claimed Marks
[2020-11-24T13:01:35.106-0300][gc,marking    ] GC(4) Concurrent Clear Claimed Marks 0,044ms
[2020-11-24T13:01:35.106-0300][gc,marking    ] GC(4) Concurrent Scan Root Regions
[2020-11-24T13:01:35.109-0300][gc,marking    ] GC(4) Concurrent Scan Root Regions 2,903ms
[2020-11-24T13:01:35.109-0300][gc,marking    ] GC(4) Concurrent Mark (1,530s)
[2020-11-24T13:01:35.109-0300][gc,marking    ] GC(4) Concurrent Mark From Roots
[2020-11-24T13:01:35.109-0300][gc,task       ] GC(4) Using 2 workers of 2 for marking
[2020-11-24T13:01:35.115-0300][gc,marking    ] GC(4) Concurrent Mark From Roots 6,546ms
[2020-11-24T13:01:35.115-0300][gc,marking    ] GC(4) Concurrent Preclean
[2020-11-24T13:01:35.116-0300][gc,marking    ] GC(4) Concurrent Preclean 0,161ms
[2020-11-24T13:01:35.116-0300][gc,marking    ] GC(4) Concurrent Mark (1,530s, 1,537s) 6,759ms
[2020-11-24T13:01:35.116-0300][gc,start      ] GC(4) Pause Remark
[2020-11-24T13:01:35.118-0300][gc,stringtable] GC(4) Cleaned string and symbol table, strings: 11791 processed, 7 removed, symbols: 98094 processed, 24 removed
[2020-11-24T13:01:35.118-0300][gc            ] GC(4) Pause Remark 140M->140M(1024M) 2,331ms
[2020-11-24T13:01:35.118-0300][gc,cpu        ] GC(4) User=0,02s Sys=0,00s Real=0,00s
[2020-11-24T13:01:35.118-0300][gc,marking    ] GC(4) Concurrent Rebuild Remembered Sets
[2020-11-24T13:01:35.121-0300][gc,marking    ] GC(4) Concurrent Rebuild Remembered Sets 2,849ms
[2020-11-24T13:01:35.121-0300][gc,start      ] GC(4) Pause Cleanup
[2020-11-24T13:01:35.121-0300][gc            ] GC(4) Pause Cleanup 140M->140M(1024M) 0,189ms
[2020-11-24T13:01:35.121-0300][gc,cpu        ] GC(4) User=0,00s Sys=0,00s Real=0,00s
[2020-11-24T13:01:35.121-0300][gc,marking    ] GC(4) Concurrent Cleanup for Next Mark
[2020-11-24T13:01:35.125-0300][gc,marking    ] GC(4) Concurrent Cleanup for Next Mark 3,663ms
[2020-11-24T13:01:35.125-0300][gc            ] GC(4) Concurrent Cycle 19,157ms
[2020-11-24T13:03:46.896-0300][gc,start      ] GC(5) Pause Young (Normal) (G1 Evacuation Pause)
[2020-11-24T13:03:46.896-0300][gc,task       ] GC(5) Using 8 workers of 8 for evacuation
[2020-11-24T13:03:46.900-0300][gc,phases     ] GC(5)   Pre Evacuate Collection Set: 0,0ms
[2020-11-24T13:03:46.900-0300][gc,phases     ] GC(5)   Evacuate Collection Set: 3,6ms
[2020-11-24T13:03:46.900-0300][gc,phases     ] GC(5)   Post Evacuate Collection Set: 0,5ms
[2020-11-24T13:03:46.900-0300][gc,phases     ] GC(5)   Other: 0,1ms
[2020-11-24T13:03:46.900-0300][gc,heap       ] GC(5) Eden regions: 46->0(45)
[2020-11-24T13:03:46.900-0300][gc,heap       ] GC(5) Survivor regions: 5->6(7)
[2020-11-24T13:03:46.900-0300][gc,heap       ] GC(5) Old regions: 7->9
[2020-11-24T13:03:46.900-0300][gc,heap       ] GC(5) Humongous regions: 129->129
[2020-11-24T13:03:46.900-0300][gc,metaspace  ] GC(5) Metaspace: 43547K->43547K(1089536K)
[2020-11-24T13:03:46.900-0300][gc            ] GC(5) Pause Young (Normal) (G1 Evacuation Pause) 185M->142M(1024M) 4,231ms
[2020-11-24T13:03:46.900-0300][gc,cpu        ] GC(5) User=0,03s Sys=0,00s Real=0,00s
[2020-11-24T13:09:21.297-0300][gc,start      ] GC(6) Pause Young (Normal) (G1 Evacuation Pause)
[2020-11-24T13:09:21.297-0300][gc,task       ] GC(6) Using 8 workers of 8 for evacuation
[2020-11-24T13:09:21.305-0300][gc,phases     ] GC(6)   Pre Evacuate Collection Set: 0,0ms
[2020-11-24T13:09:21.305-0300][gc,phases     ] GC(6)   Evacuate Collection Set: 6,7ms
[2020-11-24T13:09:21.305-0300][gc,phases     ] GC(6)   Post Evacuate Collection Set: 0,5ms
[2020-11-24T13:09:21.305-0300][gc,phases     ] GC(6)   Other: 0,2ms
[2020-11-24T13:09:21.305-0300][gc,heap       ] GC(6) Eden regions: 45->0(45)
[2020-11-24T13:09:21.305-0300][gc,heap       ] GC(6) Survivor regions: 6->6(7)
[2020-11-24T13:09:21.305-0300][gc,heap       ] GC(6) Old regions: 9->11
[2020-11-24T13:09:21.305-0300][gc,heap       ] GC(6) Humongous regions: 129->129
[2020-11-24T13:09:21.305-0300][gc,metaspace  ] GC(6) Metaspace: 47144K->47144K(1091584K)
[2020-11-24T13:09:21.305-0300][gc            ] GC(6) Pause Young (Normal) (G1 Evacuation Pause) 187M->144M(1024M) 7,511ms
[2020-11-24T13:09:21.305-0300][gc,cpu        ] GC(6) User=0,03s Sys=0,00s Real=0,00s
[2020-11-24T13:09:23.478-0300][gc,start      ] GC(7) Pause Young (Normal) (G1 Evacuation Pause)
[2020-11-24T13:09:23.478-0300][gc,task       ] GC(7) Using 8 workers of 8 for evacuation
[2020-11-24T13:09:23.484-0300][gc,phases     ] GC(7)   Pre Evacuate Collection Set: 0,0ms
[2020-11-24T13:09:23.484-0300][gc,phases     ] GC(7)   Evacuate Collection Set: 5,4ms
[2020-11-24T13:09:23.484-0300][gc,phases     ] GC(7)   Post Evacuate Collection Set: 0,6ms
[2020-11-24T13:09:23.484-0300][gc,phases     ] GC(7)   Other: 0,2ms
[2020-11-24T13:09:23.484-0300][gc,heap       ] GC(7) Eden regions: 45->0(47)
[2020-11-24T13:09:23.484-0300][gc,heap       ] GC(7) Survivor regions: 6->4(7)
[2020-11-24T13:09:23.484-0300][gc,heap       ] GC(7) Old regions: 11->14
[2020-11-24T13:09:23.484-0300][gc,heap       ] GC(7) Humongous regions: 129->129
[2020-11-24T13:09:23.484-0300][gc,metaspace  ] GC(7) Metaspace: 47386K->47386K(1093632K)
[2020-11-24T13:09:23.484-0300][gc            ] GC(7) Pause Young (Normal) (G1 Evacuation Pause) 189M->145M(1024M) 6,269ms
[2020-11-24T13:09:23.484-0300][gc,cpu        ] GC(7) User=0,02s Sys=0,00s Real=0,00s
[2020-11-24T13:09:25.522-0300][gc,start      ] GC(8) Pause Young (Normal) (G1 Evacuation Pause)
[2020-11-24T13:09:25.522-0300][gc,task       ] GC(8) Using 8 workers of 8 for evacuation
[2020-11-24T13:09:25.527-0300][gc,phases     ] GC(8)   Pre Evacuate Collection Set: 0,0ms
[2020-11-24T13:09:25.527-0300][gc,phases     ] GC(8)   Evacuate Collection Set: 4,4ms
[2020-11-24T13:09:25.527-0300][gc,phases     ] GC(8)   Post Evacuate Collection Set: 0,4ms
[2020-11-24T13:09:25.527-0300][gc,phases     ] GC(8)   Other: 0,1ms
[2020-11-24T13:09:25.527-0300][gc,heap       ] GC(8) Eden regions: 47->0(48)
[2020-11-24T13:09:25.527-0300][gc,heap       ] GC(8) Survivor regions: 4->3(7)
[2020-11-24T13:09:25.527-0300][gc,heap       ] GC(8) Old regions: 14->14
[2020-11-24T13:09:25.527-0300][gc,heap       ] GC(8) Humongous regions: 129->129
[2020-11-24T13:09:25.527-0300][gc,metaspace  ] GC(8) Metaspace: 47395K->47395K(1093632K)
[2020-11-24T13:09:25.527-0300][gc            ] GC(8) Pause Young (Normal) (G1 Evacuation Pause) 192M->144M(1024M) 5,093ms
[2020-11-24T13:09:25.528-0300][gc,cpu        ] GC(8) User=0,02s Sys=0,00s Real=0,01s
[2020-11-24T13:11:35.194-0300][gc,start      ] GC(9) Pause Young (Normal) (G1 Evacuation Pause)
[2020-11-24T13:11:35.194-0300][gc,task       ] GC(9) Using 8 workers of 8 for evacuation
[2020-11-24T13:11:35.207-0300][gc,phases     ] GC(9)   Pre Evacuate Collection Set: 0,1ms
[2020-11-24T13:11:35.207-0300][gc,phases     ] GC(9)   Evacuate Collection Set: 12,0ms
[2020-11-24T13:11:35.207-0300][gc,phases     ] GC(9)   Post Evacuate Collection Set: 0,8ms
[2020-11-24T13:11:35.207-0300][gc,phases     ] GC(9)   Other: 0,4ms
[2020-11-24T13:11:35.207-0300][gc,heap       ] GC(9) Eden regions: 48->0(47)
[2020-11-24T13:11:35.207-0300][gc,heap       ] GC(9) Survivor regions: 3->4(7)
[2020-11-24T13:11:35.208-0300][gc,heap       ] GC(9) Old regions: 14->14
[2020-11-24T13:11:35.208-0300][gc,heap       ] GC(9) Humongous regions: 129->129
[2020-11-24T13:11:35.208-0300][gc,metaspace  ] GC(9) Metaspace: 47457K->47457K(1093632K)
[2020-11-24T13:11:35.208-0300][gc            ] GC(9) Pause Young (Normal) (G1 Evacuation Pause) 192M->145M(1024M) 13,344ms
[2020-11-24T13:11:35.208-0300][gc,cpu        ] GC(9) User=0,06s Sys=0,01s Real=0,01s
[2020-11-24T13:22:24.672-0300][gc,start      ] GC(10) Pause Young (Normal) (G1 Evacuation Pause)
[2020-11-24T13:22:24.672-0300][gc,task       ] GC(10) Using 8 workers of 8 for evacuation
[2020-11-24T13:22:24.684-0300][gc,phases     ] GC(10)   Pre Evacuate Collection Set: 0,0ms
[2020-11-24T13:22:24.684-0300][gc,phases     ] GC(10)   Evacuate Collection Set: 10,4ms
[2020-11-24T13:22:24.684-0300][gc,phases     ] GC(10)   Post Evacuate Collection Set: 1,2ms
[2020-11-24T13:22:24.684-0300][gc,phases     ] GC(10)   Other: 0,4ms
[2020-11-24T13:22:24.684-0300][gc,heap       ] GC(10) Eden regions: 47->0(48)
[2020-11-24T13:22:24.684-0300][gc,heap       ] GC(10) Survivor regions: 4->5(7)
[2020-11-24T13:22:24.684-0300][gc,heap       ] GC(10) Old regions: 14->14
[2020-11-24T13:22:24.684-0300][gc,heap       ] GC(10) Humongous regions: 129->129
[2020-11-24T13:22:24.684-0300][gc,metaspace  ] GC(10) Metaspace: 47590K->47590K(1093632K)
[2020-11-24T13:22:24.684-0300][gc            ] GC(10) Pause Young (Normal) (G1 Evacuation Pause) 192M->146M(1024M) 12,211ms
[2020-11-24T13:22:24.684-0300][gc,cpu        ] GC(10) User=0,08s Sys=0,00s Real=0,01s
[2020-11-24T13:33:51.677-0300][gc,start      ] GC(11) Pause Young (Normal) (G1 Evacuation Pause)
[2020-11-24T13:33:51.677-0300][gc,task       ] GC(11) Using 8 workers of 8 for evacuation
[2020-11-24T13:33:51.691-0300][gc,phases     ] GC(11)   Pre Evacuate Collection Set: 0,0ms
[2020-11-24T13:33:51.691-0300][gc,phases     ] GC(11)   Evacuate Collection Set: 11,9ms
[2020-11-24T13:33:51.691-0300][gc,phases     ] GC(11)   Post Evacuate Collection Set: 1,1ms
[2020-11-24T13:33:51.691-0300][gc,phases     ] GC(11)   Other: 0,4ms
[2020-11-24T13:33:51.691-0300][gc,heap       ] GC(11) Eden regions: 48->0(51)
[2020-11-24T13:33:51.691-0300][gc,heap       ] GC(11) Survivor regions: 5->3(7)
[2020-11-24T13:33:51.691-0300][gc,heap       ] GC(11) Old regions: 14->15
[2020-11-24T13:33:51.691-0300][gc,heap       ] GC(11) Humongous regions: 129->129
[2020-11-24T13:33:51.691-0300][gc,metaspace  ] GC(11) Metaspace: 47672K->47672K(1093632K)
[2020-11-24T13:33:51.691-0300][gc            ] GC(11) Pause Young (Normal) (G1 Evacuation Pause) 194M->146M(1024M) 13,670ms
[2020-11-24T13:33:51.691-0300][gc,cpu        ] GC(11) User=0,09s Sys=0,00s Real=0,01s
[2020-11-24T13:45:24.818-0300][gc,start      ] GC(12) Pause Young (Normal) (G1 Evacuation Pause)
[2020-11-24T13:45:24.818-0300][gc,task       ] GC(12) Using 8 workers of 8 for evacuation
[2020-11-24T13:45:24.822-0300][gc,phases     ] GC(12)   Pre Evacuate Collection Set: 0,0ms
[2020-11-24T13:45:24.822-0300][gc,phases     ] GC(12)   Evacuate Collection Set: 2,3ms
[2020-11-24T13:45:24.822-0300][gc,phases     ] GC(12)   Post Evacuate Collection Set: 0,8ms
[2020-11-24T13:45:24.822-0300][gc,phases     ] GC(12)   Other: 0,2ms
[2020-11-24T13:45:24.822-0300][gc,heap       ] GC(12) Eden regions: 51->0(62)
[2020-11-24T13:45:24.822-0300][gc,heap       ] GC(12) Survivor regions: 3->3(7)
[2020-11-24T13:45:24.822-0300][gc,heap       ] GC(12) Old regions: 15->15
[2020-11-24T13:45:24.822-0300][gc,heap       ] GC(12) Humongous regions: 129->129
[2020-11-24T13:45:24.822-0300][gc,metaspace  ] GC(12) Metaspace: 47731K->47731K(1093632K)
[2020-11-24T13:45:24.822-0300][gc            ] GC(12) Pause Young (Normal) (G1 Evacuation Pause) 197M->145M(1024M) 3,427ms
[2020-11-24T13:45:24.822-0300][gc,cpu        ] GC(12) User=0,01s Sys=0,00s Real=0,00s
[2020-11-24T13:45:28.088-0300][gc,start      ] GC(13) Pause Young (Normal) (G1 Evacuation Pause)
[2020-11-24T13:45:28.088-0300][gc,task       ] GC(13) Using 8 workers of 8 for evacuation
[2020-11-24T13:45:28.093-0300][gc,phases     ] GC(13)   Pre Evacuate Collection Set: 0,0ms
[2020-11-24T13:45:28.093-0300][gc,phases     ] GC(13)   Evacuate Collection Set: 3,2ms
[2020-11-24T13:45:28.093-0300][gc,phases     ] GC(13)   Post Evacuate Collection Set: 0,9ms
[2020-11-24T13:45:28.093-0300][gc,phases     ] GC(13)   Other: 0,2ms
[2020-11-24T13:45:28.093-0300][gc,heap       ] GC(13) Eden regions: 62->0(75)
[2020-11-24T13:45:28.093-0300][gc,heap       ] GC(13) Survivor regions: 3->4(9)
[2020-11-24T13:45:28.093-0300][gc,heap       ] GC(13) Old regions: 15->15
[2020-11-24T13:45:28.093-0300][gc,heap       ] GC(13) Humongous regions: 129->129
[2020-11-24T13:45:28.093-0300][gc,metaspace  ] GC(13) Metaspace: 47750K->47750K(1093632K)
[2020-11-24T13:45:28.093-0300][gc            ] GC(13) Pause Young (Normal) (G1 Evacuation Pause) 207M->146M(1024M) 4,300ms
[2020-11-24T13:45:28.093-0300][gc,cpu        ] GC(13) User=0,02s Sys=0,00s Real=0,00s
[2020-11-24T13:46:48.870-0300][gc,start      ] GC(14) Pause Young (Normal) (G1 Evacuation Pause)
[2020-11-24T13:46:48.870-0300][gc,task       ] GC(14) Using 8 workers of 8 for evacuation
[2020-11-24T13:46:48.883-0300][gc,phases     ] GC(14)   Pre Evacuate Collection Set: 0,0ms
[2020-11-24T13:46:48.883-0300][gc,phases     ] GC(14)   Evacuate Collection Set: 10,5ms
[2020-11-24T13:46:48.883-0300][gc,phases     ] GC(14)   Post Evacuate Collection Set: 1,9ms
[2020-11-24T13:46:48.883-0300][gc,phases     ] GC(14)   Other: 0,4ms
[2020-11-24T13:46:48.883-0300][gc,heap       ] GC(14) Eden regions: 75->0(79)
[2020-11-24T13:46:48.883-0300][gc,heap       ] GC(14) Survivor regions: 4->5(10)
[2020-11-24T13:46:48.883-0300][gc,heap       ] GC(14) Old regions: 15->15
[2020-11-24T13:46:48.883-0300][gc,heap       ] GC(14) Humongous regions: 129->129
[2020-11-24T13:46:48.883-0300][gc,metaspace  ] GC(14) Metaspace: 47769K->47769K(1093632K)
[2020-11-24T13:46:48.883-0300][gc            ] GC(14) Pause Young (Normal) (G1 Evacuation Pause) 221M->147M(1024M) 13,160ms
[2020-11-24T13:46:48.883-0300][gc,cpu        ] GC(14) User=0,08s Sys=0,01s Real=0,01s
[2020-11-24T14:04:54.965-0300][gc,start      ] GC(15) Pause Young (Normal) (G1 Evacuation Pause)
[2020-11-24T14:04:54.965-0300][gc,task       ] GC(15) Using 8 workers of 8 for evacuation
[2020-11-24T14:04:54.983-0300][gc,phases     ] GC(15)   Pre Evacuate Collection Set: 0,0ms
[2020-11-24T14:04:54.983-0300][gc,phases     ] GC(15)   Evacuate Collection Set: 13,4ms
[2020-11-24T14:04:54.983-0300][gc,phases     ] GC(15)   Post Evacuate Collection Set: 4,2ms
[2020-11-24T14:04:54.983-0300][gc,phases     ] GC(15)   Other: 0,5ms
[2020-11-24T14:04:54.983-0300][gc,heap       ] GC(15) Eden regions: 79->0(86)
[2020-11-24T14:04:54.983-0300][gc,heap       ] GC(15) Survivor regions: 5->6(11)
[2020-11-24T14:04:54.983-0300][gc,heap       ] GC(15) Old regions: 15->15
[2020-11-24T14:04:54.983-0300][gc,heap       ] GC(15) Humongous regions: 129->129
[2020-11-24T14:04:54.983-0300][gc,metaspace  ] GC(15) Metaspace: 47837K->47837K(1093632K)
[2020-11-24T14:04:54.983-0300][gc            ] GC(15) Pause Young (Normal) (G1 Evacuation Pause) 226M->148M(1024M) 18,384ms
[2020-11-24T14:04:54.983-0300][gc,cpu        ] GC(15) User=0,12s Sys=0,00s Real=0,02s
[2020-11-24T14:25:25.817-0300][gc,start      ] GC(16) Pause Young (Normal) (G1 Evacuation Pause)
[2020-11-24T14:25:25.817-0300][gc,task       ] GC(16) Using 8 workers of 8 for evacuation
[2020-11-24T14:25:25.824-0300][gc,phases     ] GC(16)   Pre Evacuate Collection Set: 0,0ms
[2020-11-24T14:25:25.824-0300][gc,phases     ] GC(16)   Evacuate Collection Set: 6,4ms
[2020-11-24T14:25:25.824-0300][gc,phases     ] GC(16)   Post Evacuate Collection Set: 0,6ms
[2020-11-24T14:25:25.824-0300][gc,phases     ] GC(16)   Other: 0,4ms
[2020-11-24T14:25:25.824-0300][gc,heap       ] GC(16) Eden regions: 86->0(90)
[2020-11-24T14:25:25.824-0300][gc,heap       ] GC(16) Survivor regions: 6->6(12)
[2020-11-24T14:25:25.824-0300][gc,heap       ] GC(16) Old regions: 15->15
[2020-11-24T14:25:25.824-0300][gc,heap       ] GC(16) Humongous regions: 129->129
[2020-11-24T14:25:25.824-0300][gc,metaspace  ] GC(16) Metaspace: 47862K->47862K(1093632K)
[2020-11-24T14:25:25.824-0300][gc            ] GC(16) Pause Young (Normal) (G1 Evacuation Pause) 234M->148M(1024M) 7,334ms
[2020-11-24T14:25:25.824-0300][gc,cpu        ] GC(16) User=0,05s Sys=0,00s Real=0,00s
[2020-11-24T14:47:01.677-0300][gc,start      ] GC(17) Pause Young (Normal) (G1 Evacuation Pause)
[2020-11-24T14:47:01.678-0300][gc,task       ] GC(17) Using 8 workers of 8 for evacuation
[2020-11-24T14:47:01.684-0300][gc,phases     ] GC(17)   Pre Evacuate Collection Set: 0,1ms
[2020-11-24T14:47:01.684-0300][gc,phases     ] GC(17)   Evacuate Collection Set: 6,1ms
[2020-11-24T14:47:01.684-0300][gc,phases     ] GC(17)   Post Evacuate Collection Set: 0,4ms
[2020-11-24T14:47:01.684-0300][gc,phases     ] GC(17)   Other: 0,5ms
[2020-11-24T14:47:01.684-0300][gc,heap       ] GC(17) Eden regions: 90->0(135)
[2020-11-24T14:47:01.684-0300][gc,heap       ] GC(17) Survivor regions: 6->6(12)
[2020-11-24T14:47:01.684-0300][gc,heap       ] GC(17) Old regions: 15->15
[2020-11-24T14:47:01.684-0300][gc,heap       ] GC(17) Humongous regions: 129->129
[2020-11-24T14:47:01.684-0300][gc,metaspace  ] GC(17) Metaspace: 47896K->47896K(1093632K)
[2020-11-24T14:47:01.685-0300][gc            ] GC(17) Pause Young (Normal) (G1 Evacuation Pause) 238M->148M(1024M) 7,076ms
[2020-11-24T14:47:01.685-0300][gc,cpu        ] GC(17) User=0,04s Sys=0,01s Real=0,00s
[2020-11-24T15:18:41.677-0300][gc,start      ] GC(18) Pause Young (Normal) (G1 Evacuation Pause)
[2020-11-24T15:18:41.677-0300][gc,task       ] GC(18) Using 8 workers of 8 for evacuation
[2020-11-24T15:18:41.697-0300][gc,phases     ] GC(18)   Pre Evacuate Collection Set: 0,0ms
[2020-11-24T15:18:41.697-0300][gc,phases     ] GC(18)   Evacuate Collection Set: 15,1ms
[2020-11-24T15:18:41.697-0300][gc,phases     ] GC(18)   Post Evacuate Collection Set: 4,4ms
[2020-11-24T15:18:41.698-0300][gc,phases     ] GC(18)   Other: 0,5ms
[2020-11-24T15:18:41.698-0300][gc,heap       ] GC(18) Eden regions: 135->0(162)
[2020-11-24T15:18:41.698-0300][gc,heap       ] GC(18) Survivor regions: 6->7(18)
[2020-11-24T15:18:41.698-0300][gc,heap       ] GC(18) Old regions: 15->15
[2020-11-24T15:18:41.698-0300][gc,heap       ] GC(18) Humongous regions: 129->129
[2020-11-24T15:18:41.698-0300][gc,metaspace  ] GC(18) Metaspace: 47953K->47953K(1093632K)
[2020-11-24T15:18:41.698-0300][gc            ] GC(18) Pause Young (Normal) (G1 Evacuation Pause) 283M->149M(1024M) 20,442ms
[2020-11-24T15:18:41.698-0300][gc,cpu        ] GC(18) User=0,13s Sys=0,00s Real=0,02s
[2020-11-24T15:57:55.205-0300][gc,start      ] GC(19) Pause Young (Normal) (G1 Evacuation Pause)
[2020-11-24T15:57:55.205-0300][gc,task       ] GC(19) Using 8 workers of 8 for evacuation
[2020-11-24T15:57:55.213-0300][gc,phases     ] GC(19)   Pre Evacuate Collection Set: 0,0ms
[2020-11-24T15:57:55.213-0300][gc,phases     ] GC(19)   Evacuate Collection Set: 6,9ms
[2020-11-24T15:57:55.213-0300][gc,phases     ] GC(19)   Post Evacuate Collection Set: 1,0ms
[2020-11-24T15:57:55.213-0300][gc,phases     ] GC(19)   Other: 0,4ms
[2020-11-24T15:57:55.213-0300][gc,heap       ] GC(19) Eden regions: 161->0(607)
[2020-11-24T15:57:55.213-0300][gc,heap       ] GC(19) Survivor regions: 7->7(21)
[2020-11-24T15:57:55.213-0300][gc,heap       ] GC(19) Old regions: 15->15
[2020-11-24T15:57:55.213-0300][gc,heap       ] GC(19) Humongous regions: 129->129
[2020-11-24T15:57:55.213-0300][gc,metaspace  ] GC(19) Metaspace: 47961K->47961K(1093632K)
[2020-11-24T15:57:55.213-0300][gc            ] GC(19) Pause Young (Normal) (G1 Evacuation Pause) 310M->149M(1024M) 8,413ms
[2020-11-24T15:57:55.213-0300][gc,cpu        ] GC(19) User=0,06s Sys=0,00s Real=0,01s
[2020-11-24T18:23:26.677-0300][gc,start      ] GC(20) Pause Young (Normal) (G1 Evacuation Pause)
[2020-11-24T18:23:26.678-0300][gc,task       ] GC(20) Using 8 workers of 8 for evacuation
[2020-11-24T18:23:26.685-0300][gc,phases     ] GC(20)   Pre Evacuate Collection Set: 0,0ms
[2020-11-24T18:23:26.685-0300][gc,phases     ] GC(20)   Evacuate Collection Set: 6,3ms
[2020-11-24T18:23:26.685-0300][gc,phases     ] GC(20)   Post Evacuate Collection Set: 0,7ms
[2020-11-24T18:23:26.685-0300][gc,phases     ] GC(20)   Other: 0,6ms
[2020-11-24T18:23:26.685-0300][gc,heap       ] GC(20) Eden regions: 607->0(607)
[2020-11-24T18:23:26.685-0300][gc,heap       ] GC(20) Survivor regions: 7->7(77)
[2020-11-24T18:23:26.685-0300][gc,heap       ] GC(20) Old regions: 15->15
[2020-11-24T18:23:26.685-0300][gc,heap       ] GC(20) Humongous regions: 129->129
[2020-11-24T18:23:26.685-0300][gc,metaspace  ] GC(20) Metaspace: 48077K->48077K(1093632K)
[2020-11-24T18:23:26.685-0300][gc            ] GC(20) Pause Young (Normal) (G1 Evacuation Pause) 756M->149M(1024M) 7,686ms
[2020-11-24T18:23:26.685-0300][gc,cpu        ] GC(20) User=0,05s Sys=0,00s Real=0,00s
[2020-11-24T20:49:31.133-0300][gc,start      ] GC(21) Pause Young (Normal) (G1 Evacuation Pause)
[2020-11-24T20:49:31.133-0300][gc,task       ] GC(21) Using 8 workers of 8 for evacuation
[2020-11-24T20:49:31.141-0300][gc,phases     ] GC(21)   Pre Evacuate Collection Set: 0,0ms
[2020-11-24T20:49:31.141-0300][gc,phases     ] GC(21)   Evacuate Collection Set: 6,8ms
[2020-11-24T20:49:31.141-0300][gc,phases     ] GC(21)   Post Evacuate Collection Set: 0,7ms
[2020-11-24T20:49:31.141-0300][gc,phases     ] GC(21)   Other: 0,5ms
[2020-11-24T20:49:31.141-0300][gc,heap       ] GC(21) Eden regions: 607->0(606)
[2020-11-24T20:49:31.141-0300][gc,heap       ] GC(21) Survivor regions: 7->8(77)
[2020-11-24T20:49:31.141-0300][gc,heap       ] GC(21) Old regions: 15->15
[2020-11-24T20:49:31.141-0300][gc,heap       ] GC(21) Humongous regions: 129->129
[2020-11-24T20:49:31.141-0300][gc,metaspace  ] GC(21) Metaspace: 48099K->48099K(1093632K)
[2020-11-24T20:49:31.141-0300][gc            ] GC(21) Pause Young (Normal) (G1 Evacuation Pause) 756M->150M(1024M) 8,064ms
[2020-11-24T20:49:31.141-0300][gc,cpu        ] GC(21) User=0,05s Sys=0,00s Real=0,01s
[2020-11-24T23:14:31.677-0300][gc,start      ] GC(22) Pause Young (Normal) (G1 Evacuation Pause)
[2020-11-24T23:14:31.677-0300][gc,task       ] GC(22) Using 8 workers of 8 for evacuation
[2020-11-24T23:14:31.686-0300][gc,phases     ] GC(22)   Pre Evacuate Collection Set: 0,1ms
[2020-11-24T23:14:31.686-0300][gc,phases     ] GC(22)   Evacuate Collection Set: 7,8ms
[2020-11-24T23:14:31.686-0300][gc,phases     ] GC(22)   Post Evacuate Collection Set: 0,7ms
[2020-11-24T23:14:31.686-0300][gc,phases     ] GC(22)   Other: 0,5ms
[2020-11-24T23:14:31.686-0300][gc,heap       ] GC(22) Eden regions: 606->0(606)
[2020-11-24T23:14:31.686-0300][gc,heap       ] GC(22) Survivor regions: 8->8(77)
[2020-11-24T23:14:31.686-0300][gc,heap       ] GC(22) Old regions: 15->15
[2020-11-24T23:14:31.686-0300][gc,heap       ] GC(22) Humongous regions: 129->129
[2020-11-24T23:14:31.686-0300][gc,metaspace  ] GC(22) Metaspace: 48160K->48160K(1093632K)
[2020-11-24T23:14:31.686-0300][gc            ] GC(22) Pause Young (Normal) (G1 Evacuation Pause) 756M->150M(1024M) 9,074ms
[2020-11-24T23:14:31.686-0300][gc,cpu        ] GC(22) User=0,06s Sys=0,00s Real=0,01s
[2020-11-25T01:39:51.851-0300][gc,start      ] GC(23) Pause Young (Normal) (G1 Evacuation Pause)
[2020-11-25T01:39:51.851-0300][gc,task       ] GC(23) Using 8 workers of 8 for evacuation
[2020-11-25T01:39:51.856-0300][gc,phases     ] GC(23)   Pre Evacuate Collection Set: 0,0ms
[2020-11-25T01:39:51.856-0300][gc,phases     ] GC(23)   Evacuate Collection Set: 4,1ms
[2020-11-25T01:39:51.856-0300][gc,phases     ] GC(23)   Post Evacuate Collection Set: 0,8ms
[2020-11-25T01:39:51.856-0300][gc,phases     ] GC(23)   Other: 0,3ms
[2020-11-25T01:39:51.856-0300][gc,heap       ] GC(23) Eden regions: 606->0(607)
[2020-11-25T01:39:51.856-0300][gc,heap       ] GC(23) Survivor regions: 8->7(77)
[2020-11-25T01:39:51.857-0300][gc,heap       ] GC(23) Old regions: 15->15
[2020-11-25T01:39:51.857-0300][gc,heap       ] GC(23) Humongous regions: 129->129
[2020-11-25T01:39:51.857-0300][gc,metaspace  ] GC(23) Metaspace: 48169K->48169K(1093632K)
[2020-11-25T01:39:51.857-0300][gc            ] GC(23) Pause Young (Normal) (G1 Evacuation Pause) 756M->149M(1024M) 5,239ms
[2020-11-25T01:39:51.857-0300][gc,cpu        ] GC(23) User=0,03s Sys=0,00s Real=0,01s
[2020-11-25T04:04:36.677-0300][gc,start      ] GC(24) Pause Young (Normal) (G1 Evacuation Pause)
[2020-11-25T04:04:36.677-0300][gc,task       ] GC(24) Using 8 workers of 8 for evacuation
[2020-11-25T04:04:36.684-0300][gc,phases     ] GC(24)   Pre Evacuate Collection Set: 0,0ms
[2020-11-25T04:04:36.684-0300][gc,phases     ] GC(24)   Evacuate Collection Set: 6,0ms
[2020-11-25T04:04:36.684-0300][gc,phases     ] GC(24)   Post Evacuate Collection Set: 0,6ms
[2020-11-25T04:04:36.684-0300][gc,phases     ] GC(24)   Other: 0,5ms
[2020-11-25T04:04:36.684-0300][gc,heap       ] GC(24) Eden regions: 607->0(608)
[2020-11-25T04:04:36.684-0300][gc,heap       ] GC(24) Survivor regions: 7->6(77)
[2020-11-25T04:04:36.684-0300][gc,heap       ] GC(24) Old regions: 15->15
[2020-11-25T04:04:36.684-0300][gc,heap       ] GC(24) Humongous regions: 129->129
[2020-11-25T04:04:36.684-0300][gc,metaspace  ] GC(24) Metaspace: 48200K->48200K(1093632K)
[2020-11-25T04:04:36.684-0300][gc            ] GC(24) Pause Young (Normal) (G1 Evacuation Pause) 756M->149M(1024M) 7,086ms
[2020-11-25T04:04:36.684-0300][gc,cpu        ] GC(24) User=0,05s Sys=0,00s Real=0,00s
[2020-11-25T06:29:35.667-0300][gc,start      ] GC(25) Pause Young (Normal) (G1 Evacuation Pause)
[2020-11-25T06:29:35.667-0300][gc,task       ] GC(25) Using 8 workers of 8 for evacuation
[2020-11-25T06:29:35.674-0300][gc,phases     ] GC(25)   Pre Evacuate Collection Set: 0,0ms
[2020-11-25T06:29:35.674-0300][gc,phases     ] GC(25)   Evacuate Collection Set: 6,2ms
[2020-11-25T06:29:35.674-0300][gc,phases     ] GC(25)   Post Evacuate Collection Set: 0,5ms
[2020-11-25T06:29:35.674-0300][gc,phases     ] GC(25)   Other: 0,5ms
[2020-11-25T06:29:35.674-0300][gc,heap       ] GC(25) Eden regions: 608->0(608)
[2020-11-25T06:29:35.674-0300][gc,heap       ] GC(25) Survivor regions: 6->6(77)
[2020-11-25T06:29:35.674-0300][gc,heap       ] GC(25) Old regions: 15->15
[2020-11-25T06:29:35.674-0300][gc,heap       ] GC(25) Humongous regions: 129->129
[2020-11-25T06:29:35.674-0300][gc,metaspace  ] GC(25) Metaspace: 48222K->48222K(1093632K)
[2020-11-25T06:29:35.674-0300][gc            ] GC(25) Pause Young (Normal) (G1 Evacuation Pause) 757M->149M(1024M) 7,217ms
[2020-11-25T06:29:35.674-0300][gc,cpu        ] GC(25) User=0,05s Sys=0,00s Real=0,01s
[2020-11-25T08:54:55.079-0300][gc,start      ] GC(26) Pause Young (Normal) (G1 Evacuation Pause)
[2020-11-25T08:54:55.079-0300][gc,task       ] GC(26) Using 8 workers of 8 for evacuation
[2020-11-25T08:54:55.094-0300][gc,phases     ] GC(26)   Pre Evacuate Collection Set: 0,0ms
[2020-11-25T08:54:55.094-0300][gc,phases     ] GC(26)   Evacuate Collection Set: 12,9ms
[2020-11-25T08:54:55.094-0300][gc,phases     ] GC(26)   Post Evacuate Collection Set: 1,5ms
[2020-11-25T08:54:55.094-0300][gc,phases     ] GC(26)   Other: 0,5ms
[2020-11-25T08:54:55.095-0300][gc,heap       ] GC(26) Eden regions: 608->0(608)
[2020-11-25T08:54:55.095-0300][gc,heap       ] GC(26) Survivor regions: 6->6(77)
[2020-11-25T08:54:55.095-0300][gc,heap       ] GC(26) Old regions: 15->16
[2020-11-25T08:54:55.095-0300][gc,heap       ] GC(26) Humongous regions: 129->129
[2020-11-25T08:54:55.095-0300][gc,metaspace  ] GC(26) Metaspace: 48264K->48264K(1093632K)
[2020-11-25T08:54:55.095-0300][gc            ] GC(26) Pause Young (Normal) (G1 Evacuation Pause) 757M->149M(1024M) 15,389ms
[2020-11-25T08:54:55.095-0300][gc,cpu        ] GC(26) User=0,11s Sys=0,00s Real=0,02s
[2020-11-25T10:32:31.677-0300][gc,start      ] GC(27) Pause Young (Normal) (G1 Evacuation Pause)
[2020-11-25T10:32:31.677-0300][gc,task       ] GC(27) Using 8 workers of 8 for evacuation
[2020-11-25T10:32:31.693-0300][gc,phases     ] GC(27)   Pre Evacuate Collection Set: 0,1ms
[2020-11-25T10:32:31.693-0300][gc,phases     ] GC(27)   Evacuate Collection Set: 14,5ms
[2020-11-25T10:32:31.693-0300][gc,phases     ] GC(27)   Post Evacuate Collection Set: 1,0ms
[2020-11-25T10:32:31.693-0300][gc,phases     ] GC(27)   Other: 0,7ms
[2020-11-25T10:32:31.693-0300][gc,heap       ] GC(27) Eden regions: 608->0(608)
[2020-11-25T10:32:31.693-0300][gc,heap       ] GC(27) Survivor regions: 6->6(77)
[2020-11-25T10:32:31.693-0300][gc,heap       ] GC(27) Old regions: 16->16
[2020-11-25T10:32:31.693-0300][gc,heap       ] GC(27) Humongous regions: 129->129
[2020-11-25T10:32:31.693-0300][gc,metaspace  ] GC(27) Metaspace: 48580K->48580K(1093632K)
[2020-11-25T10:32:31.693-0300][gc            ] GC(27) Pause Young (Normal) (G1 Evacuation Pause) 757M->150M(1024M) 16,249ms
[2020-11-25T10:32:31.693-0300][gc,cpu        ] GC(27) User=0,10s Sys=0,00s Real=0,01s
[2020-11-25T12:01:52.963-0300][gc,start      ] GC(28) Pause Young (Normal) (G1 Evacuation Pause)
[2020-11-25T12:01:52.963-0300][gc,task       ] GC(28) Using 8 workers of 8 for evacuation
[2020-11-25T12:01:52.967-0300][gc,phases     ] GC(28)   Pre Evacuate Collection Set: 0,0ms
[2020-11-25T12:01:52.967-0300][gc,phases     ] GC(28)   Evacuate Collection Set: 3,0ms
[2020-11-25T12:01:52.967-0300][gc,phases     ] GC(28)   Post Evacuate Collection Set: 0,6ms
[2020-11-25T12:01:52.967-0300][gc,phases     ] GC(28)   Other: 0,2ms
[2020-11-25T12:01:52.967-0300][gc,heap       ] GC(28) Eden regions: 608->0(608)
[2020-11-25T12:01:52.967-0300][gc,heap       ] GC(28) Survivor regions: 6->6(77)
[2020-11-25T12:01:52.967-0300][gc,heap       ] GC(28) Old regions: 16->17
[2020-11-25T12:01:52.967-0300][gc,heap       ] GC(28) Humongous regions: 129->129
[2020-11-25T12:01:52.967-0300][gc,metaspace  ] GC(28) Metaspace: 48784K->48784K(1093632K)
[2020-11-25T12:01:52.967-0300][gc            ] GC(28) Pause Young (Normal) (G1 Evacuation Pause) 758M->150M(1024M) 3,889ms
[2020-11-25T12:01:52.967-0300][gc,cpu        ] GC(28) User=0,03s Sys=0,00s Real=0,01s
[2020-11-25T13:31:10.862-0300][gc,start      ] GC(29) Pause Young (Normal) (G1 Evacuation Pause)
[2020-11-25T13:31:10.862-0300][gc,task       ] GC(29) Using 8 workers of 8 for evacuation
[2020-11-25T13:31:10.896-0300][gc,mmu        ] GC(29) MMU target violated: 21,0ms (20,0ms/21,0ms)
[2020-11-25T13:31:10.896-0300][gc,phases     ] GC(29)   Pre Evacuate Collection Set: 0,0ms
[2020-11-25T13:31:10.896-0300][gc,phases     ] GC(29)   Evacuate Collection Set: 28,7ms
[2020-11-25T13:31:10.896-0300][gc,phases     ] GC(29)   Post Evacuate Collection Set: 4,8ms
[2020-11-25T13:31:10.896-0300][gc,phases     ] GC(29)   Other: 0,6ms
[2020-11-25T13:31:10.896-0300][gc,heap       ] GC(29) Eden regions: 608->0(609)
[2020-11-25T13:31:10.896-0300][gc,heap       ] GC(29) Survivor regions: 6->5(77)
[2020-11-25T13:31:10.896-0300][gc,heap       ] GC(29) Old regions: 17->17
[2020-11-25T13:31:10.896-0300][gc,heap       ] GC(29) Humongous regions: 129->129
[2020-11-25T13:31:10.896-0300][gc,metaspace  ] GC(29) Metaspace: 48792K->48792K(1093632K)
[2020-11-25T13:31:10.896-0300][gc            ] GC(29) Pause Young (Normal) (G1 Evacuation Pause) 758M->150M(1024M) 34,408ms
[2020-11-25T13:31:10.896-0300][gc,cpu        ] GC(29) User=0,14s Sys=0,00s Real=0,04s
[2020-11-25T15:00:41.677-0300][gc,start      ] GC(30) Pause Young (Normal) (G1 Evacuation Pause)
[2020-11-25T15:00:41.677-0300][gc,task       ] GC(30) Using 8 workers of 8 for evacuation
[2020-11-25T15:00:41.691-0300][gc,phases     ] GC(30)   Pre Evacuate Collection Set: 0,1ms
[2020-11-25T15:00:41.691-0300][gc,phases     ] GC(30)   Evacuate Collection Set: 11,8ms
[2020-11-25T15:00:41.691-0300][gc,phases     ] GC(30)   Post Evacuate Collection Set: 1,6ms
[2020-11-25T15:00:41.691-0300][gc,phases     ] GC(30)   Other: 0,6ms
[2020-11-25T15:00:41.691-0300][gc,heap       ] GC(30) Eden regions: 609->0(609)
[2020-11-25T15:00:41.691-0300][gc,heap       ] GC(30) Survivor regions: 5->5(77)
[2020-11-25T15:00:41.691-0300][gc,heap       ] GC(30) Old regions: 17->18
[2020-11-25T15:00:41.691-0300][gc,heap       ] GC(30) Humongous regions: 129->129
[2020-11-25T15:00:41.691-0300][gc,metaspace  ] GC(30) Metaspace: 48802K->48802K(1093632K)
[2020-11-25T15:00:41.691-0300][gc            ] GC(30) Pause Young (Normal) (G1 Evacuation Pause) 759M->150M(1024M) 14,324ms
[2020-11-25T15:00:41.691-0300][gc,cpu        ] GC(30) User=0,10s Sys=0,00s Real=0,01s
[2020-11-25T16:29:48.779-0300][gc,start      ] GC(31) Pause Young (Normal) (G1 Evacuation Pause)
[2020-11-25T16:29:48.779-0300][gc,task       ] GC(31) Using 8 workers of 8 for evacuation
[2020-11-25T16:29:48.797-0300][gc,phases     ] GC(31)   Pre Evacuate Collection Set: 0,0ms
[2020-11-25T16:29:48.797-0300][gc,phases     ] GC(31)   Evacuate Collection Set: 15,4ms
[2020-11-25T16:29:48.797-0300][gc,phases     ] GC(31)   Post Evacuate Collection Set: 2,1ms
[2020-11-25T16:29:48.797-0300][gc,phases     ] GC(31)   Other: 0,5ms
[2020-11-25T16:29:48.797-0300][gc,heap       ] GC(31) Eden regions: 609->0(609)
[2020-11-25T16:29:48.797-0300][gc,heap       ] GC(31) Survivor regions: 5->5(77)
[2020-11-25T16:29:48.797-0300][gc,heap       ] GC(31) Old regions: 18->18
[2020-11-25T16:29:48.797-0300][gc,heap       ] GC(31) Humongous regions: 129->129
[2020-11-25T16:29:48.797-0300][gc,metaspace  ] GC(31) Metaspace: 48804K->48804K(1093632K)
[2020-11-25T16:29:48.798-0300][gc            ] GC(31) Pause Young (Normal) (G1 Evacuation Pause) 759M->151M(1024M) 18,313ms
[2020-11-25T16:29:48.798-0300][gc,cpu        ] GC(31) User=0,10s Sys=0,00s Real=0,02s
[2020-11-25T17:04:25.015-0300][gc,heap,exit  ] Heap
[2020-11-25T17:04:25.015-0300][gc,heap,exit  ]  garbage-first heap   total 1048576K, used 408856K [0x00000000c0000000, 0x0000000100000000)
[2020-11-25T17:04:25.015-0300][gc,heap,exit  ]   region size 1024K, 255 young (261120K), 5 survivors (5120K)
[2020-11-25T17:04:25.015-0300][gc,heap,exit  ]  Metaspace       used 49434K, capacity 51697K, committed 51888K, reserved 1095680K
[2020-11-25T17:04:25.015-0300][gc,heap,exit  ]   class space    used 5631K, capacity 6656K, committed 6656K, reserved 1048576K
