[2020-11-23T16:50:11.508-0300][gc,heap] Heap region size: 1M
[2020-11-23T16:50:11.514-0300][gc     ] Using G1
[2020-11-23T16:50:11.514-0300][gc,heap,coops] Heap address: 0x00000000c0000000, size: 1024 MB, Compressed Oops mode: 32-bit
[2020-11-23T16:50:12.052-0300][gc,start     ] GC(0) Pause Young (Concurrent Start) (Metadata GC Threshold)
[2020-11-23T16:50:12.053-0300][gc,task      ] GC(0) Using 8 workers of 8 for evacuation
[2020-11-23T16:50:12.058-0300][gc,phases    ] GC(0)   Pre Evacuate Collection Set: 0,0ms
[2020-11-23T16:50:12.058-0300][gc,phases    ] GC(0)   Evacuate Collection Set: 5,1ms
[2020-11-23T16:50:12.058-0300][gc,phases    ] GC(0)   Post Evacuate Collection Set: 0,4ms
[2020-11-23T16:50:12.058-0300][gc,phases    ] GC(0)   Other: 0,8ms
[2020-11-23T16:50:12.058-0300][gc,heap      ] GC(0) Eden regions: 41->0(44)
[2020-11-23T16:50:12.058-0300][gc,heap      ] GC(0) Survivor regions: 0->7(7)
[2020-11-23T16:50:12.058-0300][gc,heap      ] GC(0) Old regions: 0->0
[2020-11-23T16:50:12.058-0300][gc,heap      ] GC(0) Humongous regions: 0->0
[2020-11-23T16:50:12.058-0300][gc,metaspace ] GC(0) Metaspace: 20661K->20661K(1069056K)
[2020-11-23T16:50:12.058-0300][gc           ] GC(0) Pause Young (Concurrent Start) (Metadata GC Threshold) 40M->6M(1024M) 6,489ms
[2020-11-23T16:50:12.058-0300][gc,cpu       ] GC(0) User=0,01s Sys=0,01s Real=0,01s
[2020-11-23T16:50:12.058-0300][gc           ] GC(1) Concurrent Cycle
[2020-11-23T16:50:12.058-0300][gc,marking   ] GC(1) Concurrent Clear Claimed Marks
[2020-11-23T16:50:12.059-0300][gc,marking   ] GC(1) Concurrent Clear Claimed Marks 0,008ms
[2020-11-23T16:50:12.059-0300][gc,marking   ] GC(1) Concurrent Scan Root Regions
[2020-11-23T16:50:12.060-0300][gc,marking   ] GC(1) Concurrent Scan Root Regions 1,120ms
[2020-11-23T16:50:12.060-0300][gc,marking   ] GC(1) Concurrent Mark (0,554s)
[2020-11-23T16:50:12.060-0300][gc,marking   ] GC(1) Concurrent Mark From Roots
[2020-11-23T16:50:12.060-0300][gc,task      ] GC(1) Using 2 workers of 2 for marking
[2020-11-23T16:50:12.060-0300][gc,marking   ] GC(1) Concurrent Mark From Roots 0,382ms
[2020-11-23T16:50:12.060-0300][gc,marking   ] GC(1) Concurrent Preclean
[2020-11-23T16:50:12.060-0300][gc,marking   ] GC(1) Concurrent Preclean 0,082ms
[2020-11-23T16:50:12.060-0300][gc,marking   ] GC(1) Concurrent Mark (0,554s, 0,555s) 0,495ms
[2020-11-23T16:50:12.060-0300][gc,start     ] GC(1) Pause Remark
[2020-11-23T16:50:12.062-0300][gc,stringtable] GC(1) Cleaned string and symbol table, strings: 7548 processed, 0 removed, symbols: 64214 processed, 32 removed
[2020-11-23T16:50:12.062-0300][gc            ] GC(1) Pause Remark 7M->7M(1024M) 1,843ms
[2020-11-23T16:50:12.062-0300][gc,cpu        ] GC(1) User=0,01s Sys=0,00s Real=0,00s
[2020-11-23T16:50:12.062-0300][gc,marking    ] GC(1) Concurrent Rebuild Remembered Sets
[2020-11-23T16:50:12.062-0300][gc,marking    ] GC(1) Concurrent Rebuild Remembered Sets 0,116ms
[2020-11-23T16:50:12.062-0300][gc,start      ] GC(1) Pause Cleanup
[2020-11-23T16:50:12.063-0300][gc            ] GC(1) Pause Cleanup 7M->7M(1024M) 0,221ms
[2020-11-23T16:50:12.063-0300][gc,cpu        ] GC(1) User=0,00s Sys=0,00s Real=0,00s
[2020-11-23T16:50:12.063-0300][gc,marking    ] GC(1) Concurrent Cleanup for Next Mark
[2020-11-23T16:50:12.066-0300][gc,marking    ] GC(1) Concurrent Cleanup for Next Mark 2,887ms
[2020-11-23T16:50:12.066-0300][gc            ] GC(1) Concurrent Cycle 7,082ms
[2020-11-23T16:50:12.561-0300][gc,start      ] GC(2) Pause Young (Normal) (G1 Evacuation Pause)
[2020-11-23T16:50:12.561-0300][gc,task       ] GC(2) Using 8 workers of 8 for evacuation
[2020-11-23T16:50:12.565-0300][gc,phases     ] GC(2)   Pre Evacuate Collection Set: 0,0ms
[2020-11-23T16:50:12.565-0300][gc,phases     ] GC(2)   Evacuate Collection Set: 3,5ms
[2020-11-23T16:50:12.565-0300][gc,phases     ] GC(2)   Post Evacuate Collection Set: 0,4ms
[2020-11-23T16:50:12.565-0300][gc,phases     ] GC(2)   Other: 0,1ms
[2020-11-23T16:50:12.565-0300][gc,heap       ] GC(2) Eden regions: 44->0(48)
[2020-11-23T16:50:12.565-0300][gc,heap       ] GC(2) Survivor regions: 7->3(7)
[2020-11-23T16:50:12.565-0300][gc,heap       ] GC(2) Old regions: 0->7
[2020-11-23T16:50:12.565-0300][gc,heap       ] GC(2) Humongous regions: 129->129
[2020-11-23T16:50:12.565-0300][gc,metaspace  ] GC(2) Metaspace: 30609K->30609K(1077248K)
[2020-11-23T16:50:12.565-0300][gc            ] GC(2) Pause Young (Normal) (G1 Evacuation Pause) 179M->137M(1024M) 4,032ms
[2020-11-23T16:50:12.565-0300][gc,cpu        ] GC(2) User=0,03s Sys=0,00s Real=0,01s
[2020-11-23T16:50:12.789-0300][gc,start      ] GC(3) Pause Young (Concurrent Start) (Metadata GC Threshold)
[2020-11-23T16:50:12.789-0300][gc,task       ] GC(3) Using 8 workers of 8 for evacuation
[2020-11-23T16:50:12.793-0300][gc,phases     ] GC(3)   Pre Evacuate Collection Set: 0,1ms
[2020-11-23T16:50:12.793-0300][gc,phases     ] GC(3)   Evacuate Collection Set: 2,7ms
[2020-11-23T16:50:12.793-0300][gc,phases     ] GC(3)   Post Evacuate Collection Set: 0,4ms
[2020-11-23T16:50:12.793-0300][gc,phases     ] GC(3)   Other: 0,1ms
[2020-11-23T16:50:12.793-0300][gc,heap       ] GC(3) Eden regions: 26->0(46)
[2020-11-23T16:50:12.793-0300][gc,heap       ] GC(3) Survivor regions: 3->5(7)
[2020-11-23T16:50:12.793-0300][gc,heap       ] GC(3) Old regions: 7->7
[2020-11-23T16:50:12.793-0300][gc,heap       ] GC(3) Humongous regions: 129->129
[2020-11-23T16:50:12.793-0300][gc,metaspace  ] GC(3) Metaspace: 35030K->35030K(1081344K)
[2020-11-23T16:50:12.793-0300][gc            ] GC(3) Pause Young (Concurrent Start) (Metadata GC Threshold) 162M->139M(1024M) 3,334ms
[2020-11-23T16:50:12.793-0300][gc,cpu        ] GC(3) User=0,02s Sys=0,00s Real=0,00s
[2020-11-23T16:50:12.793-0300][gc            ] GC(4) Concurrent Cycle
[2020-11-23T16:50:12.793-0300][gc,marking    ] GC(4) Concurrent Clear Claimed Marks
[2020-11-23T16:50:12.793-0300][gc,marking    ] GC(4) Concurrent Clear Claimed Marks 0,018ms
[2020-11-23T16:50:12.793-0300][gc,marking    ] GC(4) Concurrent Scan Root Regions
[2020-11-23T16:50:12.794-0300][gc,marking    ] GC(4) Concurrent Scan Root Regions 1,558ms
[2020-11-23T16:50:12.794-0300][gc,marking    ] GC(4) Concurrent Mark (1,289s)
[2020-11-23T16:50:12.794-0300][gc,marking    ] GC(4) Concurrent Mark From Roots
[2020-11-23T16:50:12.794-0300][gc,task       ] GC(4) Using 2 workers of 2 for marking
[2020-11-23T16:50:12.800-0300][gc,marking    ] GC(4) Concurrent Mark From Roots 5,419ms
[2020-11-23T16:50:12.800-0300][gc,marking    ] GC(4) Concurrent Preclean
[2020-11-23T16:50:12.800-0300][gc,marking    ] GC(4) Concurrent Preclean 0,146ms
[2020-11-23T16:50:12.800-0300][gc,marking    ] GC(4) Concurrent Mark (1,289s, 1,294s) 5,612ms
[2020-11-23T16:50:12.800-0300][gc,start      ] GC(4) Pause Remark
[2020-11-23T16:50:12.807-0300][gc,stringtable] GC(4) Cleaned string and symbol table, strings: 13136 processed, 7 removed, symbols: 98755 processed, 25 removed
[2020-11-23T16:50:12.807-0300][gc            ] GC(4) Pause Remark 140M->140M(1024M) 6,734ms
[2020-11-23T16:50:12.807-0300][gc,cpu        ] GC(4) User=0,05s Sys=0,00s Real=0,01s
[2020-11-23T16:50:12.807-0300][gc,marking    ] GC(4) Concurrent Rebuild Remembered Sets
[2020-11-23T16:50:12.809-0300][gc,marking    ] GC(4) Concurrent Rebuild Remembered Sets 2,570ms
[2020-11-23T16:50:12.810-0300][gc,start      ] GC(4) Pause Cleanup
[2020-11-23T16:50:12.811-0300][gc            ] GC(4) Pause Cleanup 140M->140M(1024M) 0,169ms
[2020-11-23T16:50:12.811-0300][gc,cpu        ] GC(4) User=0,00s Sys=0,00s Real=0,00s
[2020-11-23T16:50:12.811-0300][gc,marking    ] GC(4) Concurrent Cleanup for Next Mark
[2020-11-23T16:50:12.814-0300][gc,marking    ] GC(4) Concurrent Cleanup for Next Mark 3,125ms
[2020-11-23T16:50:12.814-0300][gc            ] GC(4) Concurrent Cycle 21,141ms
[2020-11-23T17:43:14.266-0300][gc,start      ] GC(5) Pause Young (Normal) (G1 Evacuation Pause)
[2020-11-23T17:43:14.266-0300][gc,task       ] GC(5) Using 8 workers of 8 for evacuation
[2020-11-23T17:43:14.271-0300][gc,phases     ] GC(5)   Pre Evacuate Collection Set: 0,0ms
[2020-11-23T17:43:14.271-0300][gc,phases     ] GC(5)   Evacuate Collection Set: 4,0ms
[2020-11-23T17:43:14.271-0300][gc,phases     ] GC(5)   Post Evacuate Collection Set: 0,5ms
[2020-11-23T17:43:14.271-0300][gc,phases     ] GC(5)   Other: 0,2ms
[2020-11-23T17:43:14.271-0300][gc,heap       ] GC(5) Eden regions: 46->0(47)
[2020-11-23T17:43:14.271-0300][gc,heap       ] GC(5) Survivor regions: 5->4(7)
[2020-11-23T17:43:14.271-0300][gc,heap       ] GC(5) Old regions: 7->8
[2020-11-23T17:43:14.271-0300][gc,heap       ] GC(5) Humongous regions: 129->0
[2020-11-23T17:43:14.271-0300][gc,metaspace  ] GC(5) Metaspace: 41916K->41916K(1087488K)
[2020-11-23T17:43:14.271-0300][gc            ] GC(5) Pause Young (Normal) (G1 Evacuation Pause) 185M->11M(1024M) 4,707ms
[2020-11-23T17:43:14.271-0300][gc,cpu        ] GC(5) User=0,02s Sys=0,00s Real=0,00s
[2020-11-23T17:43:16.948-0300][gc,heap,exit  ] Heap
[2020-11-23T17:43:16.948-0300][gc,heap,exit  ]  garbage-first heap   total 1048576K, used 14876K [0x00000000c0000000, 0x0000000100000000)
[2020-11-23T17:43:16.948-0300][gc,heap,exit  ]   region size 1024K, 8 young (8192K), 4 survivors (4096K)
[2020-11-23T17:43:16.948-0300][gc,heap,exit  ]  Metaspace       used 42090K, capacity 43432K, committed 43568K, reserved 1087488K
[2020-11-23T17:43:16.948-0300][gc,heap,exit  ]   class space    used 4654K, capacity 5244K, committed 5248K, reserved 1048576K
