[2020-11-25T17:04:28.139-0300][gc,heap] Heap region size: 1M
[2020-11-25T17:04:28.164-0300][gc     ] Using G1
[2020-11-25T17:04:28.164-0300][gc,heap,coops] Heap address: 0x00000000c0000000, size: 1024 MB, Compressed Oops mode: 32-bit
[2020-11-25T17:04:28.743-0300][gc,start     ] GC(0) Pause Young (Concurrent Start) (Metadata GC Threshold)
[2020-11-25T17:04:28.743-0300][gc,task      ] GC(0) Using 8 workers of 8 for evacuation
[2020-11-25T17:04:28.748-0300][gc,phases    ] GC(0)   Pre Evacuate Collection Set: 0,0ms
[2020-11-25T17:04:28.748-0300][gc,phases    ] GC(0)   Evacuate Collection Set: 4,8ms
[2020-11-25T17:04:28.749-0300][gc,phases    ] GC(0)   Post Evacuate Collection Set: 0,4ms
[2020-11-25T17:04:28.749-0300][gc,phases    ] GC(0)   Other: 0,8ms
[2020-11-25T17:04:28.749-0300][gc,heap      ] GC(0) Eden regions: 41->0(44)
[2020-11-25T17:04:28.749-0300][gc,heap      ] GC(0) Survivor regions: 0->7(7)
[2020-11-25T17:04:28.749-0300][gc,heap      ] GC(0) Old regions: 0->0
[2020-11-25T17:04:28.749-0300][gc,heap      ] GC(0) Humongous regions: 0->0
[2020-11-25T17:04:28.749-0300][gc,metaspace ] GC(0) Metaspace: 20802K->20802K(1069056K)
[2020-11-25T17:04:28.749-0300][gc           ] GC(0) Pause Young (Concurrent Start) (Metadata GC Threshold) 40M->6M(1024M) 5,995ms
[2020-11-25T17:04:28.749-0300][gc,cpu       ] GC(0) User=0,02s Sys=0,00s Real=0,01s
[2020-11-25T17:04:28.749-0300][gc           ] GC(1) Concurrent Cycle
[2020-11-25T17:04:28.749-0300][gc,marking   ] GC(1) Concurrent Clear Claimed Marks
[2020-11-25T17:04:28.749-0300][gc,marking   ] GC(1) Concurrent Clear Claimed Marks 0,012ms
[2020-11-25T17:04:28.749-0300][gc,marking   ] GC(1) Concurrent Scan Root Regions
[2020-11-25T17:04:28.750-0300][gc,marking   ] GC(1) Concurrent Scan Root Regions 1,549ms
[2020-11-25T17:04:28.750-0300][gc,marking   ] GC(1) Concurrent Mark (0,622s)
[2020-11-25T17:04:28.750-0300][gc,marking   ] GC(1) Concurrent Mark From Roots
[2020-11-25T17:04:28.750-0300][gc,task      ] GC(1) Using 2 workers of 2 for marking
[2020-11-25T17:04:28.751-0300][gc,marking   ] GC(1) Concurrent Mark From Roots 0,407ms
[2020-11-25T17:04:28.751-0300][gc,marking   ] GC(1) Concurrent Preclean
[2020-11-25T17:04:28.751-0300][gc,marking   ] GC(1) Concurrent Preclean 0,083ms
[2020-11-25T17:04:28.751-0300][gc,marking   ] GC(1) Concurrent Mark (0,622s, 0,622s) 0,512ms
[2020-11-25T17:04:28.751-0300][gc,start     ] GC(1) Pause Remark
[2020-11-25T17:04:28.752-0300][gc,stringtable] GC(1) Cleaned string and symbol table, strings: 7580 processed, 0 removed, symbols: 64365 processed, 35 removed
[2020-11-25T17:04:28.752-0300][gc            ] GC(1) Pause Remark 6M->6M(1024M) 1,291ms
[2020-11-25T17:04:28.752-0300][gc,cpu        ] GC(1) User=0,01s Sys=0,00s Real=0,00s
[2020-11-25T17:04:28.752-0300][gc,marking    ] GC(1) Concurrent Rebuild Remembered Sets
[2020-11-25T17:04:28.752-0300][gc,marking    ] GC(1) Concurrent Rebuild Remembered Sets 0,090ms
[2020-11-25T17:04:28.752-0300][gc,start      ] GC(1) Pause Cleanup
[2020-11-25T17:04:28.752-0300][gc            ] GC(1) Pause Cleanup 6M->6M(1024M) 0,191ms
[2020-11-25T17:04:28.752-0300][gc,cpu        ] GC(1) User=0,00s Sys=0,00s Real=0,00s
[2020-11-25T17:04:28.752-0300][gc,marking    ] GC(1) Concurrent Cleanup for Next Mark
[2020-11-25T17:04:28.756-0300][gc,marking    ] GC(1) Concurrent Cleanup for Next Mark 3,164ms
[2020-11-25T17:04:28.756-0300][gc            ] GC(1) Concurrent Cycle 7,088ms
[2020-11-25T17:04:29.344-0300][gc,start      ] GC(2) Pause Young (Normal) (G1 Evacuation Pause)
[2020-11-25T17:04:29.344-0300][gc,task       ] GC(2) Using 8 workers of 8 for evacuation
[2020-11-25T17:04:29.349-0300][gc,phases     ] GC(2)   Pre Evacuate Collection Set: 0,0ms
[2020-11-25T17:04:29.349-0300][gc,phases     ] GC(2)   Evacuate Collection Set: 3,9ms
[2020-11-25T17:04:29.349-0300][gc,phases     ] GC(2)   Post Evacuate Collection Set: 0,4ms
[2020-11-25T17:04:29.349-0300][gc,phases     ] GC(2)   Other: 0,1ms
[2020-11-25T17:04:29.349-0300][gc,heap       ] GC(2) Eden regions: 44->0(49)
[2020-11-25T17:04:29.349-0300][gc,heap       ] GC(2) Survivor regions: 7->2(7)
[2020-11-25T17:04:29.349-0300][gc,heap       ] GC(2) Old regions: 0->7
[2020-11-25T17:04:29.349-0300][gc,heap       ] GC(2) Humongous regions: 0->0
[2020-11-25T17:04:29.349-0300][gc,metaspace  ] GC(2) Metaspace: 29475K->29475K(1075200K)
[2020-11-25T17:04:29.349-0300][gc            ] GC(2) Pause Young (Normal) (G1 Evacuation Pause) 50M->8M(1024M) 4,545ms
[2020-11-25T17:04:29.349-0300][gc,cpu        ] GC(2) User=0,02s Sys=0,00s Real=0,01s
[2020-11-25T17:04:29.598-0300][gc,start      ] GC(3) Pause Young (Concurrent Start) (Metadata GC Threshold)
[2020-11-25T17:04:29.598-0300][gc,task       ] GC(3) Using 8 workers of 8 for evacuation
[2020-11-25T17:04:29.600-0300][gc,phases     ] GC(3)   Pre Evacuate Collection Set: 0,1ms
[2020-11-25T17:04:29.600-0300][gc,phases     ] GC(3)   Evacuate Collection Set: 2,3ms
[2020-11-25T17:04:29.600-0300][gc,phases     ] GC(3)   Post Evacuate Collection Set: 0,4ms
[2020-11-25T17:04:29.600-0300][gc,phases     ] GC(3)   Other: 0,1ms
[2020-11-25T17:04:29.600-0300][gc,heap       ] GC(3) Eden regions: 30->0(46)
[2020-11-25T17:04:29.600-0300][gc,heap       ] GC(3) Survivor regions: 2->5(7)
[2020-11-25T17:04:29.600-0300][gc,heap       ] GC(3) Old regions: 7->7
[2020-11-25T17:04:29.600-0300][gc,heap       ] GC(3) Humongous regions: 129->129
[2020-11-25T17:04:29.600-0300][gc,metaspace  ] GC(3) Metaspace: 35074K->35074K(1081344K)
[2020-11-25T17:04:29.601-0300][gc            ] GC(3) Pause Young (Concurrent Start) (Metadata GC Threshold) 166M->139M(1024M) 2,906ms
[2020-11-25T17:04:29.601-0300][gc,cpu        ] GC(3) User=0,01s Sys=0,00s Real=0,00s
[2020-11-25T17:04:29.601-0300][gc            ] GC(4) Concurrent Cycle
[2020-11-25T17:04:29.601-0300][gc,marking    ] GC(4) Concurrent Clear Claimed Marks
[2020-11-25T17:04:29.601-0300][gc,marking    ] GC(4) Concurrent Clear Claimed Marks 0,018ms
[2020-11-25T17:04:29.601-0300][gc,marking    ] GC(4) Concurrent Scan Root Regions
[2020-11-25T17:04:29.602-0300][gc,marking    ] GC(4) Concurrent Scan Root Regions 1,027ms
[2020-11-25T17:04:29.602-0300][gc,marking    ] GC(4) Concurrent Mark (1,473s)
[2020-11-25T17:04:29.602-0300][gc,marking    ] GC(4) Concurrent Mark From Roots
[2020-11-25T17:04:29.602-0300][gc,task       ] GC(4) Using 2 workers of 2 for marking
[2020-11-25T17:04:29.605-0300][gc,marking    ] GC(4) Concurrent Mark From Roots 3,218ms
[2020-11-25T17:04:29.605-0300][gc,marking    ] GC(4) Concurrent Preclean
[2020-11-25T17:04:29.605-0300][gc,marking    ] GC(4) Concurrent Preclean 0,118ms
[2020-11-25T17:04:29.605-0300][gc,marking    ] GC(4) Concurrent Mark (1,473s, 1,476s) 3,388ms
[2020-11-25T17:04:29.605-0300][gc,start      ] GC(4) Pause Remark
[2020-11-25T17:04:29.607-0300][gc,stringtable] GC(4) Cleaned string and symbol table, strings: 11691 processed, 7 removed, symbols: 96291 processed, 18 removed
[2020-11-25T17:04:29.608-0300][gc            ] GC(4) Pause Remark 139M->139M(1024M) 2,532ms
[2020-11-25T17:04:29.608-0300][gc,cpu        ] GC(4) User=0,02s Sys=0,00s Real=0,01s
[2020-11-25T17:04:29.608-0300][gc,marking    ] GC(4) Concurrent Rebuild Remembered Sets
[2020-11-25T17:04:29.610-0300][gc,marking    ] GC(4) Concurrent Rebuild Remembered Sets 1,901ms
[2020-11-25T17:04:29.610-0300][gc,start      ] GC(4) Pause Cleanup
[2020-11-25T17:04:29.610-0300][gc            ] GC(4) Pause Cleanup 139M->139M(1024M) 0,220ms
[2020-11-25T17:04:29.610-0300][gc,cpu        ] GC(4) User=0,01s Sys=0,00s Real=0,00s
[2020-11-25T17:04:29.610-0300][gc,marking    ] GC(4) Concurrent Cleanup for Next Mark
[2020-11-25T17:04:29.613-0300][gc,marking    ] GC(4) Concurrent Cleanup for Next Mark 3,349ms
[2020-11-25T17:04:29.613-0300][gc            ] GC(4) Concurrent Cycle 12,854ms
[2020-11-25T17:04:30.110-0300][gc,start      ] GC(5) Pause Young (Normal) (G1 Evacuation Pause)
[2020-11-25T17:04:30.110-0300][gc,task       ] GC(5) Using 8 workers of 8 for evacuation
[2020-11-25T17:04:30.116-0300][gc,phases     ] GC(5)   Pre Evacuate Collection Set: 0,1ms
[2020-11-25T17:04:30.116-0300][gc,phases     ] GC(5)   Evacuate Collection Set: 5,4ms
[2020-11-25T17:04:30.116-0300][gc,phases     ] GC(5)   Post Evacuate Collection Set: 0,6ms
[2020-11-25T17:04:30.116-0300][gc,phases     ] GC(5)   Other: 0,3ms
[2020-11-25T17:04:30.116-0300][gc,heap       ] GC(5) Eden regions: 46->0(45)
[2020-11-25T17:04:30.116-0300][gc,heap       ] GC(5) Survivor regions: 5->6(7)
[2020-11-25T17:04:30.116-0300][gc,heap       ] GC(5) Old regions: 7->8
[2020-11-25T17:04:30.116-0300][gc,heap       ] GC(5) Humongous regions: 141->135
[2020-11-25T17:04:30.116-0300][gc,metaspace  ] GC(5) Metaspace: 43863K->43863K(1089536K)
[2020-11-25T17:04:30.116-0300][gc            ] GC(5) Pause Young (Normal) (G1 Evacuation Pause) 197M->148M(1024M) 6,377ms
[2020-11-25T17:04:30.117-0300][gc,cpu        ] GC(5) User=0,03s Sys=0,00s Real=0,01s
[2020-11-25T17:09:55.687-0300][gc,start      ] GC(6) Pause Young (Normal) (G1 Evacuation Pause)
[2020-11-25T17:09:55.687-0300][gc,task       ] GC(6) Using 8 workers of 8 for evacuation
[2020-11-25T17:09:55.697-0300][gc,phases     ] GC(6)   Pre Evacuate Collection Set: 0,0ms
[2020-11-25T17:09:55.697-0300][gc,phases     ] GC(6)   Evacuate Collection Set: 8,8ms
[2020-11-25T17:09:55.697-0300][gc,phases     ] GC(6)   Post Evacuate Collection Set: 1,0ms
[2020-11-25T17:09:55.697-0300][gc,phases     ] GC(6)   Other: 0,3ms
[2020-11-25T17:09:55.697-0300][gc,heap       ] GC(6) Eden regions: 45->0(45)
[2020-11-25T17:09:55.697-0300][gc,heap       ] GC(6) Survivor regions: 6->6(7)
[2020-11-25T17:09:55.697-0300][gc,heap       ] GC(6) Old regions: 8->11
[2020-11-25T17:09:55.697-0300][gc,heap       ] GC(6) Humongous regions: 171->129
[2020-11-25T17:09:55.697-0300][gc,metaspace  ] GC(6) Metaspace: 47061K->47061K(1091584K)
[2020-11-25T17:09:55.697-0300][gc            ] GC(6) Pause Young (Normal) (G1 Evacuation Pause) 229M->144M(1024M) 10,263ms
[2020-11-25T17:09:55.697-0300][gc,cpu        ] GC(6) User=0,06s Sys=0,00s Real=0,01s
[2020-11-25T17:22:09.783-0300][gc,start      ] GC(7) Pause Young (Normal) (G1 Evacuation Pause)
[2020-11-25T17:22:09.783-0300][gc,task       ] GC(7) Using 8 workers of 8 for evacuation
[2020-11-25T17:22:09.793-0300][gc,phases     ] GC(7)   Pre Evacuate Collection Set: 0,0ms
[2020-11-25T17:22:09.793-0300][gc,phases     ] GC(7)   Evacuate Collection Set: 8,3ms
[2020-11-25T17:22:09.793-0300][gc,phases     ] GC(7)   Post Evacuate Collection Set: 1,2ms
[2020-11-25T17:22:09.793-0300][gc,phases     ] GC(7)   Other: 0,3ms
[2020-11-25T17:22:09.793-0300][gc,heap       ] GC(7) Eden regions: 45->0(48)
[2020-11-25T17:22:09.793-0300][gc,heap       ] GC(7) Survivor regions: 6->3(7)
[2020-11-25T17:22:09.793-0300][gc,heap       ] GC(7) Old regions: 11->14
[2020-11-25T17:22:09.793-0300][gc,heap       ] GC(7) Humongous regions: 129->129
[2020-11-25T17:22:09.793-0300][gc,metaspace  ] GC(7) Metaspace: 47285K->47285K(1091584K)
[2020-11-25T17:22:09.793-0300][gc            ] GC(7) Pause Young (Normal) (G1 Evacuation Pause) 189M->145M(1024M) 10,001ms
[2020-11-25T17:22:09.793-0300][gc,cpu        ] GC(7) User=0,06s Sys=0,00s Real=0,01s
[2020-11-25T17:36:37.947-0300][gc,start      ] GC(8) Pause Young (Normal) (G1 Evacuation Pause)
[2020-11-25T17:36:37.947-0300][gc,task       ] GC(8) Using 8 workers of 8 for evacuation
[2020-11-25T17:36:37.963-0300][gc,phases     ] GC(8)   Pre Evacuate Collection Set: 0,1ms
[2020-11-25T17:36:37.963-0300][gc,phases     ] GC(8)   Evacuate Collection Set: 12,7ms
[2020-11-25T17:36:37.963-0300][gc,phases     ] GC(8)   Post Evacuate Collection Set: 3,0ms
[2020-11-25T17:36:37.963-0300][gc,phases     ] GC(8)   Other: 0,6ms
[2020-11-25T17:36:37.963-0300][gc,heap       ] GC(8) Eden regions: 48->0(47)
[2020-11-25T17:36:37.963-0300][gc,heap       ] GC(8) Survivor regions: 3->4(7)
[2020-11-25T17:36:37.963-0300][gc,heap       ] GC(8) Old regions: 14->14
[2020-11-25T17:36:37.963-0300][gc,heap       ] GC(8) Humongous regions: 129->129
[2020-11-25T17:36:37.963-0300][gc,metaspace  ] GC(8) Metaspace: 47392K->47392K(1091584K)
[2020-11-25T17:36:37.963-0300][gc            ] GC(8) Pause Young (Normal) (G1 Evacuation Pause) 193M->146M(1024M) 16,433ms
[2020-11-25T17:36:37.963-0300][gc,cpu        ] GC(8) User=0,09s Sys=0,00s Real=0,01s
[2020-11-25T17:48:15.360-0300][gc,start      ] GC(9) Pause Young (Normal) (G1 Evacuation Pause)
[2020-11-25T17:48:15.360-0300][gc,task       ] GC(9) Using 8 workers of 8 for evacuation
[2020-11-25T17:48:15.370-0300][gc,phases     ] GC(9)   Pre Evacuate Collection Set: 0,0ms
[2020-11-25T17:48:15.370-0300][gc,phases     ] GC(9)   Evacuate Collection Set: 8,0ms
[2020-11-25T17:48:15.370-0300][gc,phases     ] GC(9)   Post Evacuate Collection Set: 2,0ms
[2020-11-25T17:48:15.371-0300][gc,phases     ] GC(9)   Other: 0,4ms
[2020-11-25T17:48:15.371-0300][gc,heap       ] GC(9) Eden regions: 47->0(48)
[2020-11-25T17:48:15.371-0300][gc,heap       ] GC(9) Survivor regions: 4->3(7)
[2020-11-25T17:48:15.371-0300][gc,heap       ] GC(9) Old regions: 14->15
[2020-11-25T17:48:15.371-0300][gc,heap       ] GC(9) Humongous regions: 129->129
[2020-11-25T17:48:15.371-0300][gc,metaspace  ] GC(9) Metaspace: 47560K->47560K(1093632K)
[2020-11-25T17:48:15.371-0300][gc            ] GC(9) Pause Young (Normal) (G1 Evacuation Pause) 193M->145M(1024M) 10,849ms
[2020-11-25T17:48:15.371-0300][gc,cpu        ] GC(9) User=0,07s Sys=0,00s Real=0,01s
[2020-11-25T17:54:34.339-0300][gc,start      ] GC(10) Pause Young (Normal) (G1 Evacuation Pause)
[2020-11-25T17:54:34.339-0300][gc,task       ] GC(10) Using 8 workers of 8 for evacuation
[2020-11-25T17:54:34.349-0300][gc,phases     ] GC(10)   Pre Evacuate Collection Set: 0,1ms
[2020-11-25T17:54:34.349-0300][gc,phases     ] GC(10)   Evacuate Collection Set: 8,0ms
[2020-11-25T17:54:34.349-0300][gc,phases     ] GC(10)   Post Evacuate Collection Set: 1,0ms
[2020-11-25T17:54:34.349-0300][gc,phases     ] GC(10)   Other: 0,5ms
[2020-11-25T17:54:34.349-0300][gc,heap       ] GC(10) Eden regions: 48->0(47)
[2020-11-25T17:54:34.349-0300][gc,heap       ] GC(10) Survivor regions: 3->4(7)
[2020-11-25T17:54:34.349-0300][gc,heap       ] GC(10) Old regions: 15->15
[2020-11-25T17:54:34.349-0300][gc,heap       ] GC(10) Humongous regions: 129->129
[2020-11-25T17:54:34.349-0300][gc,metaspace  ] GC(10) Metaspace: 47754K->47754K(1093632K)
[2020-11-25T17:54:34.349-0300][gc            ] GC(10) Pause Young (Normal) (G1 Evacuation Pause) 193M->147M(1024M) 9,852ms
[2020-11-25T17:54:34.349-0300][gc,cpu        ] GC(10) User=0,06s Sys=0,00s Real=0,01s
[2020-11-25T18:00:43.978-0300][gc,start      ] GC(11) Pause Young (Normal) (G1 Evacuation Pause)
[2020-11-25T18:00:43.978-0300][gc,task       ] GC(11) Using 8 workers of 8 for evacuation
[2020-11-25T18:00:43.985-0300][gc,phases     ] GC(11)   Pre Evacuate Collection Set: 0,1ms
[2020-11-25T18:00:43.985-0300][gc,phases     ] GC(11)   Evacuate Collection Set: 5,8ms
[2020-11-25T18:00:43.985-0300][gc,phases     ] GC(11)   Post Evacuate Collection Set: 0,8ms
[2020-11-25T18:00:43.985-0300][gc,phases     ] GC(11)   Other: 0,4ms
[2020-11-25T18:00:43.985-0300][gc,heap       ] GC(11) Eden regions: 47->0(57)
[2020-11-25T18:00:43.985-0300][gc,heap       ] GC(11) Survivor regions: 4->3(7)
[2020-11-25T18:00:43.985-0300][gc,heap       ] GC(11) Old regions: 15->15
[2020-11-25T18:00:43.985-0300][gc,heap       ] GC(11) Humongous regions: 129->129
[2020-11-25T18:00:43.985-0300][gc,metaspace  ] GC(11) Metaspace: 47871K->47871K(1093632K)
[2020-11-25T18:00:43.985-0300][gc            ] GC(11) Pause Young (Normal) (G1 Evacuation Pause) 194M->146M(1024M) 7,081ms
[2020-11-25T18:00:43.985-0300][gc,cpu        ] GC(11) User=0,05s Sys=0,00s Real=0,00s
[2020-11-25T18:07:48.619-0300][gc,start      ] GC(12) Pause Young (Normal) (G1 Evacuation Pause)
[2020-11-25T18:07:48.619-0300][gc,task       ] GC(12) Using 8 workers of 8 for evacuation
[2020-11-25T18:07:48.631-0300][gc,phases     ] GC(12)   Pre Evacuate Collection Set: 0,0ms
[2020-11-25T18:07:48.631-0300][gc,phases     ] GC(12)   Evacuate Collection Set: 11,0ms
[2020-11-25T18:07:48.631-0300][gc,phases     ] GC(12)   Post Evacuate Collection Set: 1,0ms
[2020-11-25T18:07:48.631-0300][gc,phases     ] GC(12)   Other: 0,4ms
[2020-11-25T18:07:48.631-0300][gc,heap       ] GC(12) Eden regions: 57->0(58)
[2020-11-25T18:07:48.631-0300][gc,heap       ] GC(12) Survivor regions: 3->5(8)
[2020-11-25T18:07:48.631-0300][gc,heap       ] GC(12) Old regions: 15->15
[2020-11-25T18:07:48.631-0300][gc,heap       ] GC(12) Humongous regions: 129->129
[2020-11-25T18:07:48.631-0300][gc,metaspace  ] GC(12) Metaspace: 48064K->48064K(1093632K)
[2020-11-25T18:07:48.631-0300][gc            ] GC(12) Pause Young (Normal) (G1 Evacuation Pause) 203M->148M(1024M) 12,680ms
[2020-11-25T18:07:48.631-0300][gc,cpu        ] GC(12) User=0,08s Sys=0,00s Real=0,01s
[2020-11-25T18:15:22.459-0300][gc,start      ] GC(13) Pause Young (Normal) (G1 Evacuation Pause)
[2020-11-25T18:15:22.459-0300][gc,task       ] GC(13) Using 8 workers of 8 for evacuation
[2020-11-25T18:15:22.462-0300][gc,phases     ] GC(13)   Pre Evacuate Collection Set: 0,0ms
[2020-11-25T18:15:22.462-0300][gc,phases     ] GC(13)   Evacuate Collection Set: 3,1ms
[2020-11-25T18:15:22.462-0300][gc,phases     ] GC(13)   Post Evacuate Collection Set: 0,4ms
[2020-11-25T18:15:22.462-0300][gc,phases     ] GC(13)   Other: 0,2ms
[2020-11-25T18:15:22.462-0300][gc,heap       ] GC(13) Eden regions: 58->0(610)
[2020-11-25T18:15:22.462-0300][gc,heap       ] GC(13) Survivor regions: 5->4(8)
[2020-11-25T18:15:22.462-0300][gc,heap       ] GC(13) Old regions: 15->16
[2020-11-25T18:15:22.462-0300][gc,heap       ] GC(13) Humongous regions: 129->129
[2020-11-25T18:15:22.462-0300][gc,metaspace  ] GC(13) Metaspace: 48096K->48096K(1093632K)
[2020-11-25T18:15:22.462-0300][gc            ] GC(13) Pause Young (Normal) (G1 Evacuation Pause) 206M->147M(1024M) 3,723ms
[2020-11-25T18:15:22.462-0300][gc,cpu        ] GC(13) User=0,02s Sys=0,00s Real=0,00s
[2020-11-25T19:36:28.775-0300][gc,start      ] GC(14) Pause Young (Normal) (G1 Evacuation Pause)
[2020-11-25T19:36:28.775-0300][gc,task       ] GC(14) Using 8 workers of 8 for evacuation
[2020-11-25T19:36:28.792-0300][gc,phases     ] GC(14)   Pre Evacuate Collection Set: 0,0ms
[2020-11-25T19:36:28.792-0300][gc,phases     ] GC(14)   Evacuate Collection Set: 14,6ms
[2020-11-25T19:36:28.792-0300][gc,phases     ] GC(14)   Post Evacuate Collection Set: 1,5ms
[2020-11-25T19:36:28.792-0300][gc,phases     ] GC(14)   Other: 0,7ms
[2020-11-25T19:36:28.792-0300][gc,heap       ] GC(14) Eden regions: 610->0(509)
[2020-11-25T19:36:28.792-0300][gc,heap       ] GC(14) Survivor regions: 4->5(77)
[2020-11-25T19:36:28.792-0300][gc,heap       ] GC(14) Old regions: 16->16
[2020-11-25T19:36:28.792-0300][gc,heap       ] GC(14) Humongous regions: 129->129
[2020-11-25T19:36:28.792-0300][gc,metaspace  ] GC(14) Metaspace: 48212K->48212K(1093632K)
[2020-11-25T19:36:28.792-0300][gc            ] GC(14) Pause Young (Normal) (G1 Evacuation Pause) 757M->148M(1024M) 16,999ms
[2020-11-25T19:36:28.792-0300][gc,cpu        ] GC(14) User=0,10s Sys=0,00s Real=0,01s
[2020-11-25T20:40:50.067-0300][gc,start      ] GC(15) Pause Young (Normal) (G1 Evacuation Pause)
[2020-11-25T20:40:50.067-0300][gc,task       ] GC(15) Using 8 workers of 8 for evacuation
[2020-11-25T20:40:50.073-0300][gc,phases     ] GC(15)   Pre Evacuate Collection Set: 0,0ms
[2020-11-25T20:40:50.073-0300][gc,phases     ] GC(15)   Evacuate Collection Set: 5,6ms
[2020-11-25T20:40:50.073-0300][gc,phases     ] GC(15)   Post Evacuate Collection Set: 0,5ms
[2020-11-25T20:40:50.073-0300][gc,phases     ] GC(15)   Other: 0,4ms
[2020-11-25T20:40:50.073-0300][gc,heap       ] GC(15) Eden regions: 485->0(609)
[2020-11-25T20:40:50.073-0300][gc,heap       ] GC(15) Survivor regions: 5->5(62)
[2020-11-25T20:40:50.073-0300][gc,heap       ] GC(15) Old regions: 16->16
[2020-11-25T20:40:50.073-0300][gc,heap       ] GC(15) Humongous regions: 129->129
[2020-11-25T20:40:50.073-0300][gc,metaspace  ] GC(15) Metaspace: 48297K->48297K(1093632K)
[2020-11-25T20:40:50.073-0300][gc            ] GC(15) Pause Young (Normal) (G1 Evacuation Pause) 633M->148M(1024M) 6,593ms
[2020-11-25T20:40:50.073-0300][gc,cpu        ] GC(15) User=0,04s Sys=0,00s Real=0,00s
[2020-11-25T22:02:19.892-0300][gc,start      ] GC(16) Pause Young (Normal) (G1 Evacuation Pause)
[2020-11-25T22:02:19.892-0300][gc,task       ] GC(16) Using 8 workers of 8 for evacuation
[2020-11-25T22:02:19.905-0300][gc,phases     ] GC(16)   Pre Evacuate Collection Set: 0,0ms
[2020-11-25T22:02:19.905-0300][gc,phases     ] GC(16)   Evacuate Collection Set: 11,2ms
[2020-11-25T22:02:19.905-0300][gc,phases     ] GC(16)   Post Evacuate Collection Set: 1,6ms
[2020-11-25T22:02:19.905-0300][gc,phases     ] GC(16)   Other: 0,6ms
[2020-11-25T22:02:19.905-0300][gc,heap       ] GC(16) Eden regions: 609->0(609)
[2020-11-25T22:02:19.905-0300][gc,heap       ] GC(16) Survivor regions: 5->5(77)
[2020-11-25T22:02:19.905-0300][gc,heap       ] GC(16) Old regions: 16->16
[2020-11-25T22:02:19.905-0300][gc,heap       ] GC(16) Humongous regions: 129->129
[2020-11-25T22:02:19.905-0300][gc,metaspace  ] GC(16) Metaspace: 48333K->48333K(1093632K)
[2020-11-25T22:02:19.905-0300][gc            ] GC(16) Pause Young (Normal) (G1 Evacuation Pause) 757M->148M(1024M) 13,615ms
[2020-11-25T22:02:19.906-0300][gc,cpu        ] GC(16) User=0,09s Sys=0,00s Real=0,01s
[2020-11-25T23:23:14.584-0300][gc,start      ] GC(17) Pause Young (Normal) (G1 Evacuation Pause)
[2020-11-25T23:23:14.584-0300][gc,task       ] GC(17) Using 8 workers of 8 for evacuation
[2020-11-25T23:23:14.590-0300][gc,phases     ] GC(17)   Pre Evacuate Collection Set: 0,0ms
[2020-11-25T23:23:14.590-0300][gc,phases     ] GC(17)   Evacuate Collection Set: 5,2ms
[2020-11-25T23:23:14.590-0300][gc,phases     ] GC(17)   Post Evacuate Collection Set: 0,9ms
[2020-11-25T23:23:14.590-0300][gc,phases     ] GC(17)   Other: 0,4ms
[2020-11-25T23:23:14.590-0300][gc,heap       ] GC(17) Eden regions: 609->0(609)
[2020-11-25T23:23:14.590-0300][gc,heap       ] GC(17) Survivor regions: 5->5(77)
[2020-11-25T23:23:14.590-0300][gc,heap       ] GC(17) Old regions: 16->16
[2020-11-25T23:23:14.590-0300][gc,heap       ] GC(17) Humongous regions: 129->129
[2020-11-25T23:23:14.590-0300][gc,metaspace  ] GC(17) Metaspace: 48367K->48367K(1093632K)
[2020-11-25T23:23:14.591-0300][gc            ] GC(17) Pause Young (Normal) (G1 Evacuation Pause) 757M->149M(1024M) 6,680ms
[2020-11-25T23:23:14.591-0300][gc,cpu        ] GC(17) User=0,04s Sys=0,00s Real=0,01s
[2020-11-26T00:44:45.497-0300][gc,start      ] GC(18) Pause Young (Normal) (G1 Evacuation Pause)
[2020-11-26T00:44:45.497-0300][gc,task       ] GC(18) Using 8 workers of 8 for evacuation
[2020-11-26T00:44:45.504-0300][gc,phases     ] GC(18)   Pre Evacuate Collection Set: 0,0ms
[2020-11-26T00:44:45.504-0300][gc,phases     ] GC(18)   Evacuate Collection Set: 5,4ms
[2020-11-26T00:44:45.504-0300][gc,phases     ] GC(18)   Post Evacuate Collection Set: 0,6ms
[2020-11-26T00:44:45.504-0300][gc,phases     ] GC(18)   Other: 0,5ms
[2020-11-26T00:44:45.504-0300][gc,heap       ] GC(18) Eden regions: 609->0(610)
[2020-11-26T00:44:45.504-0300][gc,heap       ] GC(18) Survivor regions: 5->4(77)
[2020-11-26T00:44:45.504-0300][gc,heap       ] GC(18) Old regions: 16->16
[2020-11-26T00:44:45.504-0300][gc,heap       ] GC(18) Humongous regions: 129->129
[2020-11-26T00:44:45.504-0300][gc,metaspace  ] GC(18) Metaspace: 48384K->48384K(1093632K)
[2020-11-26T00:44:45.504-0300][gc            ] GC(18) Pause Young (Normal) (G1 Evacuation Pause) 758M->147M(1024M) 6,641ms
[2020-11-26T00:44:45.504-0300][gc,cpu        ] GC(18) User=0,05s Sys=0,00s Real=0,00s
[2020-11-26T02:06:10.293-0300][gc,start      ] GC(19) Pause Young (Normal) (G1 Evacuation Pause)
[2020-11-26T02:06:10.293-0300][gc,task       ] GC(19) Using 8 workers of 8 for evacuation
[2020-11-26T02:06:10.300-0300][gc,phases     ] GC(19)   Pre Evacuate Collection Set: 0,0ms
[2020-11-26T02:06:10.300-0300][gc,phases     ] GC(19)   Evacuate Collection Set: 6,0ms
[2020-11-26T02:06:10.300-0300][gc,phases     ] GC(19)   Post Evacuate Collection Set: 0,6ms
[2020-11-26T02:06:10.300-0300][gc,phases     ] GC(19)   Other: 0,5ms
[2020-11-26T02:06:10.300-0300][gc,heap       ] GC(19) Eden regions: 610->0(610)
[2020-11-26T02:06:10.300-0300][gc,heap       ] GC(19) Survivor regions: 4->4(77)
[2020-11-26T02:06:10.300-0300][gc,heap       ] GC(19) Old regions: 16->16
[2020-11-26T02:06:10.300-0300][gc,heap       ] GC(19) Humongous regions: 129->129
[2020-11-26T02:06:10.300-0300][gc,metaspace  ] GC(19) Metaspace: 48429K->48429K(1093632K)
[2020-11-26T02:06:10.300-0300][gc            ] GC(19) Pause Young (Normal) (G1 Evacuation Pause) 757M->148M(1024M) 7,248ms
[2020-11-26T02:06:10.300-0300][gc,cpu        ] GC(19) User=0,05s Sys=0,00s Real=0,01s
[2020-11-26T03:27:59.357-0300][gc,start      ] GC(20) Pause Young (Normal) (G1 Evacuation Pause)
[2020-11-26T03:27:59.357-0300][gc,task       ] GC(20) Using 8 workers of 8 for evacuation
[2020-11-26T03:27:59.364-0300][gc,phases     ] GC(20)   Pre Evacuate Collection Set: 0,0ms
[2020-11-26T03:27:59.364-0300][gc,phases     ] GC(20)   Evacuate Collection Set: 5,8ms
[2020-11-26T03:27:59.364-0300][gc,phases     ] GC(20)   Post Evacuate Collection Set: 0,6ms
[2020-11-26T03:27:59.364-0300][gc,phases     ] GC(20)   Other: 0,5ms
[2020-11-26T03:27:59.364-0300][gc,heap       ] GC(20) Eden regions: 610->0(609)
[2020-11-26T03:27:59.364-0300][gc,heap       ] GC(20) Survivor regions: 4->5(77)
[2020-11-26T03:27:59.364-0300][gc,heap       ] GC(20) Old regions: 16->16
[2020-11-26T03:27:59.364-0300][gc,heap       ] GC(20) Humongous regions: 129->129
[2020-11-26T03:27:59.364-0300][gc,metaspace  ] GC(20) Metaspace: 48431K->48431K(1093632K)
[2020-11-26T03:27:59.364-0300][gc            ] GC(20) Pause Young (Normal) (G1 Evacuation Pause) 758M->148M(1024M) 6,946ms
[2020-11-26T03:27:59.364-0300][gc,cpu        ] GC(20) User=0,05s Sys=0,00s Real=0,00s
[2020-11-26T04:49:28.383-0300][gc,start      ] GC(21) Pause Young (Normal) (G1 Evacuation Pause)
[2020-11-26T04:49:28.383-0300][gc,task       ] GC(21) Using 8 workers of 8 for evacuation
[2020-11-26T04:49:28.391-0300][gc,phases     ] GC(21)   Pre Evacuate Collection Set: 0,0ms
[2020-11-26T04:49:28.391-0300][gc,phases     ] GC(21)   Evacuate Collection Set: 7,0ms
[2020-11-26T04:49:28.391-0300][gc,phases     ] GC(21)   Post Evacuate Collection Set: 0,6ms
[2020-11-26T04:49:28.391-0300][gc,phases     ] GC(21)   Other: 0,5ms
[2020-11-26T04:49:28.391-0300][gc,heap       ] GC(21) Eden regions: 609->0(609)
[2020-11-26T04:49:28.391-0300][gc,heap       ] GC(21) Survivor regions: 5->5(77)
[2020-11-26T04:49:28.391-0300][gc,heap       ] GC(21) Old regions: 16->16
[2020-11-26T04:49:28.391-0300][gc,heap       ] GC(21) Humongous regions: 129->129
[2020-11-26T04:49:28.391-0300][gc,metaspace  ] GC(21) Metaspace: 48442K->48442K(1093632K)
[2020-11-26T04:49:28.392-0300][gc            ] GC(21) Pause Young (Normal) (G1 Evacuation Pause) 757M->149M(1024M) 8,210ms
[2020-11-26T04:49:28.392-0300][gc,cpu        ] GC(21) User=0,05s Sys=0,00s Real=0,01s
[2020-11-26T06:10:37.751-0300][gc,start      ] GC(22) Pause Young (Normal) (G1 Evacuation Pause)
[2020-11-26T06:10:37.751-0300][gc,task       ] GC(22) Using 8 workers of 8 for evacuation
[2020-11-26T06:10:37.758-0300][gc,phases     ] GC(22)   Pre Evacuate Collection Set: 0,0ms
[2020-11-26T06:10:37.758-0300][gc,phases     ] GC(22)   Evacuate Collection Set: 6,0ms
[2020-11-26T06:10:37.758-0300][gc,phases     ] GC(22)   Post Evacuate Collection Set: 0,6ms
[2020-11-26T06:10:37.758-0300][gc,phases     ] GC(22)   Other: 0,5ms
[2020-11-26T06:10:37.758-0300][gc,heap       ] GC(22) Eden regions: 609->0(609)
[2020-11-26T06:10:37.758-0300][gc,heap       ] GC(22) Survivor regions: 5->5(77)
[2020-11-26T06:10:37.758-0300][gc,heap       ] GC(22) Old regions: 16->16
[2020-11-26T06:10:37.758-0300][gc,heap       ] GC(22) Humongous regions: 129->129
[2020-11-26T06:10:37.758-0300][gc,metaspace  ] GC(22) Metaspace: 48443K->48443K(1093632K)
[2020-11-26T06:10:37.758-0300][gc            ] GC(22) Pause Young (Normal) (G1 Evacuation Pause) 758M->149M(1024M) 7,144ms
[2020-11-26T06:10:37.758-0300][gc,cpu        ] GC(22) User=0,05s Sys=0,00s Real=0,01s
[2020-11-26T07:32:16.802-0300][gc,start      ] GC(23) Pause Young (Normal) (G1 Evacuation Pause)
[2020-11-26T07:32:16.802-0300][gc,task       ] GC(23) Using 8 workers of 8 for evacuation
[2020-11-26T07:32:16.813-0300][gc,phases     ] GC(23)   Pre Evacuate Collection Set: 0,0ms
[2020-11-26T07:32:16.813-0300][gc,phases     ] GC(23)   Evacuate Collection Set: 8,8ms
[2020-11-26T07:32:16.813-0300][gc,phases     ] GC(23)   Post Evacuate Collection Set: 1,4ms
[2020-11-26T07:32:16.813-0300][gc,phases     ] GC(23)   Other: 0,5ms
[2020-11-26T07:32:16.813-0300][gc,heap       ] GC(23) Eden regions: 609->0(610)
[2020-11-26T07:32:16.813-0300][gc,heap       ] GC(23) Survivor regions: 5->4(77)
[2020-11-26T07:32:16.813-0300][gc,heap       ] GC(23) Old regions: 16->16
[2020-11-26T07:32:16.813-0300][gc,heap       ] GC(23) Humongous regions: 129->129
[2020-11-26T07:32:16.813-0300][gc,metaspace  ] GC(23) Metaspace: 48450K->48450K(1093632K)
[2020-11-26T07:32:16.813-0300][gc            ] GC(23) Pause Young (Normal) (G1 Evacuation Pause) 758M->148M(1024M) 10,952ms
[2020-11-26T07:32:16.813-0300][gc,cpu        ] GC(23) User=0,07s Sys=0,00s Real=0,01s
[2020-11-26T08:53:53.199-0300][gc,start      ] GC(24) Pause Young (Normal) (G1 Evacuation Pause)
[2020-11-26T08:53:53.199-0300][gc,task       ] GC(24) Using 8 workers of 8 for evacuation
[2020-11-26T08:53:53.205-0300][gc,phases     ] GC(24)   Pre Evacuate Collection Set: 0,0ms
[2020-11-26T08:53:53.205-0300][gc,phases     ] GC(24)   Evacuate Collection Set: 4,2ms
[2020-11-26T08:53:53.205-0300][gc,phases     ] GC(24)   Post Evacuate Collection Set: 0,7ms
[2020-11-26T08:53:53.205-0300][gc,phases     ] GC(24)   Other: 0,4ms
[2020-11-26T08:53:53.205-0300][gc,heap       ] GC(24) Eden regions: 610->0(609)
[2020-11-26T08:53:53.205-0300][gc,heap       ] GC(24) Survivor regions: 4->5(77)
[2020-11-26T08:53:53.205-0300][gc,heap       ] GC(24) Old regions: 16->16
[2020-11-26T08:53:53.205-0300][gc,heap       ] GC(24) Humongous regions: 129->129
[2020-11-26T08:53:53.205-0300][gc,metaspace  ] GC(24) Metaspace: 48478K->48478K(1093632K)
[2020-11-26T08:53:53.205-0300][gc            ] GC(24) Pause Young (Normal) (G1 Evacuation Pause) 758M->148M(1024M) 5,560ms
[2020-11-26T08:53:53.205-0300][gc,cpu        ] GC(24) User=0,04s Sys=0,00s Real=0,00s
[2020-11-26T10:02:31.992-0300][gc,start      ] GC(25) Pause Young (Normal) (G1 Evacuation Pause)
[2020-11-26T10:02:31.992-0300][gc,task       ] GC(25) Using 8 workers of 8 for evacuation
[2020-11-26T10:02:32.012-0300][gc,phases     ] GC(25)   Pre Evacuate Collection Set: 0,1ms
[2020-11-26T10:02:32.012-0300][gc,phases     ] GC(25)   Evacuate Collection Set: 17,2ms
[2020-11-26T10:02:32.012-0300][gc,phases     ] GC(25)   Post Evacuate Collection Set: 1,9ms
[2020-11-26T10:02:32.012-0300][gc,phases     ] GC(25)   Other: 0,8ms
[2020-11-26T10:02:32.012-0300][gc,heap       ] GC(25) Eden regions: 609->0(609)
[2020-11-26T10:02:32.012-0300][gc,heap       ] GC(25) Survivor regions: 5->5(77)
[2020-11-26T10:02:32.012-0300][gc,heap       ] GC(25) Old regions: 16->16
[2020-11-26T10:02:32.012-0300][gc,heap       ] GC(25) Humongous regions: 129->129
[2020-11-26T10:02:32.012-0300][gc,metaspace  ] GC(25) Metaspace: 48521K->48521K(1093632K)
[2020-11-26T10:02:32.012-0300][gc            ] GC(25) Pause Young (Normal) (G1 Evacuation Pause) 757M->148M(1024M) 20,249ms
[2020-11-26T10:02:32.012-0300][gc,cpu        ] GC(25) User=0,09s Sys=0,00s Real=0,02s
[2020-11-26T11:05:28.992-0300][gc,start      ] GC(26) Pause Young (Normal) (G1 Evacuation Pause)
[2020-11-26T11:05:28.992-0300][gc,task       ] GC(26) Using 8 workers of 8 for evacuation
[2020-11-26T11:05:28.999-0300][gc,phases     ] GC(26)   Pre Evacuate Collection Set: 0,0ms
[2020-11-26T11:05:28.999-0300][gc,phases     ] GC(26)   Evacuate Collection Set: 6,2ms
[2020-11-26T11:05:28.999-0300][gc,phases     ] GC(26)   Post Evacuate Collection Set: 0,6ms
[2020-11-26T11:05:28.999-0300][gc,phases     ] GC(26)   Other: 0,5ms
[2020-11-26T11:05:28.999-0300][gc,heap       ] GC(26) Eden regions: 609->0(609)
[2020-11-26T11:05:28.999-0300][gc,heap       ] GC(26) Survivor regions: 5->5(77)
[2020-11-26T11:05:28.999-0300][gc,heap       ] GC(26) Old regions: 16->16
[2020-11-26T11:05:28.999-0300][gc,heap       ] GC(26) Humongous regions: 129->129
[2020-11-26T11:05:28.999-0300][gc,metaspace  ] GC(26) Metaspace: 48526K->48526K(1093632K)
[2020-11-26T11:05:28.999-0300][gc            ] GC(26) Pause Young (Normal) (G1 Evacuation Pause) 757M->149M(1024M) 7,293ms
[2020-11-26T11:05:28.999-0300][gc,cpu        ] GC(26) User=0,05s Sys=0,00s Real=0,01s
[2020-11-26T12:08:53.655-0300][gc,start      ] GC(27) Pause Young (Normal) (G1 Evacuation Pause)
[2020-11-26T12:08:53.655-0300][gc,task       ] GC(27) Using 8 workers of 8 for evacuation
[2020-11-26T12:08:53.667-0300][gc,phases     ] GC(27)   Pre Evacuate Collection Set: 0,0ms
[2020-11-26T12:08:53.667-0300][gc,phases     ] GC(27)   Evacuate Collection Set: 10,1ms
[2020-11-26T12:08:53.667-0300][gc,phases     ] GC(27)   Post Evacuate Collection Set: 1,6ms
[2020-11-26T12:08:53.667-0300][gc,phases     ] GC(27)   Other: 0,5ms
[2020-11-26T12:08:53.667-0300][gc,heap       ] GC(27) Eden regions: 609->0(609)
[2020-11-26T12:08:53.667-0300][gc,heap       ] GC(27) Survivor regions: 5->5(77)
[2020-11-26T12:08:53.667-0300][gc,heap       ] GC(27) Old regions: 16->16
[2020-11-26T12:08:53.667-0300][gc,heap       ] GC(27) Humongous regions: 129->129
[2020-11-26T12:08:53.667-0300][gc,metaspace  ] GC(27) Metaspace: 48527K->48527K(1093632K)
[2020-11-26T12:08:53.667-0300][gc            ] GC(27) Pause Young (Normal) (G1 Evacuation Pause) 758M->149M(1024M) 12,558ms
[2020-11-26T12:08:53.667-0300][gc,cpu        ] GC(27) User=0,09s Sys=0,00s Real=0,01s
[2020-11-26T13:12:18.534-0300][gc,start      ] GC(28) Pause Young (Normal) (G1 Evacuation Pause)
[2020-11-26T13:12:18.534-0300][gc,task       ] GC(28) Using 8 workers of 8 for evacuation
[2020-11-26T13:12:18.542-0300][gc,phases     ] GC(28)   Pre Evacuate Collection Set: 0,1ms
[2020-11-26T13:12:18.542-0300][gc,phases     ] GC(28)   Evacuate Collection Set: 6,4ms
[2020-11-26T13:12:18.542-0300][gc,phases     ] GC(28)   Post Evacuate Collection Set: 0,6ms
[2020-11-26T13:12:18.542-0300][gc,phases     ] GC(28)   Other: 0,5ms
[2020-11-26T13:12:18.542-0300][gc,heap       ] GC(28) Eden regions: 609->0(610)
[2020-11-26T13:12:18.542-0300][gc,heap       ] GC(28) Survivor regions: 5->4(77)
[2020-11-26T13:12:18.542-0300][gc,heap       ] GC(28) Old regions: 16->17
[2020-11-26T13:12:18.542-0300][gc,heap       ] GC(28) Humongous regions: 129->129
[2020-11-26T13:12:18.542-0300][gc,metaspace  ] GC(28) Metaspace: 48563K->48563K(1093632K)
[2020-11-26T13:12:18.542-0300][gc            ] GC(28) Pause Young (Normal) (G1 Evacuation Pause) 758M->148M(1024M) 7,583ms
[2020-11-26T13:12:18.542-0300][gc,cpu        ] GC(28) User=0,05s Sys=0,00s Real=0,00s
[2020-11-26T14:15:42.862-0300][gc,start      ] GC(29) Pause Young (Normal) (G1 Evacuation Pause)
[2020-11-26T14:15:42.862-0300][gc,task       ] GC(29) Using 8 workers of 8 for evacuation
[2020-11-26T14:15:42.868-0300][gc,phases     ] GC(29)   Pre Evacuate Collection Set: 0,1ms
[2020-11-26T14:15:42.868-0300][gc,phases     ] GC(29)   Evacuate Collection Set: 5,6ms
[2020-11-26T14:15:42.868-0300][gc,phases     ] GC(29)   Post Evacuate Collection Set: 0,7ms
[2020-11-26T14:15:42.868-0300][gc,phases     ] GC(29)   Other: 0,4ms
[2020-11-26T14:15:42.868-0300][gc,heap       ] GC(29) Eden regions: 610->0(610)
[2020-11-26T14:15:42.868-0300][gc,heap       ] GC(29) Survivor regions: 4->4(77)
[2020-11-26T14:15:42.868-0300][gc,heap       ] GC(29) Old regions: 17->17
[2020-11-26T14:15:42.868-0300][gc,heap       ] GC(29) Humongous regions: 129->129
[2020-11-26T14:15:42.868-0300][gc,metaspace  ] GC(29) Metaspace: 48593K->48593K(1093632K)
[2020-11-26T14:15:42.868-0300][gc            ] GC(29) Pause Young (Normal) (G1 Evacuation Pause) 758M->148M(1024M) 6,785ms
[2020-11-26T14:15:42.868-0300][gc,cpu        ] GC(29) User=0,05s Sys=0,00s Real=0,01s
[2020-11-26T15:19:12.714-0300][gc,start      ] GC(30) Pause Young (Normal) (G1 Evacuation Pause)
[2020-11-26T15:19:12.714-0300][gc,task       ] GC(30) Using 8 workers of 8 for evacuation
[2020-11-26T15:19:12.725-0300][gc,phases     ] GC(30)   Pre Evacuate Collection Set: 0,0ms
[2020-11-26T15:19:12.725-0300][gc,phases     ] GC(30)   Evacuate Collection Set: 8,9ms
[2020-11-26T15:19:12.725-0300][gc,phases     ] GC(30)   Post Evacuate Collection Set: 1,3ms
[2020-11-26T15:19:12.725-0300][gc,phases     ] GC(30)   Other: 0,6ms
[2020-11-26T15:19:12.725-0300][gc,heap       ] GC(30) Eden regions: 610->0(609)
[2020-11-26T15:19:12.725-0300][gc,heap       ] GC(30) Survivor regions: 4->5(77)
[2020-11-26T15:19:12.725-0300][gc,heap       ] GC(30) Old regions: 17->17
[2020-11-26T15:19:12.725-0300][gc,heap       ] GC(30) Humongous regions: 129->129
[2020-11-26T15:19:12.725-0300][gc,metaspace  ] GC(30) Metaspace: 48600K->48600K(1093632K)
[2020-11-26T15:19:12.725-0300][gc            ] GC(30) Pause Young (Normal) (G1 Evacuation Pause) 758M->149M(1024M) 11,146ms
[2020-11-26T15:19:12.725-0300][gc,cpu        ] GC(30) User=0,07s Sys=0,00s Real=0,00s
[2020-11-26T16:22:35.913-0300][gc,start      ] GC(31) Pause Young (Normal) (G1 Evacuation Pause)
[2020-11-26T16:22:35.913-0300][gc,task       ] GC(31) Using 8 workers of 8 for evacuation
[2020-11-26T16:22:35.922-0300][gc,phases     ] GC(31)   Pre Evacuate Collection Set: 0,0ms
[2020-11-26T16:22:35.922-0300][gc,phases     ] GC(31)   Evacuate Collection Set: 7,2ms
[2020-11-26T16:22:35.922-0300][gc,phases     ] GC(31)   Post Evacuate Collection Set: 1,4ms
[2020-11-26T16:22:35.922-0300][gc,phases     ] GC(31)   Other: 0,6ms
[2020-11-26T16:22:35.922-0300][gc,heap       ] GC(31) Eden regions: 609->0(610)
[2020-11-26T16:22:35.922-0300][gc,heap       ] GC(31) Survivor regions: 5->4(77)
[2020-11-26T16:22:35.922-0300][gc,heap       ] GC(31) Old regions: 17->17
[2020-11-26T16:22:35.922-0300][gc,heap       ] GC(31) Humongous regions: 129->129
[2020-11-26T16:22:35.922-0300][gc,metaspace  ] GC(31) Metaspace: 48600K->48600K(1093632K)
[2020-11-26T16:22:35.922-0300][gc            ] GC(31) Pause Young (Normal) (G1 Evacuation Pause) 758M->148M(1024M) 9,439ms
[2020-11-26T16:22:35.922-0300][gc,cpu        ] GC(31) User=0,06s Sys=0,00s Real=0,01s
[2020-11-26T17:26:10.914-0300][gc,start      ] GC(32) Pause Young (Normal) (G1 Evacuation Pause)
[2020-11-26T17:26:10.914-0300][gc,task       ] GC(32) Using 8 workers of 8 for evacuation
[2020-11-26T17:26:10.920-0300][gc,phases     ] GC(32)   Pre Evacuate Collection Set: 0,0ms
[2020-11-26T17:26:10.920-0300][gc,phases     ] GC(32)   Evacuate Collection Set: 5,8ms
[2020-11-26T17:26:10.920-0300][gc,phases     ] GC(32)   Post Evacuate Collection Set: 0,6ms
[2020-11-26T17:26:10.921-0300][gc,phases     ] GC(32)   Other: 0,5ms
[2020-11-26T17:26:10.921-0300][gc,heap       ] GC(32) Eden regions: 610->0(610)
[2020-11-26T17:26:10.921-0300][gc,heap       ] GC(32) Survivor regions: 4->4(77)
[2020-11-26T17:26:10.921-0300][gc,heap       ] GC(32) Old regions: 17->17
[2020-11-26T17:26:10.921-0300][gc,heap       ] GC(32) Humongous regions: 129->129
[2020-11-26T17:26:10.921-0300][gc,metaspace  ] GC(32) Metaspace: 48600K->48600K(1093632K)
[2020-11-26T17:26:10.921-0300][gc            ] GC(32) Pause Young (Normal) (G1 Evacuation Pause) 758M->149M(1024M) 6,929ms
[2020-11-26T17:26:10.921-0300][gc,cpu        ] GC(32) User=0,04s Sys=0,00s Real=0,01s
[2020-11-26T18:29:45.282-0300][gc,start      ] GC(33) Pause Young (Normal) (G1 Evacuation Pause)
[2020-11-26T18:29:45.282-0300][gc,task       ] GC(33) Using 8 workers of 8 for evacuation
[2020-11-26T18:29:45.293-0300][gc,phases     ] GC(33)   Pre Evacuate Collection Set: 0,0ms
[2020-11-26T18:29:45.293-0300][gc,phases     ] GC(33)   Evacuate Collection Set: 9,3ms
[2020-11-26T18:29:45.293-0300][gc,phases     ] GC(33)   Post Evacuate Collection Set: 1,4ms
[2020-11-26T18:29:45.293-0300][gc,phases     ] GC(33)   Other: 0,5ms
[2020-11-26T18:29:45.293-0300][gc,heap       ] GC(33) Eden regions: 610->0(609)
[2020-11-26T18:29:45.293-0300][gc,heap       ] GC(33) Survivor regions: 4->5(77)
[2020-11-26T18:29:45.293-0300][gc,heap       ] GC(33) Old regions: 17->17
[2020-11-26T18:29:45.293-0300][gc,heap       ] GC(33) Humongous regions: 129->129
[2020-11-26T18:29:45.293-0300][gc,metaspace  ] GC(33) Metaspace: 48611K->48611K(1093632K)
[2020-11-26T18:29:45.294-0300][gc            ] GC(33) Pause Young (Normal) (G1 Evacuation Pause) 759M->149M(1024M) 11,464ms
[2020-11-26T18:29:45.294-0300][gc,cpu        ] GC(33) User=0,07s Sys=0,00s Real=0,01s
[2020-11-26T19:33:14.108-0300][gc,start      ] GC(34) Pause Young (Normal) (G1 Evacuation Pause)
[2020-11-26T19:33:14.108-0300][gc,task       ] GC(34) Using 8 workers of 8 for evacuation
[2020-11-26T19:33:14.114-0300][gc,phases     ] GC(34)   Pre Evacuate Collection Set: 0,0ms
[2020-11-26T19:33:14.114-0300][gc,phases     ] GC(34)   Evacuate Collection Set: 4,9ms
[2020-11-26T19:33:14.114-0300][gc,phases     ] GC(34)   Post Evacuate Collection Set: 0,5ms
[2020-11-26T19:33:14.114-0300][gc,phases     ] GC(34)   Other: 0,5ms
[2020-11-26T19:33:14.114-0300][gc,heap       ] GC(34) Eden regions: 609->0(610)
[2020-11-26T19:33:14.114-0300][gc,heap       ] GC(34) Survivor regions: 5->4(77)
[2020-11-26T19:33:14.114-0300][gc,heap       ] GC(34) Old regions: 17->17
[2020-11-26T19:33:14.114-0300][gc,heap       ] GC(34) Humongous regions: 129->129
[2020-11-26T19:33:14.114-0300][gc,metaspace  ] GC(34) Metaspace: 48616K->48616K(1093632K)
[2020-11-26T19:33:14.114-0300][gc            ] GC(34) Pause Young (Normal) (G1 Evacuation Pause) 758M->148M(1024M) 5,956ms
[2020-11-26T19:33:14.114-0300][gc,cpu        ] GC(34) User=0,04s Sys=0,00s Real=0,00s
[2020-11-26T20:36:49.789-0300][gc,start      ] GC(35) Pause Young (Normal) (G1 Evacuation Pause)
[2020-11-26T20:36:49.790-0300][gc,task       ] GC(35) Using 8 workers of 8 for evacuation
[2020-11-26T20:36:49.800-0300][gc,phases     ] GC(35)   Pre Evacuate Collection Set: 0,1ms
[2020-11-26T20:36:49.800-0300][gc,phases     ] GC(35)   Evacuate Collection Set: 8,7ms
[2020-11-26T20:36:49.800-0300][gc,phases     ] GC(35)   Post Evacuate Collection Set: 1,7ms
[2020-11-26T20:36:49.801-0300][gc,phases     ] GC(35)   Other: 0,6ms
[2020-11-26T20:36:49.801-0300][gc,heap       ] GC(35) Eden regions: 610->0(609)
[2020-11-26T20:36:49.801-0300][gc,heap       ] GC(35) Survivor regions: 4->5(77)
[2020-11-26T20:36:49.801-0300][gc,heap       ] GC(35) Old regions: 17->17
[2020-11-26T20:36:49.801-0300][gc,heap       ] GC(35) Humongous regions: 129->129
[2020-11-26T20:36:49.801-0300][gc,metaspace  ] GC(35) Metaspace: 48616K->48616K(1093632K)
[2020-11-26T20:36:49.801-0300][gc            ] GC(35) Pause Young (Normal) (G1 Evacuation Pause) 758M->149M(1024M) 11,266ms
[2020-11-26T20:36:49.801-0300][gc,cpu        ] GC(35) User=0,07s Sys=0,00s Real=0,01s
[2020-11-26T21:40:24.955-0300][gc,start      ] GC(36) Pause Young (Normal) (G1 Evacuation Pause)
[2020-11-26T21:40:24.956-0300][gc,task       ] GC(36) Using 8 workers of 8 for evacuation
[2020-11-26T21:40:24.965-0300][gc,phases     ] GC(36)   Pre Evacuate Collection Set: 0,0ms
[2020-11-26T21:40:24.965-0300][gc,phases     ] GC(36)   Evacuate Collection Set: 6,9ms
[2020-11-26T21:40:24.965-0300][gc,phases     ] GC(36)   Post Evacuate Collection Set: 1,6ms
[2020-11-26T21:40:24.965-0300][gc,phases     ] GC(36)   Other: 0,6ms
[2020-11-26T21:40:24.965-0300][gc,heap       ] GC(36) Eden regions: 609->0(610)
[2020-11-26T21:40:24.965-0300][gc,heap       ] GC(36) Survivor regions: 5->4(77)
[2020-11-26T21:40:24.965-0300][gc,heap       ] GC(36) Old regions: 17->17
[2020-11-26T21:40:24.965-0300][gc,heap       ] GC(36) Humongous regions: 129->129
[2020-11-26T21:40:24.965-0300][gc,metaspace  ] GC(36) Metaspace: 48616K->48616K(1093632K)
[2020-11-26T21:40:24.965-0300][gc            ] GC(36) Pause Young (Normal) (G1 Evacuation Pause) 758M->148M(1024M) 9,377ms
[2020-11-26T21:40:24.965-0300][gc,cpu        ] GC(36) User=0,06s Sys=0,00s Real=0,00s
[2020-11-26T22:44:01.499-0300][gc,start      ] GC(37) Pause Young (Normal) (G1 Evacuation Pause)
[2020-11-26T22:44:01.499-0300][gc,task       ] GC(37) Using 8 workers of 8 for evacuation
[2020-11-26T22:44:01.506-0300][gc,phases     ] GC(37)   Pre Evacuate Collection Set: 0,0ms
[2020-11-26T22:44:01.506-0300][gc,phases     ] GC(37)   Evacuate Collection Set: 5,6ms
[2020-11-26T22:44:01.506-0300][gc,phases     ] GC(37)   Post Evacuate Collection Set: 0,6ms
[2020-11-26T22:44:01.506-0300][gc,phases     ] GC(37)   Other: 0,5ms
[2020-11-26T22:44:01.506-0300][gc,heap       ] GC(37) Eden regions: 610->0(610)
[2020-11-26T22:44:01.506-0300][gc,heap       ] GC(37) Survivor regions: 4->4(77)
[2020-11-26T22:44:01.506-0300][gc,heap       ] GC(37) Old regions: 17->17
[2020-11-26T22:44:01.506-0300][gc,heap       ] GC(37) Humongous regions: 129->129
[2020-11-26T22:44:01.506-0300][gc,metaspace  ] GC(37) Metaspace: 48616K->48616K(1093632K)
[2020-11-26T22:44:01.506-0300][gc            ] GC(37) Pause Young (Normal) (G1 Evacuation Pause) 758M->148M(1024M) 6,686ms
[2020-11-26T22:44:01.506-0300][gc,cpu        ] GC(37) User=0,04s Sys=0,00s Real=0,01s
[2020-11-26T23:47:34.457-0300][gc,start      ] GC(38) Pause Young (Normal) (G1 Evacuation Pause)
[2020-11-26T23:47:34.457-0300][gc,task       ] GC(38) Using 8 workers of 8 for evacuation
[2020-11-26T23:47:34.464-0300][gc,phases     ] GC(38)   Pre Evacuate Collection Set: 0,0ms
[2020-11-26T23:47:34.464-0300][gc,phases     ] GC(38)   Evacuate Collection Set: 5,8ms
[2020-11-26T23:47:34.464-0300][gc,phases     ] GC(38)   Post Evacuate Collection Set: 0,5ms
[2020-11-26T23:47:34.464-0300][gc,phases     ] GC(38)   Other: 0,5ms
[2020-11-26T23:47:34.464-0300][gc,heap       ] GC(38) Eden regions: 610->0(609)
[2020-11-26T23:47:34.464-0300][gc,heap       ] GC(38) Survivor regions: 4->5(77)
[2020-11-26T23:47:34.464-0300][gc,heap       ] GC(38) Old regions: 17->17
[2020-11-26T23:47:34.464-0300][gc,heap       ] GC(38) Humongous regions: 129->129
[2020-11-26T23:47:34.464-0300][gc,metaspace  ] GC(38) Metaspace: 48616K->48616K(1093632K)
[2020-11-26T23:47:34.464-0300][gc            ] GC(38) Pause Young (Normal) (G1 Evacuation Pause) 758M->149M(1024M) 6,882ms
[2020-11-26T23:47:34.464-0300][gc,cpu        ] GC(38) User=0,05s Sys=0,00s Real=0,00s
[2020-11-27T00:51:02.318-0300][gc,start      ] GC(39) Pause Young (Normal) (G1 Evacuation Pause)
[2020-11-27T00:51:02.318-0300][gc,task       ] GC(39) Using 8 workers of 8 for evacuation
[2020-11-27T00:51:02.324-0300][gc,phases     ] GC(39)   Pre Evacuate Collection Set: 0,0ms
[2020-11-27T00:51:02.324-0300][gc,phases     ] GC(39)   Evacuate Collection Set: 5,4ms
[2020-11-27T00:51:02.324-0300][gc,phases     ] GC(39)   Post Evacuate Collection Set: 0,6ms
[2020-11-27T00:51:02.324-0300][gc,phases     ] GC(39)   Other: 0,5ms
[2020-11-27T00:51:02.324-0300][gc,heap       ] GC(39) Eden regions: 609->0(610)
[2020-11-27T00:51:02.324-0300][gc,heap       ] GC(39) Survivor regions: 5->4(77)
[2020-11-27T00:51:02.324-0300][gc,heap       ] GC(39) Old regions: 17->17
[2020-11-27T00:51:02.324-0300][gc,heap       ] GC(39) Humongous regions: 129->129
[2020-11-27T00:51:02.324-0300][gc,metaspace  ] GC(39) Metaspace: 48663K->48663K(1093632K)
[2020-11-27T00:51:02.324-0300][gc            ] GC(39) Pause Young (Normal) (G1 Evacuation Pause) 758M->148M(1024M) 6,487ms
[2020-11-27T00:51:02.324-0300][gc,cpu        ] GC(39) User=0,04s Sys=0,00s Real=0,00s
[2020-11-27T01:54:29.761-0300][gc,start      ] GC(40) Pause Young (Normal) (G1 Evacuation Pause)
[2020-11-27T01:54:29.761-0300][gc,task       ] GC(40) Using 8 workers of 8 for evacuation
[2020-11-27T01:54:29.768-0300][gc,phases     ] GC(40)   Pre Evacuate Collection Set: 0,0ms
[2020-11-27T01:54:29.768-0300][gc,phases     ] GC(40)   Evacuate Collection Set: 5,8ms
[2020-11-27T01:54:29.768-0300][gc,phases     ] GC(40)   Post Evacuate Collection Set: 0,5ms
[2020-11-27T01:54:29.768-0300][gc,phases     ] GC(40)   Other: 0,5ms
[2020-11-27T01:54:29.768-0300][gc,heap       ] GC(40) Eden regions: 610->0(610)
[2020-11-27T01:54:29.768-0300][gc,heap       ] GC(40) Survivor regions: 4->4(77)
[2020-11-27T01:54:29.768-0300][gc,heap       ] GC(40) Old regions: 17->17
[2020-11-27T01:54:29.768-0300][gc,heap       ] GC(40) Humongous regions: 129->129
[2020-11-27T01:54:29.768-0300][gc,metaspace  ] GC(40) Metaspace: 48674K->48674K(1093632K)
[2020-11-27T01:54:29.768-0300][gc            ] GC(40) Pause Young (Normal) (G1 Evacuation Pause) 758M->148M(1024M) 6,859ms
[2020-11-27T01:54:29.768-0300][gc,cpu        ] GC(40) User=0,05s Sys=0,00s Real=0,01s
[2020-11-27T02:58:00.654-0300][gc,start      ] GC(41) Pause Young (Normal) (G1 Evacuation Pause)
[2020-11-27T02:58:00.654-0300][gc,task       ] GC(41) Using 8 workers of 8 for evacuation
[2020-11-27T02:58:00.664-0300][gc,phases     ] GC(41)   Pre Evacuate Collection Set: 0,0ms
[2020-11-27T02:58:00.664-0300][gc,phases     ] GC(41)   Evacuate Collection Set: 7,9ms
[2020-11-27T02:58:00.664-0300][gc,phases     ] GC(41)   Post Evacuate Collection Set: 1,3ms
[2020-11-27T02:58:00.664-0300][gc,phases     ] GC(41)   Other: 0,5ms
[2020-11-27T02:58:00.664-0300][gc,heap       ] GC(41) Eden regions: 610->0(609)
[2020-11-27T02:58:00.664-0300][gc,heap       ] GC(41) Survivor regions: 4->5(77)
[2020-11-27T02:58:00.664-0300][gc,heap       ] GC(41) Old regions: 17->17
[2020-11-27T02:58:00.664-0300][gc,heap       ] GC(41) Humongous regions: 129->129
[2020-11-27T02:58:00.664-0300][gc,metaspace  ] GC(41) Metaspace: 48675K->48675K(1093632K)
[2020-11-27T02:58:00.664-0300][gc            ] GC(41) Pause Young (Normal) (G1 Evacuation Pause) 758M->149M(1024M) 10,005ms
[2020-11-27T02:58:00.664-0300][gc,cpu        ] GC(41) User=0,06s Sys=0,00s Real=0,00s
[2020-11-27T04:01:26.864-0300][gc,start      ] GC(42) Pause Young (Normal) (G1 Evacuation Pause)
[2020-11-27T04:01:26.864-0300][gc,task       ] GC(42) Using 8 workers of 8 for evacuation
[2020-11-27T04:01:26.870-0300][gc,phases     ] GC(42)   Pre Evacuate Collection Set: 0,0ms
[2020-11-27T04:01:26.870-0300][gc,phases     ] GC(42)   Evacuate Collection Set: 5,3ms
[2020-11-27T04:01:26.870-0300][gc,phases     ] GC(42)   Post Evacuate Collection Set: 0,5ms
[2020-11-27T04:01:26.870-0300][gc,phases     ] GC(42)   Other: 0,5ms
[2020-11-27T04:01:26.870-0300][gc,heap       ] GC(42) Eden regions: 609->0(610)
[2020-11-27T04:01:26.870-0300][gc,heap       ] GC(42) Survivor regions: 5->4(77)
[2020-11-27T04:01:26.870-0300][gc,heap       ] GC(42) Old regions: 17->17
[2020-11-27T04:01:26.870-0300][gc,heap       ] GC(42) Humongous regions: 129->129
[2020-11-27T04:01:26.870-0300][gc,metaspace  ] GC(42) Metaspace: 48675K->48675K(1093632K)
[2020-11-27T04:01:26.870-0300][gc            ] GC(42) Pause Young (Normal) (G1 Evacuation Pause) 758M->148M(1024M) 6,326ms
[2020-11-27T04:01:26.870-0300][gc,cpu        ] GC(42) User=0,05s Sys=0,00s Real=0,01s
[2020-11-27T05:04:37.119-0300][gc,start      ] GC(43) Pause Young (Normal) (G1 Evacuation Pause)
[2020-11-27T05:04:37.119-0300][gc,task       ] GC(43) Using 8 workers of 8 for evacuation
[2020-11-27T05:04:37.121-0300][gc,phases     ] GC(43)   Pre Evacuate Collection Set: 0,0ms
[2020-11-27T05:04:37.121-0300][gc,phases     ] GC(43)   Evacuate Collection Set: 1,6ms
[2020-11-27T05:04:37.121-0300][gc,phases     ] GC(43)   Post Evacuate Collection Set: 0,4ms
[2020-11-27T05:04:37.121-0300][gc,phases     ] GC(43)   Other: 0,2ms
[2020-11-27T05:04:37.121-0300][gc,heap       ] GC(43) Eden regions: 610->0(610)
[2020-11-27T05:04:37.121-0300][gc,heap       ] GC(43) Survivor regions: 4->4(77)
[2020-11-27T05:04:37.121-0300][gc,heap       ] GC(43) Old regions: 17->17
[2020-11-27T05:04:37.121-0300][gc,heap       ] GC(43) Humongous regions: 129->129
[2020-11-27T05:04:37.121-0300][gc,metaspace  ] GC(43) Metaspace: 48675K->48675K(1093632K)
[2020-11-27T05:04:37.121-0300][gc            ] GC(43) Pause Young (Normal) (G1 Evacuation Pause) 758M->148M(1024M) 2,239ms
[2020-11-27T05:04:37.121-0300][gc,cpu        ] GC(43) User=0,01s Sys=0,00s Real=0,00s
[2020-11-27T06:08:07.788-0300][gc,start      ] GC(44) Pause Young (Normal) (G1 Evacuation Pause)
[2020-11-27T06:08:07.788-0300][gc,task       ] GC(44) Using 8 workers of 8 for evacuation
[2020-11-27T06:08:07.791-0300][gc,phases     ] GC(44)   Pre Evacuate Collection Set: 0,0ms
[2020-11-27T06:08:07.791-0300][gc,phases     ] GC(44)   Evacuate Collection Set: 3,1ms
[2020-11-27T06:08:07.791-0300][gc,phases     ] GC(44)   Post Evacuate Collection Set: 0,6ms
[2020-11-27T06:08:07.791-0300][gc,phases     ] GC(44)   Other: 0,2ms
[2020-11-27T06:08:07.791-0300][gc,heap       ] GC(44) Eden regions: 610->0(609)
[2020-11-27T06:08:07.791-0300][gc,heap       ] GC(44) Survivor regions: 4->5(77)
[2020-11-27T06:08:07.791-0300][gc,heap       ] GC(44) Old regions: 17->17
[2020-11-27T06:08:07.791-0300][gc,heap       ] GC(44) Humongous regions: 129->129
[2020-11-27T06:08:07.791-0300][gc,metaspace  ] GC(44) Metaspace: 48675K->48675K(1093632K)
[2020-11-27T06:08:07.792-0300][gc            ] GC(44) Pause Young (Normal) (G1 Evacuation Pause) 758M->149M(1024M) 3,982ms
[2020-11-27T06:08:07.792-0300][gc,cpu        ] GC(44) User=0,02s Sys=0,00s Real=0,00s
[2020-11-27T07:11:26.927-0300][gc,start      ] GC(45) Pause Young (Normal) (G1 Evacuation Pause)
[2020-11-27T07:11:26.927-0300][gc,task       ] GC(45) Using 8 workers of 8 for evacuation
[2020-11-27T07:11:26.933-0300][gc,phases     ] GC(45)   Pre Evacuate Collection Set: 0,0ms
[2020-11-27T07:11:26.933-0300][gc,phases     ] GC(45)   Evacuate Collection Set: 5,3ms
[2020-11-27T07:11:26.933-0300][gc,phases     ] GC(45)   Post Evacuate Collection Set: 0,6ms
[2020-11-27T07:11:26.933-0300][gc,phases     ] GC(45)   Other: 0,4ms
[2020-11-27T07:11:26.933-0300][gc,heap       ] GC(45) Eden regions: 609->0(611)
[2020-11-27T07:11:26.933-0300][gc,heap       ] GC(45) Survivor regions: 5->3(77)
[2020-11-27T07:11:26.933-0300][gc,heap       ] GC(45) Old regions: 17->17
[2020-11-27T07:11:26.933-0300][gc,heap       ] GC(45) Humongous regions: 129->129
[2020-11-27T07:11:26.933-0300][gc,metaspace  ] GC(45) Metaspace: 48675K->48675K(1093632K)
[2020-11-27T07:11:26.933-0300][gc            ] GC(45) Pause Young (Normal) (G1 Evacuation Pause) 758M->148M(1024M) 6,391ms
[2020-11-27T07:11:26.933-0300][gc,cpu        ] GC(45) User=0,04s Sys=0,00s Real=0,00s
