[2020-11-23T17:48:15.646-0300][gc,heap] Heap region size: 1M
[2020-11-23T17:48:15.649-0300][gc     ] Using G1
[2020-11-23T17:48:15.649-0300][gc,heap,coops] Heap address: 0x00000000e0000000, size: 512 MB, Compressed Oops mode: 32-bit
[2020-11-23T17:48:18.538-0300][gc,start     ] GC(0) Pause Young (Normal) (G1 Evacuation Pause)
[2020-11-23T17:48:18.540-0300][gc,task      ] GC(0) Using 8 workers of 8 for evacuation
[2020-11-23T17:48:18.548-0300][gc,phases    ] GC(0)   Pre Evacuate Collection Set: 0,0ms
[2020-11-23T17:48:18.548-0300][gc,phases    ] GC(0)   Evacuate Collection Set: 7,0ms
[2020-11-23T17:48:18.548-0300][gc,phases    ] GC(0)   Post Evacuate Collection Set: 0,4ms
[2020-11-23T17:48:18.548-0300][gc,phases    ] GC(0)   Other: 2,5ms
[2020-11-23T17:48:18.548-0300][gc,heap      ] GC(0) Eden regions: 25->0(21)
[2020-11-23T17:48:18.548-0300][gc,heap      ] GC(0) Survivor regions: 0->4(4)
[2020-11-23T17:48:18.548-0300][gc,heap      ] GC(0) Old regions: 0->2
[2020-11-23T17:48:18.548-0300][gc,heap      ] GC(0) Humongous regions: 0->0
[2020-11-23T17:48:18.548-0300][gc,metaspace ] GC(0) Metaspace: 15246K->15246K(1062912K)
[2020-11-23T17:48:18.548-0300][gc           ] GC(0) Pause Young (Normal) (G1 Evacuation Pause) 25M->5M(512M) 10,011ms
[2020-11-23T17:48:18.548-0300][gc,cpu       ] GC(0) User=0,04s Sys=0,01s Real=0,01s
[2020-11-23T17:54:19.221-0300][gc,heap,exit ] Heap
[2020-11-23T17:54:19.222-0300][gc,heap,exit ]  garbage-first heap   total 524288K, used 9775K [0x00000000e0000000, 0x0000000100000000)
[2020-11-23T17:54:19.222-0300][gc,heap,exit ]   region size 1024K, 9 young (9216K), 4 survivors (4096K)
[2020-11-23T17:54:19.222-0300][gc,heap,exit ]  Metaspace       used 15503K, capacity 15923K, committed 16128K, reserved 1062912K
[2020-11-23T17:54:19.222-0300][gc,heap,exit ]   class space    used 1552K, capacity 1687K, committed 1792K, reserved 1048576K
