[2020-11-27T08:19:17.783-0300][gc,heap] Heap region size: 1M
[2020-11-27T08:19:17.787-0300][gc     ] Using G1
[2020-11-27T08:19:17.787-0300][gc,heap,coops] Heap address: 0x00000000e0000000, size: 512 MB, Compressed Oops mode: 32-bit
[2020-11-27T08:19:17.787-0300][gc,cds       ] Mark closed archive regions in map: [0x00000000ffe00000, 0x00000000ffe6aff8]
[2020-11-27T08:19:17.787-0300][gc,cds       ] Mark open archive regions in map: [0x00000000ffc00000, 0x00000000ffc46ff8]
[2020-11-27T08:19:32.263-0300][gc,start     ] GC(0) Pause Young (Normal) (G1 Evacuation Pause)
[2020-11-27T08:19:32.264-0300][gc,task      ] GC(0) Using 8 workers of 8 for evacuation
[2020-11-27T08:19:32.270-0300][gc,phases    ] GC(0)   Pre Evacuate Collection Set: 0,0ms
[2020-11-27T08:19:32.270-0300][gc,phases    ] GC(0)   Evacuate Collection Set: 5,8ms
[2020-11-27T08:19:32.270-0300][gc,phases    ] GC(0)   Post Evacuate Collection Set: 0,3ms
[2020-11-27T08:19:32.270-0300][gc,phases    ] GC(0)   Other: 0,8ms
[2020-11-27T08:19:32.270-0300][gc,heap      ] GC(0) Eden regions: 25->0(21)
[2020-11-27T08:19:32.270-0300][gc,heap      ] GC(0) Survivor regions: 0->4(4)
[2020-11-27T08:19:32.270-0300][gc,heap      ] GC(0) Old regions: 2->4
[2020-11-27T08:19:32.270-0300][gc,heap      ] GC(0) Humongous regions: 0->0
[2020-11-27T08:19:32.270-0300][gc,metaspace ] GC(0) Metaspace: 7711K->7711K(1056768K)
[2020-11-27T08:19:32.270-0300][gc           ] GC(0) Pause Young (Normal) (G1 Evacuation Pause) 25M->5M(512M) 6,919ms
[2020-11-27T08:19:32.270-0300][gc,cpu       ] GC(0) User=0,05s Sys=0,00s Real=0,01s
