[2020-11-23T18:31:04.898-0300][gc,heap] Heap region size: 1M
[2020-11-23T18:31:04.901-0300][gc     ] Using G1
[2020-11-23T18:31:04.901-0300][gc,heap,coops] Heap address: 0x00000000e0000000, size: 512 MB, Compressed Oops mode: 32-bit
[2020-11-23T18:31:06.834-0300][gc,start     ] GC(0) Pause Young (Normal) (G1 Evacuation Pause)
[2020-11-23T18:31:06.836-0300][gc,task      ] GC(0) Using 8 workers of 8 for evacuation
[2020-11-23T18:31:06.844-0300][gc,phases    ] GC(0)   Pre Evacuate Collection Set: 0,0ms
[2020-11-23T18:31:06.844-0300][gc,phases    ] GC(0)   Evacuate Collection Set: 7,2ms
[2020-11-23T18:31:06.844-0300][gc,phases    ] GC(0)   Post Evacuate Collection Set: 0,5ms
[2020-11-23T18:31:06.844-0300][gc,phases    ] GC(0)   Other: 2,6ms
[2020-11-23T18:31:06.844-0300][gc,heap      ] GC(0) Eden regions: 25->0(21)
[2020-11-23T18:31:06.844-0300][gc,heap      ] GC(0) Survivor regions: 0->4(4)
[2020-11-23T18:31:06.844-0300][gc,heap      ] GC(0) Old regions: 0->2
[2020-11-23T18:31:06.844-0300][gc,heap      ] GC(0) Humongous regions: 0->0
[2020-11-23T18:31:06.844-0300][gc,metaspace ] GC(0) Metaspace: 15268K->15268K(1062912K)
[2020-11-23T18:31:06.844-0300][gc           ] GC(0) Pause Young (Normal) (G1 Evacuation Pause) 25M->5M(512M) 10,328ms
[2020-11-23T18:31:06.844-0300][gc,cpu       ] GC(0) User=0,05s Sys=0,00s Real=0,01s
[2020-11-23T18:31:11.508-0300][gc,heap,exit ] Heap
[2020-11-23T18:31:11.508-0300][gc,heap,exit ]  garbage-first heap   total 524288K, used 6623K [0x00000000e0000000, 0x0000000100000000)
[2020-11-23T18:31:11.508-0300][gc,heap,exit ]   region size 1024K, 6 young (6144K), 4 survivors (4096K)
[2020-11-23T18:31:11.508-0300][gc,heap,exit ]  Metaspace       used 15283K, capacity 15666K, committed 15872K, reserved 1062912K
[2020-11-23T18:31:11.508-0300][gc,heap,exit ]   class space    used 1553K, capacity 1687K, committed 1792K, reserved 1048576K
