[2020-11-24T13:01:23.575-0300][gc,heap] Heap region size: 1M
[2020-11-24T13:01:23.589-0300][gc     ] Using G1
[2020-11-24T13:01:23.589-0300][gc,heap,coops] Heap address: 0x00000000e0000000, size: 512 MB, Compressed Oops mode: 32-bit
[2020-11-24T13:01:34.385-0300][gc,start     ] GC(0) Pause Young (Normal) (G1 Evacuation Pause)
[2020-11-24T13:01:34.385-0300][gc,task      ] GC(0) Using 8 workers of 8 for evacuation
[2020-11-24T13:01:34.388-0300][gc,phases    ] GC(0)   Pre Evacuate Collection Set: 0,0ms
[2020-11-24T13:01:34.388-0300][gc,phases    ] GC(0)   Evacuate Collection Set: 2,4ms
[2020-11-24T13:01:34.388-0300][gc,phases    ] GC(0)   Post Evacuate Collection Set: 0,3ms
[2020-11-24T13:01:34.388-0300][gc,phases    ] GC(0)   Other: 0,6ms
[2020-11-24T13:01:34.388-0300][gc,heap      ] GC(0) Eden regions: 25->0(21)
[2020-11-24T13:01:34.388-0300][gc,heap      ] GC(0) Survivor regions: 0->4(4)
[2020-11-24T13:01:34.388-0300][gc,heap      ] GC(0) Old regions: 0->2
[2020-11-24T13:01:34.388-0300][gc,heap      ] GC(0) Humongous regions: 0->0
[2020-11-24T13:01:34.388-0300][gc,metaspace ] GC(0) Metaspace: 15350K->15350K(1062912K)
[2020-11-24T13:01:34.388-0300][gc           ] GC(0) Pause Young (Normal) (G1 Evacuation Pause) 25M->5M(512M) 3,431ms
[2020-11-24T13:01:34.388-0300][gc,cpu       ] GC(0) User=0,02s Sys=0,01s Real=0,01s
[2020-11-24T19:21:55.575-0300][gc,start     ] GC(1) Pause Young (Normal) (G1 Evacuation Pause)
[2020-11-24T19:21:55.575-0300][gc,task      ] GC(1) Using 8 workers of 8 for evacuation
[2020-11-24T19:21:55.581-0300][gc,phases    ] GC(1)   Pre Evacuate Collection Set: 0,0ms
[2020-11-24T19:21:55.581-0300][gc,phases    ] GC(1)   Evacuate Collection Set: 5,8ms
[2020-11-24T19:21:55.581-0300][gc,phases    ] GC(1)   Post Evacuate Collection Set: 0,3ms
[2020-11-24T19:21:55.581-0300][gc,phases    ] GC(1)   Other: 0,3ms
[2020-11-24T19:21:55.581-0300][gc,heap      ] GC(1) Eden regions: 21->0(24)
[2020-11-24T19:21:55.581-0300][gc,heap      ] GC(1) Survivor regions: 4->1(4)
[2020-11-24T19:21:55.581-0300][gc,heap      ] GC(1) Old regions: 2->6
[2020-11-24T19:21:55.581-0300][gc,heap      ] GC(1) Humongous regions: 0->0
[2020-11-24T19:21:55.581-0300][gc,metaspace ] GC(1) Metaspace: 16113K->16113K(1064960K)
[2020-11-24T19:21:55.581-0300][gc           ] GC(1) Pause Young (Normal) (G1 Evacuation Pause) 26M->6M(512M) 6,456ms
[2020-11-24T19:21:55.581-0300][gc,cpu       ] GC(1) User=0,04s Sys=0,01s Real=0,00s
[2020-11-25T05:35:13.791-0300][gc,start     ] GC(2) Pause Young (Normal) (G1 Evacuation Pause)
[2020-11-25T05:35:13.791-0300][gc,task      ] GC(2) Using 8 workers of 8 for evacuation
[2020-11-25T05:35:13.795-0300][gc,phases    ] GC(2)   Pre Evacuate Collection Set: 0,0ms
[2020-11-25T05:35:13.795-0300][gc,phases    ] GC(2)   Evacuate Collection Set: 2,9ms
[2020-11-25T05:35:13.795-0300][gc,phases    ] GC(2)   Post Evacuate Collection Set: 0,6ms
[2020-11-25T05:35:13.795-0300][gc,phases    ] GC(2)   Other: 0,3ms
[2020-11-25T05:35:13.795-0300][gc,heap      ] GC(2) Eden regions: 24->0(24)
[2020-11-25T05:35:13.795-0300][gc,heap      ] GC(2) Survivor regions: 1->1(4)
[2020-11-25T05:35:13.795-0300][gc,heap      ] GC(2) Old regions: 6->6
[2020-11-25T05:35:13.795-0300][gc,heap      ] GC(2) Humongous regions: 0->0
[2020-11-25T05:35:13.795-0300][gc,metaspace ] GC(2) Metaspace: 16123K->16123K(1064960K)
[2020-11-25T05:35:13.795-0300][gc           ] GC(2) Pause Young (Normal) (G1 Evacuation Pause) 30M->6M(512M) 4,023ms
[2020-11-25T05:35:13.795-0300][gc,cpu       ] GC(2) User=0,01s Sys=0,01s Real=0,01s
[2020-11-25T15:36:13.723-0300][gc,start     ] GC(3) Pause Young (Normal) (G1 Evacuation Pause)
[2020-11-25T15:36:13.724-0300][gc,task      ] GC(3) Using 8 workers of 8 for evacuation
[2020-11-25T15:36:13.725-0300][gc,phases    ] GC(3)   Pre Evacuate Collection Set: 0,0ms
[2020-11-25T15:36:13.726-0300][gc,phases    ] GC(3)   Evacuate Collection Set: 1,1ms
[2020-11-25T15:36:13.726-0300][gc,phases    ] GC(3)   Post Evacuate Collection Set: 0,6ms
[2020-11-25T15:36:13.726-0300][gc,phases    ] GC(3)   Other: 0,3ms
[2020-11-25T15:36:13.726-0300][gc,heap      ] GC(3) Eden regions: 24->0(24)
[2020-11-25T15:36:13.726-0300][gc,heap      ] GC(3) Survivor regions: 1->1(4)
[2020-11-25T15:36:13.726-0300][gc,heap      ] GC(3) Old regions: 6->6
[2020-11-25T15:36:13.726-0300][gc,heap      ] GC(3) Humongous regions: 0->0
[2020-11-25T15:36:13.726-0300][gc,metaspace ] GC(3) Metaspace: 16138K->16138K(1064960K)
[2020-11-25T15:36:13.726-0300][gc           ] GC(3) Pause Young (Normal) (G1 Evacuation Pause) 30M->6M(512M) 2,270ms
[2020-11-25T15:36:13.726-0300][gc,cpu       ] GC(3) User=0,01s Sys=0,00s Real=0,00s
[2020-11-26T01:12:51.483-0300][gc,start     ] GC(4) Pause Young (Normal) (G1 Evacuation Pause)
[2020-11-26T01:12:51.483-0300][gc,task      ] GC(4) Using 8 workers of 8 for evacuation
[2020-11-26T01:12:51.487-0300][gc,phases    ] GC(4)   Pre Evacuate Collection Set: 0,0ms
[2020-11-26T01:12:51.487-0300][gc,phases    ] GC(4)   Evacuate Collection Set: 3,5ms
[2020-11-26T01:12:51.487-0300][gc,phases    ] GC(4)   Post Evacuate Collection Set: 0,7ms
[2020-11-26T01:12:51.487-0300][gc,phases    ] GC(4)   Other: 0,3ms
[2020-11-26T01:12:51.487-0300][gc,heap      ] GC(4) Eden regions: 24->0(24)
[2020-11-26T01:12:51.487-0300][gc,heap      ] GC(4) Survivor regions: 1->1(4)
[2020-11-26T01:12:51.487-0300][gc,heap      ] GC(4) Old regions: 6->6
[2020-11-26T01:12:51.487-0300][gc,heap      ] GC(4) Humongous regions: 0->0
[2020-11-26T01:12:51.487-0300][gc,metaspace ] GC(4) Metaspace: 16148K->16148K(1064960K)
[2020-11-26T01:12:51.487-0300][gc           ] GC(4) Pause Young (Normal) (G1 Evacuation Pause) 30M->6M(512M) 4,678ms
[2020-11-26T01:12:51.487-0300][gc,cpu       ] GC(4) User=0,03s Sys=0,00s Real=0,01s
[2020-11-26T11:36:56.121-0300][gc,start     ] GC(5) Pause Young (Normal) (G1 Evacuation Pause)
[2020-11-26T11:36:56.121-0300][gc,task      ] GC(5) Using 8 workers of 8 for evacuation
[2020-11-26T11:36:56.123-0300][gc,phases    ] GC(5)   Pre Evacuate Collection Set: 0,0ms
[2020-11-26T11:36:56.123-0300][gc,phases    ] GC(5)   Evacuate Collection Set: 1,1ms
[2020-11-26T11:36:56.123-0300][gc,phases    ] GC(5)   Post Evacuate Collection Set: 0,6ms
[2020-11-26T11:36:56.123-0300][gc,phases    ] GC(5)   Other: 0,3ms
[2020-11-26T11:36:56.123-0300][gc,heap      ] GC(5) Eden regions: 24->0(27)
[2020-11-26T11:36:56.123-0300][gc,heap      ] GC(5) Survivor regions: 1->1(4)
[2020-11-26T11:36:56.123-0300][gc,heap      ] GC(5) Old regions: 6->6
[2020-11-26T11:36:56.123-0300][gc,heap      ] GC(5) Humongous regions: 0->0
[2020-11-26T11:36:56.123-0300][gc,metaspace ] GC(5) Metaspace: 16148K->16148K(1064960K)
[2020-11-26T11:36:56.123-0300][gc           ] GC(5) Pause Young (Normal) (G1 Evacuation Pause) 30M->6M(512M) 2,225ms
[2020-11-26T11:36:56.123-0300][gc,cpu       ] GC(5) User=0,01s Sys=0,00s Real=0,00s
[2020-11-26T23:28:10.647-0300][gc,start     ] GC(6) Pause Young (Normal) (G1 Evacuation Pause)
[2020-11-26T23:28:10.647-0300][gc,task      ] GC(6) Using 8 workers of 8 for evacuation
[2020-11-26T23:28:10.649-0300][gc,phases    ] GC(6)   Pre Evacuate Collection Set: 0,0ms
[2020-11-26T23:28:10.649-0300][gc,phases    ] GC(6)   Evacuate Collection Set: 1,1ms
[2020-11-26T23:28:10.649-0300][gc,phases    ] GC(6)   Post Evacuate Collection Set: 0,7ms
[2020-11-26T23:28:10.649-0300][gc,phases    ] GC(6)   Other: 0,3ms
[2020-11-26T23:28:10.649-0300][gc,heap      ] GC(6) Eden regions: 27->0(29)
[2020-11-26T23:28:10.649-0300][gc,heap      ] GC(6) Survivor regions: 1->1(4)
[2020-11-26T23:28:10.649-0300][gc,heap      ] GC(6) Old regions: 6->6
[2020-11-26T23:28:10.649-0300][gc,heap      ] GC(6) Humongous regions: 0->0
[2020-11-26T23:28:10.649-0300][gc,metaspace ] GC(6) Metaspace: 16150K->16150K(1064960K)
[2020-11-26T23:28:10.649-0300][gc           ] GC(6) Pause Young (Normal) (G1 Evacuation Pause) 33M->6M(512M) 2,324ms
[2020-11-26T23:28:10.649-0300][gc,cpu       ] GC(6) User=0,00s Sys=0,01s Real=0,00s
[2020-11-27T08:08:42.794-0300][gc,heap,exit ] Heap
[2020-11-27T08:08:42.794-0300][gc,heap,exit ]  garbage-first heap   total 524288K, used 26775K [0x00000000e0000000, 0x0000000100000000)
[2020-11-27T08:08:42.794-0300][gc,heap,exit ]   region size 1024K, 22 young (22528K), 1 survivors (1024K)
[2020-11-27T08:08:42.794-0300][gc,heap,exit ]  Metaspace       used 16161K, capacity 16531K, committed 16896K, reserved 1064960K
[2020-11-27T08:08:42.794-0300][gc,heap,exit ]   class space    used 1594K, capacity 1719K, committed 1792K, reserved 1048576K
