[2020-11-23T18:26:46.297-0300][gc,heap] Heap region size: 1M
[2020-11-23T18:26:46.300-0300][gc     ] Using G1
[2020-11-23T18:26:46.300-0300][gc,heap,coops] Heap address: 0x00000000e0000000, size: 512 MB, Compressed Oops mode: 32-bit
[2020-11-23T18:26:51.237-0300][gc,start     ] GC(0) Pause Young (Normal) (G1 Evacuation Pause)
[2020-11-23T18:26:51.239-0300][gc,task      ] GC(0) Using 8 workers of 8 for evacuation
[2020-11-23T18:26:51.247-0300][gc,phases    ] GC(0)   Pre Evacuate Collection Set: 0,0ms
[2020-11-23T18:26:51.247-0300][gc,phases    ] GC(0)   Evacuate Collection Set: 6,8ms
[2020-11-23T18:26:51.247-0300][gc,phases    ] GC(0)   Post Evacuate Collection Set: 0,4ms
[2020-11-23T18:26:51.247-0300][gc,phases    ] GC(0)   Other: 2,4ms
[2020-11-23T18:26:51.247-0300][gc,heap      ] GC(0) Eden regions: 25->0(21)
[2020-11-23T18:26:51.247-0300][gc,heap      ] GC(0) Survivor regions: 0->4(4)
[2020-11-23T18:26:51.247-0300][gc,heap      ] GC(0) Old regions: 0->2
[2020-11-23T18:26:51.247-0300][gc,heap      ] GC(0) Humongous regions: 0->0
[2020-11-23T18:26:51.247-0300][gc,metaspace ] GC(0) Metaspace: 15297K->15297K(1062912K)
[2020-11-23T18:26:51.247-0300][gc           ] GC(0) Pause Young (Normal) (G1 Evacuation Pause) 25M->5M(512M) 9,626ms
[2020-11-23T18:26:51.247-0300][gc,cpu       ] GC(0) User=0,05s Sys=0,00s Real=0,01s
[2020-11-23T18:26:51.248-0300][gc,heap,exit ] Heap
[2020-11-23T18:26:51.248-0300][gc,heap,exit ]  garbage-first heap   total 524288K, used 5679K [0x00000000e0000000, 0x0000000100000000)
[2020-11-23T18:26:51.248-0300][gc,heap,exit ]   region size 1024K, 5 young (5120K), 4 survivors (4096K)
[2020-11-23T18:26:51.248-0300][gc,heap,exit ]  Metaspace       used 15308K, capacity 15730K, committed 15872K, reserved 1062912K
[2020-11-23T18:26:51.248-0300][gc,heap,exit ]   class space    used 1555K, capacity 1687K, committed 1792K, reserved 1048576K
